11-25 21:59:14.739  1308  1308 I WifiHAL : index: 13 per_rate_size 32, data_rem_len 736
11-25 21:59:14.739  1308  1308 I WifiHAL : index: 14 per_rate_size 32, data_rem_len 704
11-25 21:59:14.739  1308  1308 I WifiHAL : index: 15 per_rate_size 32, data_rem_len 672
11-25 21:59:14.739  1308  1308 I WifiHAL : index: 16 per_rate_size 32, data_rem_len 640
11-25 21:59:14.739  1308  1308 I WifiHAL : index: 17 per_rate_size 32, data_rem_len 608
11-25 21:59:14.739  1308  1308 I WifiHAL : index: 18 per_rate_size 32, data_rem_len 576
11-25 21:59:14.739  1308  1308 I WifiHAL : index: 19 per_rate_size 32, data_rem_len 544
11-25 21:59:14.739  1308  1308 I WifiHAL : index: 20 per_rate_size 32, data_rem_len 512
11-25 21:59:14.739  1308  1308 I WifiHAL : index: 21 per_rate_size 32, data_rem_len 480
11-25 21:59:14.739  1308  1308 I WifiHAL : index: 22 per_rate_size 32, data_rem_len 448
11-25 21:59:14.739  1308  1308 I WifiHAL : index: 23 per_rate_size 32, data_rem_len 416
11-25 21:59:14.739  1308  1308 I WifiHAL : index: 24 per_rate_size 32, data_rem_len 384
11-25 21:59:14.739  1308  1308 I WifiHAL : index: 25 per_rate_size 32, data_rem_len 352
11-25 21:59:14.739  1308  1308 I WifiHAL : index: 26 per_rate_size 32, data_rem_len 320
11-25 21:59:14.739  1308  1308 I WifiHAL : index: 27 per_rate_size 32, data_rem_len 288
11-25 21:59:14.739  1308  1308 I WifiHAL : index: 28 per_rate_size 32, data_rem_len 256
11-25 21:59:14.739  1308  1308 I WifiHAL : index: 29 per_rate_size 32, data_rem_len 224
11-25 21:59:14.739  1308  1308 I WifiHAL : index: 30 per_rate_size 32, data_rem_len 192
11-25 21:59:14.740  1308  1308 I WifiHAL : index: 31 per_rate_size 32, data_rem_len 160
11-25 21:59:14.740  1308  1308 I WifiHAL : index: 32 per_rate_size 32, data_rem_len 128
11-25 21:59:14.740  1308  1308 I WifiHAL : index: 33 per_rate_size 32, data_rem_len 96
11-25 21:59:14.740  1308  1308 I WifiHAL : index: 34 per_rate_size 32, data_rem_len 64
11-25 21:59:14.740  1308  1308 I WifiHAL : index: 35 per_rate_size 32, data_rem_len 32
11-25 21:59:14.740  1308  1308 E libbinder.IPCThreadState: binder thread pool (1 threads) starved for 147 ms
11-25 21:59:14.743  1308  1308 I WifiHAL : Getting cached scan results, iface handle = 0xb400007434aca650
11-25 21:59:14.743  1308  1308 E WifiHAL : Creating message to get cached scan results
11-25 21:59:14.757  1308  1308 I WifiHAL : In GetCachedScanResultsCommand::handleResponse
11-25 21:59:14.826  1734  2436 D ConnectivityService: NetReassign [no changes] [c 4] [a 2] [i 6]
11-25 21:59:14.890  1476  1476 D AOC     : A3:MSG: vsc_controller.cc, 584: VSC: [Step Counter] requestSensorEvents: sensor 0x20002, period=18446744073709 latency
11-25 21:59:14.891  1476  1476 D AOC     : A3:MSG: usf_sensor.cc, 1784: USF: Received start sampling request for ICM45631 Motion Detect (active:3).
11-25 21:59:14.893  1476  1476 D AOC     : A3:MSG: vsc_controller.cc, 602: VSC: [Step Counter] stopSensorEvents: sensor 0x10001
11-25 21:59:14.893  1476  1476 D AOC     : A3:MSG: usf_sensor.cc, 1792: USF: Received stop sampling request for ICM45631 Accelerometer (active:5).
11-25 21:59:14.899  2880  2880 I NotificationListener: received notification removed event - com.internet.speed.meter#UserHandle{0},category=-1
11-25 21:59:14.902  4338  5643 I AiAiEcho: SmartspaceNotificationPredictor no parser can handle this notification or notification is invalid
11-25 21:59:14.923  2534  2534 I SsBaseTemplateCard: setFormattedContentDescription: text=Clear day, iconDescription=Clear day, contentDescription=Clear day Clear day
11-25 21:59:14.923  2534  2534 D SsBaseTemplateCard: Passed-in item info is null
11-25 21:59:14.923  2534  2534 D SsBaseTemplateCard: Passed-in item info is null
11-25 21:59:14.923  1267  1323 I CHRE    : @ 88645.736: [WallabyPD] 	Device (0x21)  >>> stationary faceup - not-in-pocket <<< Config: Default FCN 
11-25 21:59:14.923  1267  1323 I CHRE    : @ 88645.736: [Wallaby] PocketEvent Pos: 0x21 -> 0x21, IsHostAwake: 1
11-25 21:59:15.835  1272  1272 W TracingMuxer: type=1400 audit(0.0:9088): avc:  denied  { write } for  name="traced_producer" dev="tmpfs" ino=1290 scontext=u:r:hal_neuralnetworks_darwinn:s0 tcontext=u:object_r:traced_producer_socket:s0 tclass=sock_file permissive=0
11-25 21:59:15.910  2880  2880 I NotificationListener: received notification removed event - com.internet.speed.meter#UserHandle{0},category=-1
11-25 21:59:15.916  4338  5643 I AiAiEcho: SmartspaceNotificationPredictor no parser can handle this notification or notification is invalid
11-25 21:59:15.923  2534  2534 I SsBaseTemplateCard: setFormattedContentDescription: text=Clear day, iconDescription=Clear day, contentDescription=Clear day Clear day
11-25 21:59:15.923  2534  2534 D SsBaseTemplateCard: Passed-in item info is null
11-25 21:59:15.923  2534  2534 D SsBaseTemplateCard: Passed-in item info is null
11-25 21:59:15.943  1267  1323 I CHRE    : @ 88646.755: [WallabyPD] 	Device (0x21)  >>> stationary faceup - not-in-pocket <<< Config: Default FCN 
11-25 21:59:15.944  1267  1323 I CHRE    : @ 88646.755: [Wallaby] PocketEvent Pos: 0x21 -> 0x21, IsHostAwake: 1
11-25 21:59:16.490  2706  2917 D TemperatureStateSource: sequence=4326 actualDelay=10001
11-25 21:59:16.490  2706  2917 D TemperatureStateSource: Reading temperature: sequence=4327
11-25 21:59:16.496 18934 18934 I pixel-thermal: VIRTUAL-SKIN-MODEL: model_input: [29212.00 31883.00 29479.00 30793.00 30481.00 30971.00 32240.00 29212.00 ]
11-25 21:59:16.496 18934 18934 I native  : I0000 00:00:1764088156.496257   18934 thermal_tflite_wrapper.cc:261] ThermalTfliteInvoke
11-25 21:59:16.496 18934 18934 I pixel-thermal: VIRTUAL-SKIN-MODEL: model_output: [30257.5 ]
11-25 21:59:16.496 18934 18934 I pixel-thermal: VIRTUAL-SKIN-MODEL: predicted_value: [30257.5 ]
11-25 21:59:16.496 18934 18934 I pixel-thermal: Power data LPM_ACTIVE_RAILS_TRANS is under collecting
11-25 21:59:16.496 18934 18934 I pixel-thermal: ShutdownModePowerTrans data is under collecting
11-25 21:59:16.496 18934 18934 I pixel-thermal: Thermal sensor ShutdownModePowerTrans is under collecting
11-25 21:59:16.496 18934 18934 I pixel-thermal: Power data LPM_ACTIVE_RAILS_STEADY is under collecting
11-25 21:59:16.496 18934 18934 I pixel-thermal: ShutdownModePowerSteady data is under collecting
11-25 21:59:16.496 18934 18934 I pixel-thermal: Thermal sensor ShutdownModePowerSteady is under collecting
11-25 21:59:16.497 18934 18934 I pixel-thermal: VIRTUAL-SKIN:30.2397 raw data: VIRTUAL-SKIN:30239.7 VIRTUAL-SKIN-LEGACY:29754.3 VIRTUAL-SKIN-LEGACY-MODEL-DIFF:-503.223 VIRTUAL-SKIN-LEGACY-SHUTDOWN:0 VIRTUAL-SKIN-MODEL:30257.5 VIRTUAL-SKIN-MODEL-CLAMPED:30257.5 VIRTUAL-SKIN-MODEL-LEGACY-DIFF:503.223 VIRTUAL-SKIN-MODEL-UPDATED:30239.7 VIRTUAL-SKIN-MODEL-UPPER-CLAMPED:30257.5 VIRTUAL-SKIN-SUB-0:29754.3 VIRTUAL-SKIN-SUB-1:29139 VIRTUAL-SKIN-SUB-2:28104.3 VIRTUAL-SKIN-SUB-3:29736.5 VIRTUAL-SKIN-SUB-4:29697.5 VIRTUAL-SKIN-SUB-5:28704.6 VIRTUAL-SKIN-SUB-6:29734.7 VT_LEGACY_WEIGHT:0 VT_MODEL_WEIGHT:1 btmspkr_therm:29212 charging_therm:31883 disp_therm:29479 north_therm:30793 quiet_therm:30481 rfpa_therm:30971 soc_therm:32240 usb_pwr_therm:29212 
11-25 21:59:16.498  2706  2917 D TemperatureStateSource: getDeviceTemperatures: sequence=4327 deviceTemperatureType=3 temperatureSource=0 temperatures=[30.239744]
11-25 21:59:16.498  2706  2917 D BusinessScope: Enqueuing the block
11-25 21:59:16.498  2706  4040 D BusinessScope: Start running the #9122 block
11-25 21:59:16.499  2706  4040 D BusinessScope: Enqueuing the block
11-25 21:59:16.499  2706  4040 D ImpulseStateSource: Notify clients: 4560
11-25 21:59:16.499  2706  4040 D BusinessScope: Finish running the #9122 block
11-25 21:59:16.499  2706  4040 D BusinessScope: Start running the #9123 block
11-25 21:59:16.499  2706  4040 D BusinessScope: Finish running the #9123 block
11-25 21:59:16.503  2706  2917 D TemperatureStateSource: sequence=4327 waitTime=10000
11-25 21:59:16.964  1267  1323 I CHRE    : @ 88647.775: [WallabyPD] 	Device (0x21)  >>> stationary faceup - not-in-pocket <<< Config: Default FCN 
11-25 21:59:16.964  1267  1323 I CHRE    : @ 88647.775: [Wallaby] PocketEvent Pos: 0x21 -> 0x21, IsHostAwake: 1
11-25 21:59:17.658  1267  1323 I CHRE    : @ 88648.465: [WallabyPD] 	Device (0x21)  >>> stationary faceup - not-in-pocket <<< Config: Default FCN 
11-25 21:59:17.658  1267  1323 I CHRE    : @ 88648.465: [Wallaby] PocketEvent Pos: 0x21 -> 0x21, IsHostAwake: 1
11-25 21:59:17.816  1308  1308 I WifiHAL : Creating message to get link statistics; iface = 47
11-25 21:59:17.927  2880  2880 I NotificationListener: received notification removed event - com.internet.speed.meter#UserHandle{0},category=-1
11-25 21:59:17.928  4338  5643 I AiAiEcho: SmartspaceNotificationPredictor no parser can handle this notification or notification is invalid
11-25 21:59:17.955  2534  2534 I SsBaseTemplateCard: setFormattedContentDescription: text=Clear day, iconDescription=Clear day, contentDescription=Clear day Clear day
11-25 21:59:17.955  2534  2534 D SsBaseTemplateCard: Passed-in item info is null
11-25 21:59:17.955  2534  2534 D SsBaseTemplateCard: Passed-in item info is null
11-25 21:59:17.975  1308  1308 I WifiHAL : index: 0 per_rate_size 32, data_rem_len 1152
11-25 21:59:17.975  1308  1308 I WifiHAL : index: 1 per_rate_size 32, data_rem_len 1120
11-25 21:59:17.975  1308  1308 I WifiHAL : index: 2 per_rate_size 32, data_rem_len 1088
11-25 21:59:17.975  1308  1308 I WifiHAL : index: 3 per_rate_size 32, data_rem_len 1056
11-25 21:59:17.975  1308  1308 I WifiHAL : index: 4 per_rate_size 32, data_rem_len 1024
11-25 21:59:17.975  1308  1308 I WifiHAL : index: 5 per_rate_size 32, data_rem_len 992
11-25 21:59:17.975  1308  1308 I WifiHAL : index: 6 per_rate_size 32, data_rem_len 960
11-25 21:59:17.975  1308  1308 I WifiHAL : index: 7 per_rate_size 32, data_rem_len 928
11-25 21:59:17.975  1308  1308 I WifiHAL : index: 8 per_rate_size 32, data_rem_len 896
11-25 21:59:17.975  1308  1308 I WifiHAL : index: 9 per_rate_size 32, data_rem_len 864
11-25 21:59:17.975  1308  1308 I WifiHAL : index: 10 per_rate_size 32, data_rem_len 832
11-25 21:59:17.975  1308  1308 I WifiHAL : index: 11 per_rate_size 32, data_rem_len 800
11-25 21:59:17.975  1308  1308 I WifiHAL : index: 12 per_rate_size 32, data_rem_len 768
11-25 21:59:17.975  1308  1308 I WifiHAL : index: 13 per_rate_size 32, data_rem_len 736
11-25 21:59:17.975  1308  1308 I WifiHAL : index: 14 per_rate_size 32, data_rem_len 704
11-25 21:59:17.975  1308  1308 I WifiHAL : index: 15 per_rate_size 32, data_rem_len 672
11-25 21:59:17.975  1308  1308 I WifiHAL : index: 16 per_rate_size 32, data_rem_len 640
11-25 21:59:17.975  1308  1308 I WifiHAL : index: 17 per_rate_size 32, data_rem_len 608
11-25 21:59:17.975  1308  1308 I WifiHAL : index: 18 per_rate_size 32, data_rem_len 576
11-25 21:59:17.975  1308  1308 I WifiHAL : index: 19 per_rate_size 32, data_rem_len 544
11-25 21:59:17.975  1308  1308 I WifiHAL : index: 20 per_rate_size 32, data_rem_len 512
11-25 21:59:17.975  1308  1308 I WifiHAL : index: 21 per_rate_size 32, data_rem_len 480
11-25 21:59:17.975  1308  1308 I WifiHAL : index: 22 per_rate_size 32, data_rem_len 448
11-25 21:59:17.975  1308  1308 I WifiHAL : index: 23 per_rate_size 32, data_rem_len 416
11-25 21:59:17.975  1308  1308 I WifiHAL : index: 24 per_rate_size 32, data_rem_len 384
11-25 21:59:17.975  1308  1308 I WifiHAL : index: 25 per_rate_size 32, data_rem_len 352
11-25 21:59:17.975  1308  1308 I WifiHAL : index: 26 per_rate_size 32, data_rem_len 320
11-25 21:59:17.975  1308  1308 I WifiHAL : index: 27 per_rate_size 32, data_rem_len 288
11-25 21:59:17.975  1308  1308 I WifiHAL : index: 28 per_rate_size 32, data_rem_len 256
11-25 21:59:17.975  1308  1308 I WifiHAL : index: 29 per_rate_size 32, data_rem_len 224
11-25 21:59:17.975  1308  1308 I WifiHAL : index: 30 per_rate_size 32, data_rem_len 192
11-25 21:59:17.975  1308  1308 I WifiHAL : index: 31 per_rate_size 32, data_rem_len 160
11-25 21:59:17.975  1308  1308 I WifiHAL : index: 32 per_rate_size 32, data_rem_len 128
11-25 21:59:17.975  1308  1308 I WifiHAL : index: 33 per_rate_size 32, data_rem_len 96
11-25 21:59:17.976  1308  1308 I WifiHAL : index: 34 per_rate_size 32, data_rem_len 64
11-25 21:59:17.976  1308  1308 I WifiHAL : index: 35 per_rate_size 32, data_rem_len 32
11-25 21:59:17.976  1308  1308 E libbinder.IPCThreadState: binder thread pool (1 threads) starved for 160 ms
11-25 21:59:17.978  1308  1308 I WifiHAL : Getting cached scan results, iface handle = 0xb400007434aca650
11-25 21:59:17.978  1308  1308 E WifiHAL : Creating message to get cached scan results
11-25 21:59:17.986  1267  1323 I CHRE    : @ 88648.798: [WallabyPD] 	Device (0x21)  >>> stationary faceup - not-in-pocket <<< Config: Default FCN 
11-25 21:59:17.986  1267  1323 I CHRE    : @ 88648.798: [Wallaby] PocketEvent Pos: 0x21 -> 0x21, IsHostAwake: 1
11-25 21:59:17.995  1308  1308 I WifiHAL : In GetCachedScanResultsCommand::handleResponse
11-25 21:59:18.062  1734  2436 D ConnectivityService: NetReassign [no changes] [c 4] [a 3] [i 6]
11-25 21:59:18.465  1476  1476 D AOC     : A3:MSG: vsc_controller.cc, 584: VSC: [Significant Motion] requestSensorEvents: sensor 0x20002, period=18446744073709 l
11-25 21:59:18.466  1476  1476 D AOC     : A3:MSG: vsc_controller.cc, 602: VSC: [Significant Motion] stopSensorEvents: sensor 0x10001
11-25 21:59:18.467  1476  1476 D AOC     : A3:MSG: usf_sensor.cc, 1784: USF: Received start sampling request for ICM45631 Accelerometer (active:6).
11-25 21:59:18.467  1476  1476 D AOC     : A3:MSG: icm456xy_device.cc, 414: USF: Icm456xyDevice: Sensor 0, period 10000000 ns, latency 66666666 ns.
11-25 21:59:18.468  1476  1476 D AOC     : A3:MSG: icm456xy_device.cc, 1369: USF: Icm456xyDevice: FIFO enabled: 1, ODR: 100, WM: 6, Intr: 17.
11-25 21:59:18.938  2880  2880 I NotificationListener: received notification removed event - com.internet.speed.meter#UserHandle{0},category=-1
11-25 21:59:18.943  4338  5643 I AiAiEcho: SmartspaceNotificationPredictor no parser can handle this notification or notification is invalid
11-25 21:59:18.958  2534  2534 I SsBaseTemplateCard: setFormattedContentDescription: text=Clear day, iconDescription=Clear day, contentDescription=Clear day Clear day
11-25 21:59:18.958  2534  2534 D SsBaseTemplateCard: Passed-in item info is null
11-25 21:59:18.958  2534  2534 D SsBaseTemplateCard: Passed-in item info is null
11-25 21:59:19.005  1267  1323 I CHRE    : @ 88649.817: [WallabyPD] 	Device (0x21)  >>> stationary faceup - not-in-pocket <<< Config: Default FCN 
11-25 21:59:19.005  1267  1323 I CHRE    : @ 88649.817: [Wallaby] PocketEvent Pos: 0x21 -> 0x21, IsHostAwake: 1
11-25 21:59:19.391   502   595 I hwc-display: Display Temperature : 29C
11-25 21:59:19.484  1476  1476 D AOC     : A3:MSG: usf_sensor.cc, 1784: USF: Received start sampling request for TMD3733 Proximity (active:2).
11-25 21:59:19.484  1476  1476 D AOC     : A3:MSG: tmd3733_sensor.cc, 286: USF: TMD3733: Report new active state:0
11-25 21:59:19.485  1476  1476 D AOC     : A3:MSG: tmd3733_device.cc, 350: USF: TMD3733: StopSampling(type:0 err:0): client_count P/A+fakeA/F:0/1+1/0
11-25 21:59:19.485  1282  1328 I usf_sensor_hal: Received REPORT_SENSOR_ACTIVE_STATE_CHANGES event from 'TMD3733 Proximity' with state:kInactive and desired fps:0!
11-25 21:59:19.486   502   561 D hwc-display: setMinIdleRefreshRate requester 0, fps 0
11-25 21:59:19.486   502   561 I hwc-display: ExynosPrimaryDisplay::setMinIdleRefreshRate() writes min_vrefresh(0) to the sysfs node
11-25 21:59:19.486  1267  1323 I CHRE    : @ 88650.296: [vice_ambient_light] OnAmbientLightTimerExpired: Sample timer expired
11-25 21:59:19.487   502   561 I hwc-display: setRefreshRateThrottleNanos() requester(0) set delay to 0ns
11-25 21:59:19.487   502   561 I hwc-display: setDisplayIdleDelayNanos() writes idle_delay_ms(0) to the sysfs node (0x0)
11-25 21:59:19.628  1291  2370 D AidlBufferPool: bufferpool2 0xb40000746657ca18 : 5(9319880 size) total buffers - 4(7455904 size) used buffers - 9527/9549 (recycle/alloc) - 165/9545 (fetch/transfer)
11-25 21:59:19.628  1291  2370 D AidlBufferPoolAcc: evictor expired: 1, evicted: 1
11-25 21:59:19.751  1475  1475 W TracingMuxer: type=1400 audit(0.0:9089): avc:  denied  { write } for  name="traced_producer" dev="tmpfs" ino=1290 scontext=u:r:gxp_logging:s0 tcontext=u:object_r:traced_producer_socket:s0 tclass=sock_file permissive=0
11-25 21:59:20.027  1267  1323 I CHRE    : @ 88650.838: [WallabyPD] 	Device (0x21)  >>> stationary faceup - not-in-pocket <<< Config: Default FCN 
11-25 21:59:20.027  1267  1323 I CHRE    : @ 88650.838: [Wallaby] PocketEvent Pos: 0x21 -> 0x21, IsHostAwake: 1
11-25 21:59:20.894  1267  1323 I CHRE    : @ 88651.703: [WallabyPD] 	Device (0x21)  >>> stationary faceup - not-in-pocket <<< Config: Default FCN 
11-25 21:59:20.894  1267  1323 I CHRE    : @ 88651.703: [Wallaby] PocketEvent Pos: 0x21 -> 0x21, IsHostAwake: 1
11-25 21:59:20.956  2880  2880 I NotificationListener: received notification removed event - com.internet.speed.meter#UserHandle{0},category=-1
11-25 21:59:20.963  4338  5643 I AiAiEcho: SmartspaceNotificationPredictor no parser can handle this notification or notification is invalid
11-25 21:59:20.975  2534  2534 I SsBaseTemplateCard: setFormattedContentDescription: text=Clear day, iconDescription=Clear day, contentDescription=Clear day Clear day
11-25 21:59:20.976  2534  2534 D SsBaseTemplateCard: Passed-in item info is null
11-25 21:59:20.976  2534  2534 D SsBaseTemplateCard: Passed-in item info is null
11-25 21:59:20.980   499   592 D DisplayModeController: setDesiredMode 4619827677550801152 {mode={fps=120.00 Hz, modePtr={id=1, vsyncRate=120.00 Hz, peakRefreshRate=120.00 Hz}}, emitEvent=true, force=false}
11-25 21:59:20.983   502   561 D hwc-display: setActiveConfigWithConstraints:: PrimaryDisplay config(37) test(0)
11-25 21:59:20.983   502   561 I hwc-display: [PrimaryDisplay] setActiveConfigWithConstraints: config(37)
11-25 21:59:21.008  1476  1476 D AOC     : A3:MSG: tmd3733_device.cc, 3186: USF: TMD3733: vsync_delay_usec: 4000
11-25 21:59:21.013 26759 26866 D AidlBufferPool: bufferpool2 0x20000758af2f798 : 0(0 size) total buffers - 0(0 size) used buffers - 0/0 (recycle/alloc) - 0/0 (fetch/transfer)
11-25 21:59:21.014  1291  1851 W samsung.hardware.media.c2@1.2-service: AIBinder_linkToDeath is being called with a non-null cookie and no onUnlink callback set. This might not be intended. AIBinder_DeathRecipient_setOnUnlinked should be called first.
11-25 21:59:21.044  1267  1323 I CHRE    : @ 88651.856: [WallabyPD] 	Device (0x21)  >>> stationary faceup - not-in-pocket <<< Config: Default FCN 
11-25 21:59:21.044  1267  1323 I CHRE    : @ 88651.857: [Wallaby] PocketEvent Pos: 0x21 -> 0x21, IsHostAwake: 1
11-25 21:59:21.049  1308  1308 I WifiHAL : Creating message to get link statistics; iface = 47
11-25 21:59:21.140  1308  1308 I WifiHAL : index: 0 per_rate_size 32, data_rem_len 1152
11-25 21:59:21.141  1308  1308 I WifiHAL : index: 1 per_rate_size 32, data_rem_len 1120
11-25 21:59:21.141  1308  1308 I WifiHAL : index: 2 per_rate_size 32, data_rem_len 1088
11-25 21:59:21.141  1308  1308 I WifiHAL : index: 3 per_rate_size 32, data_rem_len 1056
11-25 21:59:21.141  1308  1308 I WifiHAL : index: 4 per_rate_size 32, data_rem_len 1024
11-25 21:59:21.141  1308  1308 I WifiHAL : index: 5 per_rate_size 32, data_rem_len 992
11-25 21:59:21.141  1308  1308 I WifiHAL : index: 6 per_rate_size 32, data_rem_len 960
11-25 21:59:21.141  1308  1308 I WifiHAL : index: 7 per_rate_size 32, data_rem_len 928
11-25 21:59:21.141  1308  1308 I WifiHAL : index: 8 per_rate_size 32, data_rem_len 896
11-25 21:59:21.141  1308  1308 I WifiHAL : index: 9 per_rate_size 32, data_rem_len 864
11-25 21:59:21.141  1308  1308 I WifiHAL : index: 10 per_rate_size 32, data_rem_len 832
11-25 21:59:21.141  1308  1308 I WifiHAL : index: 11 per_rate_size 32, data_rem_len 800
11-25 21:59:21.141  1308  1308 I WifiHAL : index: 12 per_rate_size 32, data_rem_len 768
11-25 21:59:21.141  1308  1308 I WifiHAL : index: 13 per_rate_size 32, data_rem_len 736
11-25 21:59:21.141  1308  1308 I WifiHAL : index: 14 per_rate_size 32, data_rem_len 704
11-25 21:59:21.141  1308  1308 I WifiHAL : index: 15 per_rate_size 32, data_rem_len 672
11-25 21:59:21.141  1308  1308 I WifiHAL : index: 16 per_rate_size 32, data_rem_len 640
11-25 21:59:21.141  1308  1308 I WifiHAL : index: 17 per_rate_size 32, data_rem_len 608
11-25 21:59:21.141  1308  1308 I WifiHAL : index: 18 per_rate_size 32, data_rem_len 576
11-25 21:59:21.141  1308  1308 I WifiHAL : index: 19 per_rate_size 32, data_rem_len 544
11-25 21:59:21.141  1308  1308 I WifiHAL : index: 20 per_rate_size 32, data_rem_len 512
11-25 21:59:21.141  1308  1308 I WifiHAL : index: 21 per_rate_size 32, data_rem_len 480
11-25 21:59:21.141  1308  1308 I WifiHAL : index: 22 per_rate_size 32, data_rem_len 448
11-25 21:59:21.141  1308  1308 I WifiHAL : index: 23 per_rate_size 32, data_rem_len 416
11-25 21:59:21.141  1308  1308 I WifiHAL : index: 24 per_rate_size 32, data_rem_len 384
11-25 21:59:21.141  1308  1308 I WifiHAL : index: 25 per_rate_size 32, data_rem_len 352
11-25 21:59:21.141  1308  1308 I WifiHAL : index: 26 per_rate_size 32, data_rem_len 320
11-25 21:59:21.141  1308  1308 I WifiHAL : index: 27 per_rate_size 32, data_rem_len 288
11-25 21:59:21.141  1308  1308 I WifiHAL : index: 28 per_rate_size 32, data_rem_len 256
11-25 21:59:21.141  1308  1308 I WifiHAL : index: 29 per_rate_size 32, data_rem_len 224
11-25 21:59:21.141  1308  1308 I WifiHAL : index: 30 per_rate_size 32, data_rem_len 192
11-25 21:59:21.141  1308  1308 I WifiHAL : index: 31 per_rate_size 32, data_rem_len 160
11-25 21:59:21.141  1308  1308 I WifiHAL : index: 32 per_rate_size 32, data_rem_len 128
11-25 21:59:21.141  1308  1308 I WifiHAL : index: 33 per_rate_size 32, data_rem_len 96
11-25 21:59:21.141  1308  1308 I WifiHAL : index: 34 per_rate_size 32, data_rem_len 64
11-25 21:59:21.141  1308  1308 I WifiHAL : index: 35 per_rate_size 32, data_rem_len 32
11-25 21:59:21.143  1308  3388 I WifiHAL : Getting cached scan results, iface handle = 0xb400007434aca650
11-25 21:59:21.143  1308  3388 E WifiHAL : Creating message to get cached scan results
11-25 21:59:21.148  1308  3388 I WifiHAL : In GetCachedScanResultsCommand::handleResponse
11-25 21:59:21.208  1734  2436 D ConnectivityService: NetReassign [no changes] [c 3] [a 3] [i 8]
11-25 21:59:21.969  2880  2880 I NotificationListener: received notification removed event - com.internet.speed.meter#UserHandle{0},category=-1
11-25 21:59:21.973  4338  5643 I AiAiEcho: SmartspaceNotificationPredictor no parser can handle this notification or notification is invalid
11-25 21:59:21.981   499   592 D DisplayModeController: setDesiredMode 4619827677550801152 {mode={fps=60.00 Hz, modePtr={id=0, vsyncRate=60.00 Hz, peakRefreshRate=60.00 Hz}}, emitEvent=false, force=false}
11-25 21:59:21.984   502 25581 D hwc-display: setActiveConfigWithConstraints:: PrimaryDisplay config(36) test(0)
11-25 21:59:21.984   502 25581 I hwc-display: [PrimaryDisplay] setActiveConfigWithConstraints: config(36)
11-25 21:59:21.984  2534  2534 I SsBaseTemplateCard: setFormattedContentDescription: text=Clear day, iconDescription=Clear day, contentDescription=Clear day Clear day
11-25 21:59:21.985  2534  2534 D SsBaseTemplateCard: Passed-in item info is null
11-25 21:59:21.985  2534  2534 D SsBaseTemplateCard: Passed-in item info is null
11-25 21:59:22.025  1476  1476 D AOC     : A3:MSG: tmd3733_device.cc, 3186: USF: TMD3733: vsync_delay_usec: 12120
11-25 21:59:22.063  1267  1323 I CHRE    : @ 88652.875: [WallabyPD] 	Device (0x21)  >>> stationary faceup - not-in-pocket <<< Config: Default FCN 
11-25 21:59:22.063  1267  1323 I CHRE    : @ 88652.876: [Wallaby] PocketEvent Pos: 0x21 -> 0x21, IsHostAwake: 1
11-25 21:59:22.447  3136  2994 I NearbyMediums: No BLE Fast/GATT advertisements found in the latest cycle.
11-25 21:59:22.447  3136  2994 I NearbyMediums: Current Tracked Scanning Clients are : {NearbyConnections.EnvironmentMonitor, NearbySharing}
11-25 21:59:22.982  2880  2880 I NotificationListener: received notification removed event - com.internet.speed.meter#UserHandle{0},category=-1
11-25 21:59:22.986  4338  5643 I AiAiEcho: SmartspaceNotificationPredictor no parser can handle this notification or notification is invalid
11-25 21:59:23.010  2534  2534 I SsBaseTemplateCard: setFormattedContentDescription: text=Clear day, iconDescription=Clear day, contentDescription=Clear day Clear day
11-25 21:59:23.010  2534  2534 D SsBaseTemplateCard: Passed-in item info is null
11-25 21:59:23.010  2534  2534 D SsBaseTemplateCard: Passed-in item info is null
11-25 21:59:23.014   499   592 D DisplayModeController: setDesiredMode 4619827677550801152 {mode={fps=120.00 Hz, modePtr={id=1, vsyncRate=120.00 Hz, peakRefreshRate=120.00 Hz}}, emitEvent=true, force=false}
11-25 21:59:23.016  2534  2534 W Choreographer: Frame time is 0.062083 ms in the future!  Check that graphics HAL is generating vsync timestamps using the correct timebase.
11-25 21:59:23.017   502   561 D hwc-display: setActiveConfigWithConstraints:: PrimaryDisplay config(37) test(0)
11-25 21:59:23.017   502   561 I hwc-display: [PrimaryDisplay] setActiveConfigWithConstraints: config(37)
11-25 21:59:23.028  1476  1476 D AOC     : A3:MSG: tmd3733_device.cc, 3186: USF: TMD3733: vsync_delay_usec: 4000
11-25 21:59:23.082  1267  1323 I CHRE    : @ 88653.895: [WallabyPD] 	Device (0x21)  >>> stationary faceup - not-in-pocket <<< Config: Default FCN 
11-25 21:59:23.082  1267  1323 I CHRE    : @ 88653.895: [Wallaby] PocketEvent Pos: 0x21 -> 0x21, IsHostAwake: 1
11-25 21:59:23.158  1444  1478 I WPKTRT  : process_address_event: fd7c:d415:9732:764e:ac6a:6cff:fee5:17d6 added to wlan0
11-25 21:59:23.158  1444  1478 I WPKTRT  : process_address_event: fd7c:d415:9732:764e:9aa3:dca4:a6ef:72b5 added to wlan0
11-25 21:59:23.163  2666  9857 W AlarmManager: Unrecognized alarm listener com.android.networkstack.android.net.ip.IpClientLinkObserver$Dhcp6PdPreferredPrefixAlarmListener@9f636ea
11-25 21:59:23.164  2666  9857 D ApfFilter: (wlan0): Adding RA fe80::cc2:3b93:6089:294 -> ff02::1 0s fd7c:d415:9732:764e::/64 1800s/1800s RIO 1800s fd95:8ce7:b92b::/64 
11-25 21:59:23.175  1308  3388 E WifiHAL : Setting APF program, halHandle = 0xb400007434aca650
11-25 21:59:23.175  1308  3388 E WifiHAL : Set apf filter for iface = wlan0
11-25 21:59:23.175  1308  3388 I WifiHAL : createRequest: APF set program request
11-25 21:59:23.175  1308  3388 I WifiHAL : mProgramLen : 2016
11-25 21:59:23.921  1734  2316 D ActivityManager: freezing 21072 .ShannonImsService
11-25 21:59:23.996  2880  2880 I NotificationListener: received notification removed event - com.internet.speed.meter#UserHandle{0},category=-1
11-25 21:59:23.999  4338  5643 I AiAiEcho: SmartspaceNotificationPredictor no parser can handle this notification or notification is invalid
11-25 21:59:24.010  2534  2534 I SsBaseTemplateCard: setFormattedContentDescription: text=Clear day, iconDescription=Clear day, contentDescription=Clear day Clear day
11-25 21:59:24.010  2534  2534 D SsBaseTemplateCard: Passed-in item info is null
11-25 21:59:24.010  2534  2534 D SsBaseTemplateCard: Passed-in item info is null
11-25 21:59:24.056  1267  1323 I CHRE    : @ 88654.869: [WallabyPD] 	Device (0x21)  >>> stationary faceup - not-in-pocket <<< Config: Default FCN 
11-25 21:59:24.056  1267  1323 I CHRE    : @ 88654.869: [Wallaby] PocketEvent Pos: 0x21 -> 0x21, IsHostAwake: 1
11-25 21:59:24.059  1267  1323 I CHRE    : @ 88654.869: [Wallaby] OnInferredProx: prox_state=kFar
11-25 21:59:24.063  1267  1323 I CHRE    : @ 88654.875: [WallabyPD] 	Device (0x21)  >>> stationary faceup - not-in-pocket <<< Config: Default FCN 
11-25 21:59:24.063  1267  1323 I CHRE    : @ 88654.875: [Wallaby] PocketEvent Pos: 0x21 -> 0x21, IsHostAwake: 1
11-25 21:59:24.098  1267  1323 I CHRE    : @ 88654.911: [AR] inconsistent: 41.176472
11-25 21:59:24.101  1267  1323 I CHRE    : @ 88654.914: [cc] onArResult activity=5, conf=421
11-25 21:59:24.194  1308  3388 I WifiHAL : Creating message to get link statistics; iface = 47
11-25 21:59:24.336  1308  3388 I WifiHAL : index: 0 per_rate_size 32, data_rem_len 1152
11-25 21:59:24.336  1308  3388 I WifiHAL : index: 1 per_rate_size 32, data_rem_len 1120
11-25 21:59:24.336  1308  3388 I WifiHAL : index: 2 per_rate_size 32, data_rem_len 1088
11-25 21:59:24.336  1308  3388 I WifiHAL : index: 3 per_rate_size 32, data_rem_len 1056
11-25 21:59:24.336  1308  3388 I WifiHAL : index: 4 per_rate_size 32, data_rem_len 1024
11-25 21:59:24.336  1308  3388 I WifiHAL : index: 5 per_rate_size 32, data_rem_len 992
11-25 21:59:24.336  1308  3388 I WifiHAL : index: 6 per_rate_size 32, data_rem_len 960
11-25 21:59:24.336  1308  3388 I WifiHAL : index: 7 per_rate_size 32, data_rem_len 928
11-25 21:59:24.336  1308  3388 I WifiHAL : index: 8 per_rate_size 32, data_rem_len 896
11-25 21:59:24.336  1308  3388 I WifiHAL : index: 9 per_rate_size 32, data_rem_len 864
11-25 21:59:24.336  1308  3388 I WifiHAL : index: 10 per_rate_size 32, data_rem_len 832
11-25 21:59:24.336  1308  3388 I WifiHAL : index: 11 per_rate_size 32, data_rem_len 800
11-25 21:59:24.336  1308  3388 I WifiHAL : index: 12 per_rate_size 32, data_rem_len 768
11-25 21:59:24.336  1308  3388 I WifiHAL : index: 13 per_rate_size 32, data_rem_len 736
11-25 21:59:24.336  1308  3388 I WifiHAL : index: 14 per_rate_size 32, data_rem_len 704
11-25 21:59:24.336  1308  3388 I WifiHAL : index: 15 per_rate_size 32, data_rem_len 672
11-25 21:59:24.336  1308  3388 I WifiHAL : index: 16 per_rate_size 32, data_rem_len 640
11-25 21:59:24.336  1308  3388 I WifiHAL : index: 17 per_rate_size 32, data_rem_len 608
11-25 21:59:24.336  1308  3388 I WifiHAL : index: 18 per_rate_size 32, data_rem_len 576
11-25 21:59:24.336  1308  3388 I WifiHAL : index: 19 per_rate_size 32, data_rem_len 544
11-25 21:59:24.336  1308  3388 I WifiHAL : index: 20 per_rate_size 32, data_rem_len 512
11-25 21:59:24.336  1308  3388 I WifiHAL : index: 21 per_rate_size 32, data_rem_len 480
11-25 21:59:24.336  1308  3388 I WifiHAL : index: 22 per_rate_size 32, data_rem_len 448
11-25 21:59:24.336  1308  3388 I WifiHAL : index: 23 per_rate_size 32, data_rem_len 416
11-25 21:59:24.336  1308  3388 I WifiHAL : index: 24 per_rate_size 32, data_rem_len 384
11-25 21:59:24.336  1308  3388 I WifiHAL : index: 25 per_rate_size 32, data_rem_len 352
11-25 21:59:24.336  1308  3388 I WifiHAL : index: 26 per_rate_size 32, data_rem_len 320
11-25 21:59:24.336  1308  3388 I WifiHAL : index: 27 per_rate_size 32, data_rem_len 288
11-25 21:59:24.336  1308  3388 I WifiHAL : index: 28 per_rate_size 32, data_rem_len 256
11-25 21:59:24.336  1308  3388 I WifiHAL : index: 29 per_rate_size 32, data_rem_len 224
11-25 21:59:24.336  1308  3388 I WifiHAL : index: 30 per_rate_size 32, data_rem_len 192
11-25 21:59:24.336  1308  3388 I WifiHAL : index: 31 per_rate_size 32, data_rem_len 160
11-25 21:59:24.336  1308  3388 I WifiHAL : index: 32 per_rate_size 32, data_rem_len 128
11-25 21:59:24.336  1308  3388 I WifiHAL : index: 33 per_rate_size 32, data_rem_len 96
11-25 21:59:24.336  1308  3388 I WifiHAL : index: 34 per_rate_size 32, data_rem_len 64
11-25 21:59:24.336  1308  3388 I WifiHAL : index: 35 per_rate_size 32, data_rem_len 32
11-25 21:59:24.337  1308  3388 E libbinder.IPCThreadState: binder thread pool (1 threads) starved for 143 ms
11-25 21:59:24.338  1308  3388 I WifiHAL : Getting cached scan results, iface handle = 0xb400007434aca650
11-25 21:59:24.338  1308  3388 E WifiHAL : Creating message to get cached scan results
11-25 21:59:24.349  1308  3388 I WifiHAL : In GetCachedScanResultsCommand::handleResponse
11-25 21:59:24.413  1734  2436 D ConnectivityService: NetReassign [no changes] [c 2] [a 2] [i 4]
11-25 21:59:24.650  1291  1875 D AidlBufferPool: bufferpool2 0xb40000746657ca18 : 5(9319880 size) total buffers - 5(9319880 size) used buffers - 9554/9577 (recycle/alloc) - 174/9572 (fetch/transfer)
11-25 21:59:25.006  2880  2880 I NotificationListener: received notification removed event - com.internet.speed.meter#UserHandle{0},category=-1
11-25 21:59:25.011  4338  5643 I AiAiEcho: SmartspaceNotificationPredictor no parser can handle this notification or notification is invalid
11-25 21:59:25.015   499   592 D DisplayModeController: setDesiredMode 4619827677550801152 {mode={fps=60.00 Hz, modePtr={id=0, vsyncRate=60.00 Hz, peakRefreshRate=60.00 Hz}}, emitEvent=false, force=false}
11-25 21:59:25.019   502   561 D hwc-display: setActiveConfigWithConstraints:: PrimaryDisplay config(36) test(0)
11-25 21:59:25.020   502   561 I hwc-display: [PrimaryDisplay] setActiveConfigWithConstraints: config(36)
11-25 21:59:25.020  2534  2534 I SsBaseTemplateCard: setFormattedContentDescription: text=Clear day, iconDescription=Clear day, contentDescription=Clear day Clear day
11-25 21:59:25.021  2534  2534 D SsBaseTemplateCard: Passed-in item info is null
11-25 21:59:25.021  2534  2534 D SsBaseTemplateCard: Passed-in item info is null
11-25 21:59:25.026   499   592 D DisplayModeController: setDesiredMode 4619827677550801152 {mode={fps=120.00 Hz, modePtr={id=1, vsyncRate=120.00 Hz, peakRefreshRate=120.00 Hz}}, emitEvent=true, force=false}
11-25 21:59:25.035   502 25581 I hwc-display: [PrimaryDisplay] setActiveConfigWithConstraints, previous request config is processing (desird 36, new request 37)
11-25 21:59:25.036   502 25581 D hwc-display: setActiveConfigWithConstraints:: PrimaryDisplay config(37) test(0)
11-25 21:59:25.036   502 25581 I hwc-display: [PrimaryDisplay] setActiveConfigWithConstraints: config(37)
11-25 21:59:25.044  1476  1476 D AOC     : A3:MSG: tmd3733_device.cc, 3186: USF: TMD3733: vsync_delay_usec: 12120
11-25 21:59:25.063  1476  1476 D AOC     : A3:MSG: tmd3733_device.cc, 3186: USF: TMD3733: vsync_delay_usec: 4000
11-25 21:59:25.126  1267  1323 I CHRE    : @ 88655.938: [WallabyPD] 	Device (0x21)  >>> stationary faceup - not-in-pocket <<< Config: Default FCN 
11-25 21:59:25.126  1267  1323 I CHRE    : @ 88655.938: [Wallaby] PocketEvent Pos: 0x21 -> 0x21, IsHostAwake: 1
11-25 21:59:25.435  1734  1895 V AttentionDetector: Checking user attention, ID: 22
11-25 21:59:25.441  1734  2486 D BackgroundInstallControlService: Package event received: 0
11-25 21:59:25.450  1734  5542 W ProcessStats: Tracking association SourceState{389e650 com.google.android.as/10133 BFgs #69322} whose proc state 4 is better than process ProcessState{74064de com.google.android.as.oss/10148 pkg=com.google.android.as.oss} proc state 14 (0 skipped)
11-25 21:59:25.455  4338  4338 I AiAiAttention: AttentionCheckService.onCreate()
11-25 21:59:25.460  4338  4338 I AiAiAttention: (REDACTED) AttentionCheckService.onCheckAttention with config:
11-25 21:59:25.460  4338  4338 I AiAiAttention: %s
11-25 21:59:25.462  4338  4338 I AiAiAttention: (REDACTED) Created InHandsMotionDetector with threshold: %s mss
11-25 21:59:25.465  1282  2064 D usf_sensor_hal: accelerometer: Enter Batch. Period = 10000000, latency = 20000000.
11-25 21:59:25.467  1476  1476 D AOC     : A3:MSG: usf_sensor.cc, 2402: USF: Received reconfig sampling request for ICM45631 Accelerometer.
11-25 21:59:25.467  1476  1476 D AOC     : A3:MSG: icm456xy_device.cc, 414: USF: Icm456xyDevice: Sensor 0, period 10000000 ns, latency 20000000 ns.
11-25 21:59:25.471  1476  1476 D AOC     : A3:MSG: icm456xy_device.cc, 1369: USF: Icm456xyDevice: FIFO enabled: 1, ODR: 100, WM: 6, Intr: 17.
11-25 21:59:25.473  1282  2064 D usf_sensor_hal: IMU temperature: Enter Batch. Period = 666667000, latency = 20000000.
11-25 21:59:25.478  1476  1476 D AOC     : A3:MSG: usf_sensor.cc, 2402: USF: Received reconfig sampling request for ICM45631 Temperature.
11-25 21:59:25.479  1282  2111 I sensor-suez: Vendor atom [id = 100243] reported.
11-25 21:59:25.479  1282  2064 D usf_sensor_hal: accelerometer: Enter Flush
11-25 21:59:25.482  1282  2111 I sensor-suez: Vendor atom [id = 100243] reported.
11-25 21:59:25.527  1267  1323 I CHRE    : @ 88656.339: [WallabyPD] 	Device (0x21)  >>> stationary faceup - not-in-pocket <<< Config: Default FCN 
11-25 21:59:25.527  1267  1323 I CHRE    : @ 88656.339: [Wallaby] PocketEvent Pos: 0x21 -> 0x21, IsHostAwake: 1
11-25 21:59:25.583  4338 23001 I AiAiAttention: Trying to open the camera
11-25 21:59:25.583  4338 23001 I gaze    : getFrames()
11-25 21:59:25.583  4338 23001 I gaze    : YuvToGrayscaleImageProcessor setListener
11-25 21:59:25.585  4338 23001 I gaze    : Trying to open camera with id=21
11-25 21:59:25.586  4338 23001 I gaze    : Selected camera id=1
11-25 21:59:25.594  1446 31127 D Camera3-Utils: Set real time priority for thread (tid 31127)
11-25 21:59:25.595  1446 31127 I CameraService: CameraService::connect call (PID 4338 "com.google.android.as", camera ID 1) and Camera API version 2
11-25 21:59:25.599  1446 31127 I Camera2ClientBase: Camera 1: Opened. Client: com.google.android.as (PID 4338, UID 10133)
11-25 21:59:25.599  1446 31127 I CameraDeviceClient: CameraDeviceClient 1: Opened
11-25 21:59:25.599  1446 31127 I CameraService: makeClient: Camera2 API, rotationOverride 0
11-25 21:59:25.603  1266  1722 I Lyric   : smart_read_ahead_controller.cc:256: [SMRA] Waking up!
11-25 21:59:25.603  1266  2262 I Lyric   : smart_read_ahead_controller.cc:63: [SMRA] Processing request
11-25 21:59:25.603  1266  1722 I Lyric   : camera_powerhal_impl.cc:187: SetPowerBoost Trigger CAMERA_LAUNCH for 1000ms
11-25 21:59:25.603  1266  2262 I Lyric   : smart_read_ahead_controller.cc:246: [SMRA] UpdateModeAndConfig, config: from 0 to 0, mode: from 0 to 0
11-25 21:59:25.604  1266  2281 W Lyric   : device_context.cc:333: NotifyCaptureSessionOpen: No OisController found for physical camera Front. Status: NOT_FOUND: Failed to find controller by type and camera id(Front); Controller with ID: optical image stabilization controller for camera: Front not present in device_context
11-25 21:59:25.605  1282  2064 D usf_sensor_hal: ambient light: Enter Activate. Enable = 0.
11-25 21:59:25.605  1266  2281 W Lyric   : device_context.cc:333: NotifyCaptureSessionOpen: No OisController found for physical camera FrontVirtual. Status: NOT_FOUND: Failed to find controller by type and camera id(FrontVirtual); Controller with ID: optical image stabilization controller for camera: FrontVirtual not present in device_context
11-25 21:59:25.605  1266  2281 I G3ACoordinator: coordinator.cc:1053: Coordinator::AeNotifyCaptureSessionOpen called for camera: {position: front, lens_type: multi_fov, spectrum: visible, instance: real}
11-25 21:59:25.605  1266  2281 I G3ACoordinator: coordinator.cc:1077: Coordinator::AfNotifyCaptureSessionOpen called for camera: {position: front, lens_type: multi_fov, spectrum: visible, instance: real}
11-25 21:59:25.606  1266  2281 I G3ACoordinator: coordinator.cc:1102: Coordinator::AsdNotifyCaptureSessionOpen called for camera: {position: front, lens_type: multi_fov, spectrum: visible, instance: real}
11-25 21:59:25.606  1266  2281 I G3ACoordinator: coordinator.cc:1119: Coordinator::AwbNotifyCaptureSessionOpen called for camera: {position: front, lens_type: multi_fov, spectrum: visible, instance: real}
11-25 21:59:25.606  1266  2281 I G3ACoordinator: coordinator.cc:1036: Coordinator::NotifyCaptureSessionOpen called for camera: {position: front, lens_type: multi_fov, spectrum: visible, instance: real}
11-25 21:59:25.606  2706  2923 D CameraStateSource: onCameraUnavailable: cameraId=1
11-25 21:59:25.606  2706  2923 D CameraStateSource: report CameraAvailability now. CameraAvailability(cameraId=1, availability=false, sequenceNumber=200)
11-25 21:59:25.606  2706  2923 D BusinessScope: Enqueuing the block
11-25 21:59:25.606  2706  2923 D BusinessScope: Start running the #9124 block
11-25 21:59:25.606  1266  2174 I Lyric   : motion_sensor_controller_proxy.cc:471: Start to create all sensor readers, enable direct channel: 1, support async query: 1
11-25 21:59:25.606  1266  1725 W Lyric   : Binder 0xb4000077a95734f8 destroyed after setMinSchedulerPolicy before being parceled.
11-25 21:59:25.606  1266  1725 W Lyric   : Binder 0xb4000077a95734f8 destroyed after setMinSchedulerPolicy before being parceled.
11-25 21:59:25.607  1476  1476 D AOC     : A3:MSG: usf_sensor.cc, 1792: USF: Received stop sampling request for TMD3733 Ambient Light (active:2).
11-25 21:59:25.607  1257  1333 I ASvc::AudioExtension: getDcHandler
11-25 21:59:25.607  1266  2281 I G3ACoordinator: coordinator.cc:1036: Coordinator::NotifyCaptureSessionOpen called for camera: {position: front, lens_type: multi_fov, spectrum: visible, instance: real}
11-25 21:59:25.608  1266  1722 I Lyric   : camera_device_session_manager_base.cc:410: CameraDeviceSessionManager for camera id(FrontMultiFov) is created.
11-25 21:59:25.608  1282  2111 I sensor-suez: Vendor atom [id = 100242] reported.
11-25 21:59:25.608  1266  1722 I Lyric   : camera_device_session_hwl_impl.cc:343: Created CameraDeviceSessionHwlImpl for camera 1
11-25 21:59:25.608  1282  2111 I sensor-suez: Vendor atom [id = 100243] reported.
11-25 21:59:25.608  1266  1722 I GCH_CameraDeviceSession: Initialize: measure buffer allocation time: 0 
11-25 21:59:25.608  1257 17387 I ASvc::DcHandler: setIsAnyCameraOn: true
11-25 21:59:25.608  1266  1722 I GCH_CameraDeviceSession: Create: Created a device session for camera 1 with 2 physical cameras: 5 6 
11-25 21:59:25.608  1266  1722 I Lyric   : camera_device_manager_impl.cc:214: Pinning memory flag is set to 0.
11-25 21:59:25.609  2792  3310 I PixelDisplayManager:  Request Lbe state 0 req 2, display unique id: local:4619827677550801152
11-25 21:59:25.610   502 25581 I hwc-display: atc enable=0 (mode=NULL, pending off=false)
11-25 21:59:25.610   502 25581 I hwc-display: Lbe state 0
11-25 21:59:25.611  2792  3310 I PixelDisplayManager: setLbeState to 0
11-25 21:59:25.611  2792  3310 I PixelDisplayManager:  Request Lbe state 1 req 0, display unique id: local:4619827677550801152
11-25 21:59:25.615  1476  1476 D AOC     : A3:MSG: usf_sensor.cc, 1792: USF: Received stop sampling request for VD6282 Spectral Sensor (active:0).
11-25 21:59:25.615  1476  1476 D AOC     : A3:MSG: usf_sensor.cc, 1784: USF: Received start sampling request for VD6282 Spectral Sensor (active:1).
11-25 21:59:25.616  1266  2131 I Lyric   : spectral_driver.cc:182: Changed als mode from 2 to 1 for sensor: rear with new id: 227
11-25 21:59:25.616 18934 18934 I pixel-thermal: a callback has been registered to ThermalHAL, isFilter: 0 Type: UNKNOWN
11-25 21:59:25.617  2714  2714 D GRIL-S  : [4537]> UPDATE_DEVICE_STATE DeviceState: Usb:1, Wifi: 1, Wifi AP: 0, Earpiece: 0, Bluetooth: 1, Wireless charging: 0, Screen: 1, Camera: 0, 1, -, -, Motion: 1, Bluetooth tethering: 0, Voice: 0, Wifi 2.4G: 0, Radio: 1, Bluetooth connected: 0, Bluetooth media: 0, Wifi Band: 2, Wifi AP Band: 0, Wifi call: 0, mmWave: 0, mCellBackhaul: 0, mHallSensor: 0, mDozeStatus: 1, mAppClassInfo: 0, mWifiCapSensorStatus: 0, mCellCapSensorStatus: 0, mBesideHeadHandStatus: 0, mSpeakerStatus: 0, mProtectiveCaseStatus: 0, mWifiSettingStatus: 0, mGpsStatus: 0
11-25 21:59:25.620  1282  2064 D usf_sensor_hal: ambient light: Enter Batch. Period = 100000000, latency = 0.
11-25 21:59:25.621  1476  1476 D AOC     : A3:MSG: controller.cc, 275: CNTRL: cmd ID: 0x00d4, tag: 0xd7 [cntr = 20975]
11-25 21:59:25.621  1446 31127 D Camera3-Utils: Set regular priority for thread (tid 31127)
11-25 21:59:25.621  1476  1476 D AOC     : A3:MSG: controller.cc, 919: CNTRL: ipc: control, cmd ID: 0x00d4, tag: 0xd7, rc: 0
11-25 21:59:25.623 18934 18935 I pixel-thermal: VIRTUAL-USB-UI:0 raw data: USB-MINUS-CHARGING:-2627 VIRTUAL-USB-UI:0 charging_therm:31839 usb_pwr_therm:29212 
11-25 21:59:25.625 18934 18934 I pixel-thermal: VIRTUAL-SKIN-MODEL: model_input: [29235.00 31839.00 29479.00 30770.00 30459.00 30949.00 32173.00 29212.00 ]
11-25 21:59:25.625 18934 18934 I native  : I0000 00:00:1764088165.625027   18934 thermal_tflite_wrapper.cc:261] ThermalTfliteInvoke
11-25 21:59:25.625 18934 18934 I pixel-thermal: VIRTUAL-SKIN-MODEL: model_output: [30194.2 ]
11-25 21:59:25.625 18934 18934 I pixel-thermal: VIRTUAL-SKIN-MODEL: predicted_value: [30194.2 ]
11-25 21:59:25.625 18934 18934 I pixel-thermal: Power data LPM_ACTIVE_RAILS_TRANS is under collecting
11-25 21:59:25.625 18934 18934 I pixel-thermal: ShutdownModePowerTrans data is under collecting
11-25 21:59:25.625 18934 18934 I pixel-thermal: Thermal sensor ShutdownModePowerTrans is under collecting
11-25 21:59:25.624  4338 23001 I gaze    : Camera opened
11-25 21:59:25.625 18934 18934 I pixel-thermal: Power data LPM_ACTIVE_RAILS_STEADY is under collecting
11-25 21:59:25.625 18934 18934 I pixel-thermal: ShutdownModePowerSteady data is under collecting
11-25 21:59:25.625 18934 18934 I pixel-thermal: Thermal sensor ShutdownModePowerSteady is under collecting
11-25 21:59:25.625  1282  2111 I sensor-suez: Vendor atom [id = 100243] reported.
11-25 21:59:25.625 18934 18934 I pixel-thermal: VIRTUAL-SKIN:30.2215 raw data: VIRTUAL-SKIN:30221.5 VIRTUAL-SKIN-LEGACY:29736.4 VIRTUAL-SKIN-LEGACY-MODEL-DIFF:-457.725 VIRTUAL-SKIN-LEGACY-SHUTDOWN:0 VIRTUAL-SKIN-MODEL:30194.2 VIRTUAL-SKIN-MODEL-CLAMPED:30194.2 VIRTUAL-SKIN-MODEL-LEGACY-DIFF:457.725 VIRTUAL-SKIN-MODEL-UPDATED:30221.5 VIRTUAL-SKIN-MODEL-UPPER-CLAMPED:30194.2 VIRTUAL-SKIN-SUB-0:29736.4 VIRTUAL-SKIN-SUB-1:29132.7 VIRTUAL-SKIN-SUB-2:28089.4 VIRTUAL-SKIN-SUB-3:29718.8 VIRTUAL-SKIN-SUB-4:29692 VIRTUAL-SKIN-SUB-5:28683.6 VIRTUAL-SKIN-SUB-6:29724.7 VT_LEGACY_WEIGHT:0 VT_MODEL_WEIGHT:1 btmspkr_therm:29235 charging_therm:31839 disp_therm:29479 north_therm:30770 quiet_therm:30459 rfpa_therm:30949 soc_therm:32173 usb_pwr_therm:29212 
11-25 21:59:25.625  2706  2923 D BusinessScope: Enqueuing the block
11-25 21:59:25.625  2706  2923 D ImpulseStateSource: Notify clients: 4561
11-25 21:59:25.625  2706  2923 D BusinessScope: Finish running the #9124 block
11-25 21:59:25.625  2706  2923 D BusinessScope: Start running the #9125 block
11-25 21:59:25.625  2709  2868 D LyricConfigProviderService: onCameraOpened: cameraId 1 used by packageId com.google.android.as for versionCode 14826161
11-25 21:59:25.625  2706  2923 D ImpulseConnection: bindService: com.google.android.apps.turbo
11-25 21:59:25.626 18934 18935 I pixel-thermal: VIRTUAL-SKIN-MODEL: model_input: [29235.00 31839.00 29479.00 30770.00 30459.00 30949.00 32173.00 29212.00 ]
11-25 21:59:25.626 18934 18935 I native  : I0000 00:00:1764088165.626088   18935 thermal_tflite_wrapper.cc:261] ThermalTfliteInvoke
11-25 21:59:25.626  1266  3353 I Lyric   : sensor_generic_driver.cc:5205: DOKKAEBI ReadSensorId success: 0x30a1 setting version: 1.1 setting type: 0
11-25 21:59:25.626 18934 18935 I pixel-thermal: VIRTUAL-SKIN-MODEL: model_output: [30131.9 ]
11-25 21:59:25.626 18934 18935 I pixel-thermal: VIRTUAL-SKIN-MODEL: predicted_value: [30131.9 ]
11-25 21:59:25.626 18934 18935 I pixel-thermal: cellular-emergency:30.1857 raw data: VIRTUAL-SKIN:30185.7 VIRTUAL-SKIN-LEGACY:29736.4 VIRTUAL-SKIN-LEGACY-SHUTDOWN:0 VIRTUAL-SKIN-MODEL:30131.9 VIRTUAL-SKIN-MODEL-CLAMPED:30131.9 VIRTUAL-SKIN-MODEL-UPDATED:30185.7 VIRTUAL-SKIN-MODEL-UPPER-CLAMPED:30131.9 VIRTUAL-SKIN-SUB-0:29736.4 VIRTUAL-SKIN-SUB-1:29132.7 VIRTUAL-SKIN-SUB-2:28089.4 VIRTUAL-SKIN-SUB-3:29718.8 VIRTUAL-SKIN-SUB-4:29692 VIRTUAL-SKIN-SUB-5:28683.6 VIRTUAL-SKIN-SUB-6:29724.7 VT_LEGACY_WEIGHT:0 VT_MODEL_WEIGHT:1 btmspkr_therm:29235 cellular-emergency:30185.7 charging_therm:31839 disp_therm:29479 north_therm:30770 quiet_therm:30459 rfpa_therm:30949 soc_therm:32173 usb_pwr_therm:29212 
11-25 21:59:25.626 18934 18935 I pixel-thermal: Power data LPM_ACTIVE_RAILS_TRANS is under collecting
11-25 21:59:25.626 18934 18935 I pixel-thermal: ShutdownModePowerTrans data is under collecting
11-25 21:59:25.626 18934 18935 I pixel-thermal: Thermal sensor ShutdownModePowerTrans is under collecting
11-25 21:59:25.626 18934 18935 I pixel-thermal: Power data LPM_ACTIVE_RAILS_STEADY is under collecting
11-25 21:59:25.626 18934 18935 I pixel-thermal: ShutdownModePowerSteady data is under collecting
11-25 21:59:25.626 18934 18935 I pixel-thermal: Thermal sensor ShutdownModePowerSteady is under collecting
11-25 21:59:25.626 18934 18935 I pixel-thermal: VIRTUAL-SKIN:30.1857 raw data: VIRTUAL-SKIN:30185.7 
11-25 21:59:25.627 18934 18935 I pixel-thermal: battery:29.1 raw data: battery:29100 
11-25 21:59:25.627 18934 18935 I pixel-thermal: VIRTUAL-SKIN-SPEAKER:29.6604 raw data: VIRTUAL-SKIN-SPEAKER:29660.4 VIRTUAL-SKIN-SPEAKER-SUB-0:29660.4 btmspkr_therm:29235 charging_therm:31839 disp_therm:29479 north_therm:30770 quiet_therm:30459 rfpa_therm:30949 soc_therm:32173 usb_pwr_therm:29212 
11-25 21:59:25.627 18934 18935 I pixel-thermal: ShutdownMode:30.1857 raw data: ShutdownMode:30185.7 VIRTUAL-SKIN:30185.7 
11-25 21:59:25.627 18934 18935 I pixel-thermal: Sending notification:  Type: USB_PORT Name: VIRTUAL-USB-UI CurrentValue: 0 ThrottlingStatus: NONE
11-25 21:59:25.627 18934 18935 I pixel-thermal: Sending notification:  Type: POWER_AMPLIFIER Name: cellular-emergency CurrentValue: 30.1857 ThrottlingStatus: NONE
11-25 21:59:25.627 18934 18935 I pixel-thermal: Sending notification:  Type: SKIN Name: VIRTUAL-SKIN CurrentValue: 30.1857 ThrottlingStatus: NONE
11-25 21:59:25.627 18934 18935 I pixel-thermal: Sending notification:  Type: BATTERY Name: battery CurrentValue: 29.1 ThrottlingStatus: NONE
11-25 21:59:25.627 18934 18935 I pixel-thermal: Sending notification:  Type: UNKNOWN Name: VIRTUAL-SKIN-SPEAKER CurrentValue: 29.6604 ThrottlingStatus: NONE
11-25 21:59:25.627 18934 18935 I pixel-thermal: Sending notification:  Type: UNKNOWN Name: ShutdownMode CurrentValue: 30.1857 ThrottlingStatus: NONE
11-25 21:59:25.627  1310 30331 D DeviceHalAidl: [default] setParameters: parameters: "cameraFacing=front"
11-25 21:59:25.627  1734  2634 D ActivityManager: sync unfroze 7497 com.google.android.apps.turbo for 6
11-25 21:59:25.627  1266  1722 I GCH_CameraDeviceSession: NotifyThrottling: temperature type: 4, severity: 0, value: 0.000000
