11-25 21:58:41.010   502   581 I hwc-display: path=drm, id=0, level=595, nits=25.650375, brightness=0.013222, DimmingOn=0, Hbm=0, LhbmOn=0, OpRate=0
11-25 21:58:41.013  1476  1476 D AOC     : A3:MSG: tmd3733_device.cc, 3256: USF: TMD3733: dbv:551 luma:21 leak:0.03 rr:120 te2:0 status:1 op_hz:0 [0]
11-25 21:58:41.016  1476  1476 D AOC     : A3:MSG: tmd3733_device.cc, 3256: USF: TMD3733: dbv:580 luma:21 leak:0.03 rr:120 te2:0 status:1 op_hz:0 [1]
11-25 21:58:41.018  1476  1476 D AOC     : A3:MSG: tmd3733_device.cc, 3051: USF: TMD3733: [ALS]sync_delay_adjustment: 700000
11-25 21:58:41.018  1476  1476 D AOC     : A3:MSG: tmd3733_device.cc, 3186: USF: TMD3733: vsync_delay_usec: 4000
11-25 21:58:41.027   502   581 I hwc-display: path=drm, id=0, level=625, nits=28.523302, brightness=0.014829, DimmingOn=0, Hbm=0, LhbmOn=0, OpRate=0
11-25 21:58:41.035   502   581 I hwc-display: path=drm, id=0, level=640, nits=30.021778, brightness=0.015667, DimmingOn=0, Hbm=0, LhbmOn=0, OpRate=0
11-25 21:58:41.052   502   581 I hwc-display: path=drm, id=0, level=669, nits=33.143349, brightness=0.017413, DimmingOn=0, Hbm=0, LhbmOn=0, OpRate=0
11-25 21:58:41.060   502   581 I hwc-display: path=drm, id=0, level=683, nits=34.764889, brightness=0.018320, DimmingOn=0, Hbm=0, LhbmOn=0, OpRate=0
11-25 21:58:41.077   502   581 I hwc-display: path=drm, id=0, level=713, nits=38.131832, brightness=0.020203, DimmingOn=0, Hbm=0, LhbmOn=0, OpRate=0
11-25 21:58:41.085   502   581 I hwc-display: path=drm, id=0, level=728, nits=39.878571, brightness=0.021180, DimmingOn=0, Hbm=0, LhbmOn=0, OpRate=0
11-25 21:58:41.102   502   581 I hwc-display: path=drm, id=0, level=757, nits=43.491802, brightness=0.023200, DimmingOn=0, Hbm=0, LhbmOn=0, OpRate=0
11-25 21:58:41.110   502   581 I hwc-display: path=drm, id=0, level=772, nits=45.362217, brightness=0.024247, DimmingOn=0, Hbm=0, LhbmOn=0, OpRate=0
11-25 21:58:41.120  1476  1476 D AOC     : A3:MSG: tmd3733_device.cc, 3256: USF: TMD3733: dbv:757 luma:20 leak:0.04 rr:120 te2:0 status:1 op_hz:0 [0]
11-25 21:58:41.127   502   581 I hwc-display: path=drm, id=0, level=794, nits=48.235794, brightness=0.025854, DimmingOn=0, Hbm=0, LhbmOn=0, OpRate=0
11-25 21:58:41.223  1476  1476 D AOC     : F1:MSG: controller.cc, 275: AudioInCtrl: cmd ID: 0x00f5, tag: 0xdb [cntr = 7103]
11-25 21:58:41.223  1476  1476 D AOC     : F1:MSG: controller_audio_input.cc, 4386: Got chre audio stop cmd
11-25 21:58:41.223  1476  1476 D AOC     : F1:TRC: hotword_input_processor.cc, 1008: Receive cmd: 0x84 (132)
11-25 21:58:41.223  1476  1476 D AOC     : F1:TRC: hotword_input_processor.cc, 1504: Finished cmd: 0x84 (132)
11-25 21:58:41.223  1476  1476 D AOC     : F1:MSG: audio_capture_pdm.cc, 448: Reconfig seamless
11-25 21:58:41.223  1476  1476 D AOC     : F1:MSG: controller.cc, 919: AudioInCtrl: ipc: C-Ch-AI, cmd ID: 0x00f5, tag: 0xdb, rc: 0
11-25 21:58:41.229  1267  1323 I CHRE    : @ 88612.036: [vice_ambient_volume] SendMessageToAmbientVolume, message_type: 33283 to instance_id: 0x3
11-25 21:58:41.229  1267  1323 I CHRE    : @ 88612.036: Failed to cancel timer ID 7289: not found
11-25 21:58:41.229  1267  1323 I CHRE    : @ 88612.036: [vice_ambient_volume] SendMessageToAmbientVolume, message_type: 33282 to instance_id: 0x3
11-25 21:58:41.229  1267  1323 E CHRE    : @ 88612.036: [AV] Client 3 is not found.
11-25 21:58:41.229  1267  1323 I CHRE    : @ 88612.036: [AV] disabling detection
11-25 21:58:41.229  1267  1323 D CHRE    : @ 88612.037: request audio send: 0
11-25 21:58:41.229  1267  1323 I CHRE    : @ 88612.038: [vice_ambient_volume] Received ACK from Ambient Volume for disable request
11-25 21:58:41.410  1267  1323 I CHRE    : @ 88612.223: [WallabyPD] 	Device (0x21)  >>> stationary faceup - not-in-pocket <<< Config: Default FCN 
11-25 21:58:41.410  1267  1323 I CHRE    : @ 88612.223: [Wallaby] PocketEvent Pos: 0x21 -> 0x21, IsHostAwake: 1
11-25 21:58:41.467  1267  1323 I CHRE    : @ 88612.279: [vice_ambient_light] Cancelling existing timer to start new timer from state 1
11-25 21:58:41.468  1267  1323 I CHRE    : @ 88612.281: [vice] Updating Ambient Light state from DARK_FAR to BRIGHT_FAR
11-25 21:58:41.468  1267  1323 D CHRE.HAL: Received a nanoapp message from 0x476f6f676c001041 endpoint 0x1: Type 0x110 size 6 
11-25 21:58:41.472  2706  2706 V AdaptiveHaptics: Vice: received message MESSAGE_TYPE_CONTEXT_UPDATE
11-25 21:58:41.474  2706  2706 I AdaptiveHaptics: Matched: STILLNESS       QUIET           
11-25 21:58:41.474  2706  2706 I AdaptiveHaptics: Skip for same intensity INTENSITY_LOW
11-25 21:58:41.474  2706  2706 I AdaptiveHaptics: State updated : Intensity : INTENSITY_LOW
11-25 21:58:41.474  2706  2706 I AdaptiveHaptics:     Vice: 
11-25 21:58:41.474  2706  2706 I AdaptiveHaptics:       Capo: STILLNESS
11-25 21:58:41.474  2706  2706 I AdaptiveHaptics:       AmbientVolume: QUIET
11-25 21:58:41.474  2706  2706 I AdaptiveHaptics:       AmbientLight: BRIGHT
11-25 21:58:41.474  2706  2706 I AdaptiveHaptics:       Pocket: NOT_IN_POCKET
11-25 21:58:41.533  4338  5643 I AiAiEcho: SmartspaceNotificationPredictor no parser can handle this notification or notification is invalid
11-25 21:58:41.535  2880  2880 I NotificationListener: received notification removed event - com.internet.speed.meter#UserHandle{0},category=-1
11-25 21:58:41.544  2534  2534 I SsBaseTemplateCard: setFormattedContentDescription: text=Clear day, iconDescription=Clear day, contentDescription=Clear day Clear day
11-25 21:58:41.544  2534  2534 D SsBaseTemplateCard: Passed-in item info is null
11-25 21:58:41.544  2534  2534 D SsBaseTemplateCard: Passed-in item info is null
11-25 21:58:41.853   499   592 D DisplayModeController: setDesiredMode 4619827677550801152 {mode={fps=60.00 Hz, modePtr={id=0, vsyncRate=60.00 Hz, peakRefreshRate=60.00 Hz}}, emitEvent=false, force=false}
11-25 21:58:41.861   502   581 D hwc-display: setActiveConfigWithConstraints:: PrimaryDisplay config(36) test(0)
11-25 21:58:41.861   502   581 I hwc-display: [PrimaryDisplay] setActiveConfigWithConstraints: config(36)
11-25 21:58:41.886  1476  1476 D AOC     : A3:MSG: tmd3733_device.cc, 3256: USF: TMD3733: dbv:794 luma:21 leak:0.05 rr:60 te2:0 status:1 op_hz:0 [1]
11-25 21:58:41.886  1476  1476 D AOC     : A3:MSG: tmd3733_device.cc, 3186: USF: TMD3733: vsync_delay_usec: 12120
11-25 21:58:42.432  1267  1323 I CHRE    : @ 88613.244: [WallabyPD] 	Device (0x21)  >>> stationary faceup - not-in-pocket <<< Config: Default FCN 
11-25 21:58:42.432  1267  1323 I CHRE    : @ 88613.244: [Wallaby] PocketEvent Pos: 0x21 -> 0x21, IsHostAwake: 1
11-25 21:58:42.432  1267  1323 I CHRE    : @ 88613.244: [CapoPD] Enumerated Device Orientation found: 3, g=[-0.43 -0.04 9.70]
11-25 21:58:42.432  1267  1323 I CHRE    : @ 88613.244: [CapoPD] Update stationary context: type=2, stationary=2, #orientation=1, orientation(top2)=[3, 0, ...]
11-25 21:58:42.432  1267  1323 I CHRE    : @ 88613.244: [Capo] Device stationary type 2 confidence changed: 3 -> 1
11-25 21:58:42.432  1267  1323 I CHRE    : @ 88613.244: [Capo] Current position: 2, IsHostAwake: 1
11-25 21:58:42.432  1267  1323 I CHRE    : @ 88613.244: [Capo] Sending detection result 0x2 to the client 24, is_local: 1, is_host_awake: 1
11-25 21:58:42.434  3136  2994 I NearbyMediums: No BLE Fast/GATT advertisements found in the latest cycle.
11-25 21:58:42.434  3136  2994 I NearbyMediums: Current Tracked Scanning Clients are : {NearbyConnections.EnvironmentMonitor, NearbySharing}
11-25 21:58:42.435  1267  1323 I CHRE    : @ 88613.245: [Wallaby] <<<<<<<<<<<<<<<< Stopping prox <<<<<<<<<<<<<<<<
11-25 21:58:42.435  1267  1323 I CHRE    : @ 88613.246: Failed to cancel timer ID 7288: not found
11-25 21:58:42.435  1267  1323 I CHRE    : @ 88613.246: [WallabySM] ProxManager:Update: Running --> CoolingOff, event=EvalTimer, event_val=1
11-25 21:58:42.435  1267  1323 I CHRE    : @ 88613.246: [vice_capo] Updated position from 2 to 2
11-25 21:58:42.442  1267  1323 I CHRE    : @ 88613.253: [CapoPD] Enumerated Device Orientation found: 3, g=[-0.32 0.76 9.73]
11-25 21:58:42.442  1267  1323 I CHRE    : @ 88613.253: [CapoPD] Update stationary context: type=2, stationary=2, #orientation=1, orientation(top2)=[3, 0, ...]
11-25 21:58:42.442  1267  1323 I CHRE    : @ 88613.254: [CapoPD] Enumerated Device Orientation found: 3, g=[-0.34 0.96 9.75]
11-25 21:58:42.442  1267  1323 I CHRE    : @ 88613.254: [CapoPD] Update stationary context: type=2, stationary=2, #orientation=1, orientation(top2)=[3, 0, ...]
11-25 21:58:42.442  1267  1323 I CHRE    : @ 88613.254: [Capo] Device stationary type 2 confidence changed: 1 -> 2
11-25 21:58:42.442  1267  1323 I CHRE    : @ 88613.254: [Capo] Current position: 2, IsHostAwake: 1
11-25 21:58:42.442  1267  1323 I CHRE    : @ 88613.254: [Capo] Sending detection result 0x2 to the client 24, is_local: 1, is_host_awake: 1
11-25 21:58:42.445  1267  1323 D CHRE.HAL: Received a nanoapp message from 0x476f6f676c001041 endpoint 0x1: Type 0x110 size 6 
11-25 21:58:42.447  1267  1323 I CHRE    : @ 88613.257: [CapoPD] Validating in-motion sample2var=3.818773 (#sample 25)
11-25 21:58:42.447  1267  1323 I CHRE    : @ 88613.257: [CapoPD] Update stationary context: type=1, stationary=1, #orientation=0, orientation(top2)=[0, 0, ...]
11-25 21:58:42.448  1267  1323 I CHRE    : @ 88613.257: [Capo] Current position changed: 2 -> 1
11-25 21:58:42.448  1267  1323 I CHRE    : @ 88613.257: [Capo] Current position: 1, IsHostAwake: 1
11-25 21:58:42.448  1267  1323 I CHRE    : @ 88613.257: [Capo] Sending detection result 0x1 to the client 24, is_local: 1, is_host_awake: 1
11-25 21:58:42.448  1267  1323 I CHRE    : @ 88613.257: [CapoPD] PositionDetector mode change from 2 --> 0
11-25 21:58:42.448  1267  1323 I CHRE    : @ 88613.257: [vice_capo] Updated position from 2 to 2
11-25 21:58:42.448  1267  1323 I CHRE    : @ 88613.258: [vice_capo] Updated position from 2 to 1
11-25 21:58:42.448  1267  1323 I CHRE    : @ 88613.258: [vice] Updating Capo State from STILL_FACE_UP to IN_MOTION
11-25 21:58:42.448  1267  1323 I CHRE    : @ 88613.258: [vice_ambient_light] Cancelling existing timer to start new timer from state 1
11-25 21:58:42.452  2706  2706 V AdaptiveHaptics: Vice: received message MESSAGE_TYPE_CONTEXT_UPDATE
11-25 21:58:42.454  2706  2706 I AdaptiveHaptics: Set scale to manager: 1.0 for types: 4
11-25 21:58:42.455  2706  2706 I AdaptiveHaptics: Set scale to manager: 1.0 for types: 1
11-25 21:58:42.455  2706  2706 I AdaptiveHaptics: Set scale to manager: 1.0 for types: 2
11-25 21:58:42.455  2706  2706 I AdaptiveHaptics: State updated : Intensity : INTENSITY_MEDIUM
11-25 21:58:42.455  2706  2706 I AdaptiveHaptics:     Vice: 
11-25 21:58:42.455  2706  2706 I AdaptiveHaptics:       Capo: IN_MOTION
11-25 21:58:42.455  2706  2706 I AdaptiveHaptics:       AmbientVolume: QUIET
11-25 21:58:42.455  2706  2706 I AdaptiveHaptics:       AmbientLight: BRIGHT
11-25 21:58:42.455  2706  2706 I AdaptiveHaptics:       Pocket: NOT_IN_POCKET
11-25 21:58:42.465  1267  1323 I CHRE    : @ 88613.278: [WallabyLD] DATA: LIGHTING, 88612488006573, 20.31, NORMAL
11-25 21:58:42.465  1267  1323 I CHRE    : @ 88613.278: [Wallaby] OnInferredProx: prox_state=kUnknown
11-25 21:58:42.465  1267  1323 I CHRE    : @ 88613.279: [Wallaby] OnInferredProx: prox_state=kUnknown
11-25 21:58:42.492  1458  1491 D RILClient: [OemClient]IND: (clientId = 0, msgId = 2016, dataLength = 996, channel = 0)
11-25 21:58:42.493  1458  1491 D RILClient: [OemClient]IND: (clientId = 0, msgId = 2016, dataLength = 996, channel = 0)
11-25 21:58:42.494  1458  1491 D RILClient: [OemClient]IND: (clientId = 0, msgId = 2015, dataLength = 148, channel = 0)
11-25 21:58:42.496  2775  2775 I SHANNON_IMS: 2572 [DATA] Received mCellStatus [ 1 ]  [  band : 0] (RilIndImsPhysicalChannelConfigs%update:44)
11-25 21:58:42.496  2775  2775 I SHANNON_IMS: 2573 [NETW] #:PURP:# UNSOL {RILC_UNSOL_PHYSICAL_CHANNEL_CONFIGS} :   band : 1  (NetworkAdaptor$AdaptorChannel%onMessage:306)
11-25 21:58:42.500  1734  2950 D ActivityManager: sync unfroze 21072 .ShannonImsService for 7
11-25 21:58:42.500  2775  2775 I SHANNON_IMS: 2576 [DATA] Received mCellStatus [ 0 ]  [  band : 1] (RilIndImsPhysicalChannelConfigs%update:44)
11-25 21:58:42.500  2775  2775 I SHANNON_IMS: 2577 [NETW] #:PURP:# UNSOL {RILC_UNSOL_PHYSICAL_CHANNEL_CONFIGS} :   band : 0  (NetworkAdaptor$AdaptorChannel%onMessage:306)
11-25 21:58:42.501  1734  2486 D BackgroundInstallControlService: Package event received: 0
11-25 21:58:42.503  1308  1308 I WifiHAL : Creating message to get link statistics; iface = 47
11-25 21:58:42.506  3235  3457 D StateService: Country ISO: in
11-25 21:58:42.508  3278  3278 D QnsTelephonyListener_0: onBarringInfoChanged voiceBarringByFactor:false, emergencyBarringFactor:false
11-25 21:58:42.508  3235  3457 D StateService: Country ISO: in
11-25 21:58:42.513  3107  3359 D IwlanNetworkService$IwlanNetworkServiceHandler: msg.what = EVENT_NETWORK_REGISTRATION_INFO_REQUEST
11-25 21:58:42.524  3107  3359 D IwlanNetworkService$IwlanNetworkServiceHandler[0]: : reg state REGISTRATION_STATE_HOME
11-25 21:58:42.527  1458  1491 D RILClient: [OemClient]IND: (clientId = 0, msgId = 3005, dataLength = 24, channel = 0)
11-25 21:58:42.530  2775  2775 I SHANNON_IMS: 2581 [NETW] #:PURP:# UNSOL {RILC_UNSOL_IMS_SUPPORT_SERVICE} : VoPS : 1  EMC : 1  SIM_IDX : 0  RAT : 14  REG_STATE : 5  CELL_ID : 217736027  LAC/TAC : 5102  PLMN : 40416  (NetworkAdaptor$AdaptorChannel%onMessage:306)
11-25 21:58:42.530  1458  1491 D RILClient: [OemClient]IND: (clientId = 0, msgId = 2016, dataLength = 996, channel = 0)
11-25 21:58:42.530  2775  2775 I SHANNON_IMS: 2582 [CONN] #:ORNG:# supportService [VoPS : 1/ EMC : 1/ RAT_INFO : 14/ REG_STATE : 5/ CELL_ID : 217736027/ LAC-TAC Info : 5102/ PLMN : 40416]  [SLID:0 ] (ImsConnectivityMgr$RegistrationListener%supportService:2895)
11-25 21:58:42.535  3235  3457 D StateService: Country ISO: in
11-25 21:58:42.541  1458  1491 D RILClient: [OemClient]IND: (clientId = 0, msgId = 2016, dataLength = 996, channel = 0)
11-25 21:58:42.541  2775  2775 I SHANNON_IMS: 2586 [DATA] Received mCellStatus [ 1 ]  [  band : 0] (RilIndImsPhysicalChannelConfigs%update:44)
11-25 21:58:42.541  2775  2775 I SHANNON_IMS: 2587 [NETW] #:PURP:# UNSOL {RILC_UNSOL_PHYSICAL_CHANNEL_CONFIGS} :   band : 1  (NetworkAdaptor$AdaptorChannel%onMessage:306)
11-25 21:58:42.546  2775  2775 I SHANNON_IMS: 2590 [DATA] Received mCellStatus [ 0 ]  [  band : 1] (RilIndImsPhysicalChannelConfigs%update:44)
11-25 21:58:42.546  2775  2775 I SHANNON_IMS: 2591 [NETW] #:PURP:# UNSOL {RILC_UNSOL_PHYSICAL_CHANNEL_CONFIGS} :   band : 0  (NetworkAdaptor$AdaptorChannel%onMessage:306)
11-25 21:58:42.548  2880  2880 I NotificationListener: received notification removed event - com.internet.speed.meter#UserHandle{0},category=-1
11-25 21:58:42.550  4338  5643 I AiAiEcho: SmartspaceNotificationPredictor no parser can handle this notification or notification is invalid
11-25 21:58:42.550  3235  3457 D StateService: Country ISO: in
11-25 21:58:42.558  2817  2817 D SatelliteController: Satellite for carrier is not supported.
11-25 21:58:42.559  2817  2817 D SatelliteController: Satellite for carrier is not supported.
11-25 21:58:42.566  2817  2817 D SatelliteController: getSelectedSatelliteSubId: subId=1
11-25 21:58:42.569  2534  2534 I SsBaseTemplateCard: setFormattedContentDescription: text=Clear day, iconDescription=Clear day, contentDescription=Clear day Clear day
11-25 21:58:42.569  2534  2534 D SsBaseTemplateCard: Passed-in item info is null
11-25 21:58:42.569  2534  2534 D SsBaseTemplateCard: Passed-in item info is null
11-25 21:58:42.572  2817  3192 D SatelliteSessionController: isInEnablingState: getCurrentState=com.android.internal.telephony.satellite.SatelliteSessionController$PowerOffState@366e5f1
11-25 21:58:42.572  2817  3192 D SatelliteController: isCarrierRoamingNtnEligible: satellite access is not allowed
11-25 21:58:42.572  2817  3192 D SatelliteController: evaluateCarrierRoamingNtnEligibilityChange: isCarrierRoamingNtnEligible=false
11-25 21:58:42.572  2817  3192 D SatelliteController: getSelectedSatelliteSubId: subId=1
11-25 21:58:42.572  2817  3192 D SatelliteController: notifyNtnEligibility: phoneId=0 currentNtnEligibility=false
11-25 21:58:42.572  2817  3192 V SatelliteController: getWwanIsInService: return true
11-25 21:58:42.572  2817  3192 D SatelliteController: updateLastNotifiedNtnModeAndNotify: subId=2 initialized=true lastNotifiedNtnMode=false currNtnMode=false
11-25 21:58:42.572  2817  3192 D SatelliteController: iisInCarrierRoamingNbIotNtn: satellite is disabled
11-25 21:58:42.577  2534  2534 D GlobalActionsDialogLite: Service changed before actions created
11-25 21:58:42.577  2534  2534 D GlobalActionsDialogLite: Service changed before actions created
11-25 21:58:42.577  2534  2534 D GlobalActionsDialogLite: Service changed before actions created
11-25 21:58:42.578  3235  3457 D StateService: Country ISO: in
11-25 21:58:42.581  3235  5310 D ConnectivityMonitorStateMachine: [onServiceStateChanged] {subId=2} ServiceState= {mVoiceRegState=0(IN_SERVICE), mDataRegState=0(IN_SERVICE), mChannelNumber=1509, duplexMode()=0, mCellBandwidths=[10000], mOperatorAlphaLong=null, mOperatorAlphaShort=null, isManualNetworkSelection=false(automatic), getRilVoiceRadioTechnology=14(LTE), getRilDataRadioTechnology=18(IWLAN), mCssIndicator=unsupported, mNetworkId=-1, mSystemId=-1, mCdmaRoamingIndicator=-1, mCdmaDefaultRoamingIndicator=-1, mIsEmergencyOnly=false, isUsingCarrierAggregation=false, mArfcnRsrpBoost=0, mNetworkRegistrationInfos=[NetworkRegistrationInfo{ domain=PS transportType=WLAN registrationState=HOME networkRegistrationState=HOME roamingType=NOT_ROAMING accessNetworkTechnology=IWLAN rejectCause=0 emergencyEnabled=false availableServices=[DATA] cellIdentity=null voiceSpecificInfo=null dataSpecificInfo=null nrState=**** rRplmn= isUsingCarrierAggregation=false isNonTerrestrialNetwork=TERRESTRIAL}, NetworkRegistrationInfo{ domain=CS transportType=WWAN registrationState=ROAMING networkRegistrationState=ROAMING roamingType=DOMESTIC accessNetworkTechnology=LTE rejectCause=0 emergencyEnabled=false availableServices=[VOICE,SMS,VIDEO] cellIdentity=null voiceSpecificInfo=VoiceSpecificRegistrationInfo { mCssSupported=false mRoamingIndicator=0 mSystemIsInPrl=0 mDefaultRoamingIndicator=0} dataSpecificInfo=null nrState=**** rRplmn=40416 isUsingCarrierAggregation=false isNonTerrestrialNetwork=TERRESTRIAL}, NetworkRegistrationInfo{ domain=PS transportType=WWAN registrationState=ROAMING networkRegistrationState=ROAMING roamingType=DOMESTIC accessNetworkTechnology=LTE rejectCause=0 emergencyEnabled=false availableServices=[DATA,MMS] cellIdentity=null voiceSpecificInfo=null dataSpecificInfo=android.telephony.DataSpecificRegistrationInfo :{ maxDataCalls = 16 isDcNrRestricted = false isNrAvailable = true isEnDcAvailable = true mLteAttachResultType = 2 mLteAttachExtraInfo = 0 LteVopsSupportInfo :  mVopsSupport = 2 mEmcBearerSupport = 2 } nrState=**** rRplmn=40416 isUsingCarrierAggregation=false isNonTerrestrialNetwork=TERRESTRIAL}], mNrFrequencyRange=0, mOperatorAlphaLongRaw=AirTel, mOperatorAlphaShortRaw=AirTel, mIsDataRoamingFromRegistration=true, mIsIwlanPreferred=true, mIsUsingNonTerrestrialNetwork=false}, vops=true
11-25 21:58:42.582  3235  5310 D ConnectivityMonitorStateMachine: [onServiceStateChanged] {subId=2} sendMessage(SERVICE_STATE_CHANGED) id=09d7ac96-8264-4fbb-b8da-0e1e3bdf03d5
11-25 21:58:42.583  1734  2298 I LocationAccessPolicy: org.zwanoo.android.speedtest is aware of coarse but the app-ops permission is specifically denied.
11-25 21:58:42.583  3235  5310 D ConnectivityEventWriter: Event filtered: SERVICE_STATE_CHANGED
11-25 21:58:42.584  3235  5310 D ImsPreconditionCheck: {subId=2} handleMessage: { when=-2ms what=9 obj={mVoiceRegState=0(IN_SERVICE), mDataRegState=0(IN_SERVICE), mChannelNumber=1509, duplexMode()=0, mCellBandwidths=[10000], mOperatorAlphaLong=null, mOperatorAlphaShort=null, isManualNetworkSelection=false(automatic), getRilVoiceRadioTechnology=14(LTE), getRilDataRadioTechnology=18(IWLAN), mCssIndicator=unsupported, mNetworkId=-1, mSystemId=-1, mCdmaRoamingIndicator=-1, mCdmaDefaultRoamingIndicator=-1, mIsEmergencyOnly=false, isUsingCarrierAggregation=false, mArfcnRsrpBoost=0, mNetworkRegistrationInfos=[NetworkRegistrationInfo{ domain=PS transportType=WLAN registrationState=HOME networkRegistrationState=HOME roamingType=NOT_ROAMING accessNetworkTechnology=IWLAN rejectCause=0 emergencyEnabled=false availableServices=[DATA] cellIdentity=null voiceSpecificInfo=null dataSpecificInfo=null nrState=**** rRplmn= isUsingCarrierAggregation=false isNonTerrestrialNetwork=TERRESTRIAL}, NetworkRegistrationInfo{ domain=CS transportType=WWAN registrationState=ROAMING networkRegistrationState=ROAMING roamingType=DOMESTIC accessNetworkTechnology=LTE rejectCause=0 emergencyEnabled=false availableServices=[VOICE,SMS,VIDEO] cellIdentity=null voiceSpecificInfo=VoiceSpecificRegistrationInfo { mCssSupported=false mRoamingIndicator=0 mSystemIsInPrl=0 mDefaultRoamingIndicator=0} dataSpecificInfo=null nrState=**** rRplmn=40416 isUsingCarrierAggregation=false isNonTerrestrialNetwork=TERRESTRIAL}, NetworkRegistrationInfo{ domain=PS transportType=WWAN registrationState=ROAMING networkRegistrationState=ROAMING roamingType=DOMESTIC accessNetworkTechnology=LTE rejectCause=0 emergencyEnabled=false availableServices=[DATA,MMS] cellIdentity=null voiceSpecificInfo=null dataSpecificInfo=android.telephony.DataSpecificRegistrationInfo :{ maxDataCalls = 16 isDcNrRestricted = false isNrAvailable = true isEnDcAvailable = true mLteAttachResultType = 2 mLteAttachExtraInfo = 0 LteVopsSupportInfo :  mVopsSupport = 2 mEmcBearerSupport = 2 } nrState=**** rRplmn=40416 isUsingCarrierAggregation=false isNonTerrestrialNetwork=TERRESTRIAL}], mNrFrequencyRange=0, mOperatorAlphaLongRaw=AirTel, mOperatorAlphaShortRaw=AirTel, mIsDataRoamingFromRegistration=true, mIsIwlanPreferred=true, mIsUsingNonTerrestrialNetwork=false} target=dgv }
11-25 21:58:42.584  1734  2298 I LocationAccessPolicy: org.zwanoo.android.speedtest is aware of coarse but the app-ops permission is specifically denied.
11-25 21:58:42.584  3235  5310 D ConnectivityMonitorStateMachine: [Default] {subId=2} processMessage(SERVICE_STATE_CHANGED) CMMessage{id=09d7ac96-8264-4fbb-b8da-0e1e3bdf03d5, obj={mVoiceRegState=0(IN_SERVICE), mDataRegState=0(IN_SERVICE), mChannelNumber=1509, duplexMode()=0, mCellBandwidths=[10000], mOperatorAlphaLong=null, mOperatorAlphaShort=null, isManualNetworkSelection=false(automatic), getRilVoiceRadioTechnology=14(LTE), getRilDataRadioTechnology=18(IWLAN), mCssIndicator=unsupported, mNetworkId=-1, mSystemId=-1, mCdmaRoamingIndicator=-1, mCdmaDefaultRoamingIndicator=-1, mIsEmergencyOnly=false, isUsingCarrierAggregation=false, mArfcnRsrpBoost=0, mNetworkRegistrationInfos=[NetworkRegistrationInfo{ domain=PS transportType=WLAN registrationState=HOME networkRegistrationState=HOME roamingType=NOT_ROAMING accessNetworkTechnology=IWLAN rejectCause=0 emergencyEnabled=false availableServices=[DATA] cellIdentity=null voiceSpecificInfo=null dataSpecificInfo=null nrState=**** rRplmn= isUsingCarrierAggregation=false isNonTerrestrialNetwork=TERRESTRIAL}, NetworkRegistrationInfo{ domain=CS transportType=WWAN registrationState=ROAMING networkRegistrationState=ROAMING roamingType=DOMESTIC accessNetworkTechnology=LTE rejectCause=0 emergencyEnabled=false availableServices=[VOICE,SMS,VIDEO] cellIdentity=null voiceSpecificInfo=VoiceSpecificRegistrationInfo { mCssSupported=false mRoamingIndicator=0 mSystemIsInPrl=0 mDefaultRoamingIndicator=0} dataSpecificInfo=null nrState=**** rRplmn=40416 isUsingCarrierAggregation=false isNonTerrestrialNetwork=TERRESTRIAL}, NetworkRegistrationInfo{ domain=PS transportType=WWAN registrationState=ROAMING networkRegistrationState=ROAMING roamingType=DOMESTIC accessNetworkTechnology=LTE rejectCause=0 emergencyEnabled=false availableServices=[DATA,MMS] cellIdentity=null voiceSpecificInfo=null dataSpecificInfo=android.telephony.DataSpecificRegistrationInfo :{ maxDataCalls = 16 isDcNrRestricted = false isNrAvailable = true isEnDcAvailable = true mLteAttachResultType = 2 mLteAttachExtraInfo = 0 LteVopsSupportInfo :  mVopsSupport = 2 mEmcBearerSupport = 2 } nrState=**** rRplmn=40416 isUsingCarrierAggregation=false isNonTerrestrialNetwork=TERRESTRIAL}], mNrFrequencyRange=0, mOperatorAlphaLongRaw=AirTel, mOperatorAlphaShortRaw=AirTel, mIsDataRoamingFromRegistration=true, mIsIwlanPreferred=true, mIsUsingNonTerrestrialNetwork=false}, timestamp=2025-11-25T16:28:42.582Z}
11-25 21:58:42.585  1734  2298 W ContextImpl: Calling a method in the system process without a qualified user: android.app.ContextImpl.sendBroadcastMultiplePermissions:1313 android.content.Context.sendBroadcastMultiplePermissions:2652 com.android.server.TelephonyRegistry.broadcastServiceStateChanged:4165 com.android.server.TelephonyRegistry.notifyServiceStateForPhoneId:1848 com.android.internal.telephony.ITelephonyRegistry$Stub.onTransact:613 
11-25 21:58:42.587  1734  2298 W ContextImpl: Calling a method in the system process without a qualified user: android.app.ContextImpl.sendBroadcastMultiplePermissions:1346 com.android.server.TelephonyRegistry.broadcastServiceStateChanged:4170 com.android.server.TelephonyRegistry.notifyServiceStateForPhoneId:1848 com.android.internal.telephony.ITelephonyRegistry$Stub.onTransact:613 android.os.Binder.execTransactInternal:1441 
11-25 21:58:42.589  1734  2298 W ContextImpl: Calling a method in the system process without a qualified user: android.app.ContextImpl.sendBroadcastMultiplePermissions:1346 com.android.server.TelephonyRegistry.broadcastServiceStateChanged:4179 com.android.server.TelephonyRegistry.notifyServiceStateForPhoneId:1848 com.android.internal.telephony.ITelephonyRegistry$Stub.onTransact:613 android.os.Binder.execTransactInternal:1441 
11-25 21:58:42.591  2775  3877 I SHANNON_IMS: 2598 [PROX] onReceive: intent= [Intent { act=android.intent.action.SERVICE_STATE flg=0x1000010 xflg=0x4 (has extras) }] (ConnectivityBroadcastReceiver%onReceive:91)
11-25 21:58:42.591  1734  2298 W ContextImpl: Calling a method in the system process without a qualified user: android.app.ContextImpl.sendBroadcastMultiplePermissions:1346 com.android.server.TelephonyRegistry.broadcastServiceStateChanged:4185 com.android.server.TelephonyRegistry.notifyServiceStateForPhoneId:1848 com.android.internal.telephony.ITelephonyRegistry$Stub.onTransact:613 android.os.Binder.execTransactInternal:1441 
11-25 21:58:42.593  2817  2817 D ServiceStateProvider: subId=2
11-25 21:58:42.597  1734  1826 D ActivityManager: sync unfroze 15406 com.google.android.cellbroadcastreceiver for 3
11-25 21:58:42.597  2817  2817 D SatelliteController: iisInCarrierRoamingNbIotNtn: satellite is disabled
11-25 21:58:42.600 15406 15406 D CellBroadcastReceiver: onReceive Intent { act=android.intent.action.SERVICE_STATE flg=0x1000010 xflg=0x4 cmp=com.google.android.cellbroadcastreceiver/com.android.cellbroadcastreceiver.CellBroadcastReceiver (has extras) }
11-25 21:58:42.601 15406 15406 D CellBroadcastReceiver: onServiceStateChanged, ss: 0
11-25 21:58:42.601 15406 15406 D CellBroadcastReceiver: networkOperator: 40416
11-25 21:58:42.601 15406 15406 D CellBroadcastReceiver: roamingNetworks: [XXX]
11-25 21:58:42.602 15406 15406 D CellBroadcastReceiver: update supported roaming operator as 
11-25 21:58:42.609  2817  2817 I Telephony: TelecomAccountRegistry$TelecomAccountTelephonyCallback: TelecomAccountRegistry: onServiceStateChanged: newState=0, mServiceState=0
11-25 21:58:42.613  2817  2817 I Telephony: isRttCurrentlySupported -- regular acct, hasVoiceAvailability: true
11-25 21:58:42.613  2817  2817 I Telephony:  isRttSupported: false
11-25 21:58:42.613  2817  2817 I Telephony:  alwaysAllowWhileRoaming: false
11-25 21:58:42.613  2817  2817 I Telephony:  isRoaming: true
11-25 21:58:42.613  2817  2817 I Telephony:  isOnWfc: true
11-25 21:58:42.614  2817  2817 D PhoneGlobals: Skip roaming connected notification since already shownInThisNumeric:true shownForThisReason:false shouldShowRoamingNotification:false
11-25 21:58:42.641  1308  1308 I WifiHAL : index: 0 per_rate_size 32, data_rem_len 1152
11-25 21:58:42.641  1308  1308 I WifiHAL : index: 1 per_rate_size 32, data_rem_len 1120
11-25 21:58:42.641  1308  1308 I WifiHAL : index: 2 per_rate_size 32, data_rem_len 1088
11-25 21:58:42.641  1308  1308 I WifiHAL : index: 3 per_rate_size 32, data_rem_len 1056
11-25 21:58:42.641  1308  1308 I WifiHAL : index: 4 per_rate_size 32, data_rem_len 1024
11-25 21:58:42.641  1308  1308 I WifiHAL : index: 5 per_rate_size 32, data_rem_len 992
11-25 21:58:42.641  1308  1308 I WifiHAL : index: 6 per_rate_size 32, data_rem_len 960
11-25 21:58:42.641  1308  1308 I WifiHAL : index: 7 per_rate_size 32, data_rem_len 928
11-25 21:58:42.641  1308  1308 I WifiHAL : index: 8 per_rate_size 32, data_rem_len 896
11-25 21:58:42.641  1308  1308 I WifiHAL : index: 9 per_rate_size 32, data_rem_len 864
11-25 21:58:42.641  1308  1308 I WifiHAL : index: 10 per_rate_size 32, data_rem_len 832
11-25 21:58:42.641  1308  1308 I WifiHAL : index: 11 per_rate_size 32, data_rem_len 800
11-25 21:58:42.641  1308  1308 I WifiHAL : index: 12 per_rate_size 32, data_rem_len 768
11-25 21:58:42.641  1308  1308 I WifiHAL : index: 13 per_rate_size 32, data_rem_len 736
11-25 21:58:42.641  1308  1308 I WifiHAL : index: 14 per_rate_size 32, data_rem_len 704
11-25 21:58:42.641  1308  1308 I WifiHAL : index: 15 per_rate_size 32, data_rem_len 672
11-25 21:58:42.641  1308  1308 I WifiHAL : index: 16 per_rate_size 32, data_rem_len 640
11-25 21:58:42.641  1308  1308 I WifiHAL : index: 17 per_rate_size 32, data_rem_len 608
11-25 21:58:42.641  1308  1308 I WifiHAL : index: 18 per_rate_size 32, data_rem_len 576
11-25 21:58:42.641  1308  1308 I WifiHAL : index: 19 per_rate_size 32, data_rem_len 544
11-25 21:58:42.641  1308  1308 I WifiHAL : index: 20 per_rate_size 32, data_rem_len 512
11-25 21:58:42.641  1308  1308 I WifiHAL : index: 21 per_rate_size 32, data_rem_len 480
11-25 21:58:42.641  1308  1308 I WifiHAL : index: 22 per_rate_size 32, data_rem_len 448
11-25 21:58:42.641  1308  1308 I WifiHAL : index: 23 per_rate_size 32, data_rem_len 416
11-25 21:58:42.641  1308  1308 I WifiHAL : index: 24 per_rate_size 32, data_rem_len 384
11-25 21:58:42.641  1308  1308 I WifiHAL : index: 25 per_rate_size 32, data_rem_len 352
11-25 21:58:42.641  1308  1308 I WifiHAL : index: 26 per_rate_size 32, data_rem_len 320
11-25 21:58:42.641  1308  1308 I WifiHAL : index: 27 per_rate_size 32, data_rem_len 288
11-25 21:58:42.641  1308  1308 I WifiHAL : index: 28 per_rate_size 32, data_rem_len 256
11-25 21:58:42.641  1308  1308 I WifiHAL : index: 29 per_rate_size 32, data_rem_len 224
11-25 21:58:42.641  1308  1308 I WifiHAL : index: 30 per_rate_size 32, data_rem_len 192
11-25 21:58:42.641  1308  1308 I WifiHAL : index: 31 per_rate_size 32, data_rem_len 160
11-25 21:58:42.642  1308  1308 I WifiHAL : index: 32 per_rate_size 32, data_rem_len 128
11-25 21:58:42.642  1308  1308 I WifiHAL : index: 33 per_rate_size 32, data_rem_len 96
11-25 21:58:42.642  1308  1308 I WifiHAL : index: 34 per_rate_size 32, data_rem_len 64
11-25 21:58:42.642  1308  1308 I WifiHAL : index: 35 per_rate_size 32, data_rem_len 32
11-25 21:58:42.642  1308  1308 E libbinder.IPCThreadState: binder thread pool (1 threads) starved for 139 ms
11-25 21:58:42.658  1308  1308 I WifiHAL : Getting cached scan results, iface handle = 0xb400007434aca650
11-25 21:58:42.658  1308  1308 E WifiHAL : Creating message to get cached scan results
11-25 21:58:42.672  1308  1308 I WifiHAL : In GetCachedScanResultsCommand::handleResponse
11-25 21:58:42.737  1734  2436 D ConnectivityService: NetReassign [no changes] [c 3] [a 3] [i 6]
11-25 21:58:42.756  2775  2775 I SHANNON_IMS: 2610 [CALL] isEmcAvailable for true (ImsCallManager%isEmcAvailable:1571)
11-25 21:58:42.861 29073 29073 D BoundBrokerSvc: onUnbind: Intent { act=com.google.android.gms.auth.api.signin.service.START xflg=0x4 pkg=com.google.android.gms }
11-25 21:58:42.872 16813 16813 I Finsky  : [2] Memory trim requested to level 40
11-25 21:58:42.872 16813 16813 I Finsky  : [2] Flushing in-memory image cache
11-25 21:58:42.934  1267  1323 D CHRE.HAL: Received a nanoapp message from 0x476f6f676c00103b endpoint 0x2: Type 0x7ffffff5 size 25 
11-25 21:58:42.936  1267  1323 I CHRE    : @ 88613.746: [Wallaby] >>>>>>>>>>>>>>>> Starting prox >>>>>>>>>>>>>>>>
11-25 21:58:42.936  1267  1323 I CHRE    : @ 88613.747: [WallabySM] ProxManager:Update: CoolingOff --> Running, event=MinRefreshDelayTimer, event_val=1
11-25 21:58:42.936  1267  1323 I CHRE    : @ 88613.748: [WallabyPD] 	Device (0x1)  >>> not-stationary  - not-in-pocket <<< Config: Default FCN 
11-25 21:58:42.936  1267  1323 I CHRE    : @ 88613.748: [Wallaby] PocketEvent Pos: 0x21 -> 0x1, IsHostAwake: 1
11-25 21:58:42.936  1267  1323 I CHRE    : @ 88613.748: [WallabyCL] ShouldSendResult: on any change, prior=0x21, now=0x1
11-25 21:58:42.939  2706  2706 V Endpoint: RpcCall[wallaby.WallabyService/Subscribe|channel=65538|active] received server stream with 7 B payload
11-25 21:58:42.940  2706  2706 I ContextualAwarenessService: earlyScreenTimeoutDetected: No.
11-25 21:58:43.439  1267  1323 I CHRE    : @ 88614.251: [WallabyPD] 	Device (0x1)  >>> not-stationary  - not-in-pocket <<< Config: Default FCN 
11-25 21:58:43.439  1267  1323 I CHRE    : @ 88614.251: [Wallaby] PocketEvent Pos: 0x1 -> 0x1, IsHostAwake: 1
11-25 21:58:43.680  2817  3192 D SatelliteController: iisInCarrierRoamingNbIotNtn: satellite is disabled
11-25 21:58:43.684  2775  2775 I SHANNON_IMS: 2611 [PROX] Received onSignalStrengthsChanged [CellSignalStrengthLte: rssi=-87 rsrp=-121 rsrq=-10 rssnr=-4 cqiTableIndex=1 cqi=14 ta=3 level=1 parametersUseForLevel=0] [SLID:0 APM:false] (ImsConnectivityProxyListener$ImsPhoneStateListener%onSignalStrengthsChanged:413)
11-25 21:58:43.714   499   592 D DisplayModeController: setDesiredMode 4619827677550801152 {mode={fps=120.00 Hz, modePtr={id=1, vsyncRate=120.00 Hz, peakRefreshRate=120.00 Hz}}, emitEvent=true, force=false}
11-25 21:58:43.729   502   581 D hwc-display: setActiveConfigWithConstraints:: PrimaryDisplay config(37) test(0)
11-25 21:58:43.729   502   581 I hwc-display: [PrimaryDisplay] setActiveConfigWithConstraints: config(37)
11-25 21:58:43.754  1476  1476 D AOC     : A3:MSG: tmd3733_device.cc, 3186: USF: TMD3733: vsync_delay_usec: 4000
11-25 21:58:43.756  1291  1875 D AidlBufferPool: bufferpool2 0xb40000746657ca18 : 5(9319880 size) total buffers - 5(9319880 size) used buffers - 9167/9187 (recycle/alloc) - 146/9182 (fetch/transfer)
11-25 21:58:43.758 26759 32642 D AidlBufferPool: bufferpool2 0x20000758af2f798 : 0(0 size) total buffers - 0(0 size) used buffers - 0/0 (recycle/alloc) - 0/0 (fetch/transfer)
11-25 21:58:43.759  1291  1851 W samsung.hardware.media.c2@1.2-service: AIBinder_linkToDeath is being called with a non-null cookie and no onUnlink callback set. This might not be intended. AIBinder_DeathRecipient_setOnUnlinked should be called first.
11-25 21:58:43.782  2775  2798 W nnon.imsservice: Reducing the number of considered missed Gc histogram windows from 173 to 100
11-25 21:58:43.926  1267  1323 D CHRE.HAL: Received a nanoapp message from 0x476f6f676c001022 endpoint 0x8042: Type 0x3 size 8 
11-25 21:58:43.927  1282  2064 I suez-nanoapp-clients: Barometric peak detected: magnitude = 0.320529 hPa (bucket: 7), duration = 480.000000 ms (bucket: 39).
11-25 21:58:43.927  1282  2064 I suez-nanoapp-clients: Vendor atom [id = 100047] reported.
11-25 21:58:43.928  1267  1323 I CHRE    : @ 88614.739: [ip] Peak detected: magnitude = 0.320529 hpa, duration = 480.000000 ms
11-25 21:58:43.928  1267  1323 D CHRE.HAL: Received a nanoapp message from 0x476f6f676c001022 endpoint 0x8042: Type 0x3 size 8 
11-25 21:58:43.929  1282  2064 I suez-nanoapp-clients: Barometric peak detected: magnitude = 0.223413 hPa (bucket: 5), duration = 240.000000 ms (bucket: 21).
11-25 21:58:43.929  1282  2064 I suez-nanoapp-clients: Vendor atom [id = 100047] reported.
11-25 21:58:43.931  1267  1323 D CHRE.HAL: Received a nanoapp message from 0x476f6f676c001022 endpoint 0x8042: Type 0x3 size 8 
11-25 21:58:43.931  1282  2064 I suez-nanoapp-clients: Barometric peak detected: magnitude = 0.326526 hPa (bucket: 7), duration = 520.000000 ms (bucket: 41).
11-25 21:58:43.931  1282  2064 I suez-nanoapp-clients: Vendor atom [id = 100047] reported.
11-25 21:58:43.932  1267  1323 I CHRE    : @ 88614.740: [ip] Peak detected: magnitude = 0.223413 hpa, duration = 240.000000 ms
11-25 21:58:43.932  1267  1323 I CHRE    : @ 88614.740: [ip] Peak detected: magnitude = 0.326526 hpa, duration = 520.000000 ms
11-25 21:58:44.211  3136  2994 I NearbySharing: Network state changed: NetworkState(isRestricted=false, isOnline=true, isCongested=false, isMetered=false, isWifiConnected=true)
11-25 21:58:44.455  1267  1323 I CHRE    : @ 88615.267: [WallabyPD] 	Device (0x1)  >>> not-stationary  - not-in-pocket <<< Config: Default FCN 
11-25 21:58:44.455  1267  1323 I CHRE    : @ 88615.267: [Wallaby] PocketEvent Pos: 0x1 -> 0x1, IsHostAwake: 1
11-25 21:58:44.511  2714  2714 D GRIL-S  : [4525]> SET_PREFERRED_CAMERA_FREQ_1_5[2719000, 2867000]
11-25 21:58:44.513  2714  3452 D GRIL-S  : [4525]< SET_PREFERRED_CAMERA_FREQ_1_5 
11-25 21:58:44.516  2714  2714 D GRIL-S  : [4526]> SET_PREFERRED_CAMERA_FREQ_1_5[1961000, 2599000]
11-25 21:58:44.517  2714  3452 D GRIL-S  : [4526]< SET_PREFERRED_CAMERA_FREQ_1_5 
11-25 21:58:44.520  2714  2714 D GRIL-S  : [4527]> SET_PREFERRED_CAMERA_FREQ_1_5[1628000, 1665000]
11-25 21:58:44.521  2714  3452 D GRIL-S  : [4527]< SET_PREFERRED_CAMERA_FREQ_1_5 
11-25 21:58:44.523  2714  2714 D GRIL-S  : [4528]> SET_PREFERRED_DISPLAY_FREQ_1_4[756000]
11-25 21:58:44.525  2714  3452 D GRIL-S  : [4528]< SET_PREFERRED_DISPLAY_FREQ_1_4 
11-25 21:58:44.528  2714  2714 D GRIL-S  : [4529]> SET_PREFERRED_CAMERA_FREQ_1_5[126380, 202200]
11-25 21:58:44.529  2714  3452 D GRIL-S  : [4529]< SET_PREFERRED_CAMERA_FREQ_1_5 
11-25 21:58:44.531  2714  2714 D GRIL-S  : [4530]> SET_DISPLAY_SSC
11-25 21:58:44.559  2880  2880 I NotificationListener: received notification removed event - com.internet.speed.meter#UserHandle{0},category=-1
11-25 21:58:44.567  4338  5643 I AiAiEcho: SmartspaceNotificationPredictor no parser can handle this notification or notification is invalid
11-25 21:58:44.567  2534  2534 I SsBaseTemplateCard: setFormattedContentDescription: text=Clear day, iconDescription=Clear day, contentDescription=Clear day Clear day
11-25 21:58:44.567  2534  2534 D SsBaseTemplateCard: Passed-in item info is null
11-25 21:58:44.567  2534  2534 D SsBaseTemplateCard: Passed-in item info is null
11-25 21:58:44.597  1734  1895 I DisplayPowerController[0]: BrightnessEvent: brt=0.033304803(54.0%), nits=61.527283, lux=46.952236, reason=automatic, strat=AutomaticBrightnessStrategy, state=ON, stateReason=DEFAULT_POLICY, policy=BRIGHT, flags=, initBrt=0.025853664, rcmdBrt=0.033304803, preBrt=0.025853664, preLux=11.544259, lastReadLux=46.952236, wasShortTermModelActive=false, autoBrightness=true (default), unclampedBrt=0.033304803, hbmMax=0.33444074, hbmMode=off, thrmMax=1.0, rbcStrength=50, powerFactor=1.0, physDisp=Built-in Screen(local:4619827677550801152), logicalId=0, slowChange=true, rampSpeed=0.05
11-25 21:58:44.604  1734  1810 I BrightnessSynchronizer: [547] New Update 0.033304803(f) set brightness values:  9(i)
11-25 21:58:44.607  1734  1810 I BrightnessSynchronizer: Swallowing update of 9(i) by update: {[547] 0.033304803(f), mUpdatedTypes=1, mConfirmedTypes=1, mTimeUpdated=43408688}
11-25 21:58:44.607  1734  1810 I BrightnessSynchronizer: Completed Update: {[547] 0.033304803(f), mUpdatedTypes=1, mConfirmedTypes=1, mTimeUpdated=43408688}
11-25 21:58:44.607  2792  3310 I PixelDisplayManager: onDisplayChanged(Built-in Screen, 0, local:4619827677550801152): screenOn=true, hbmMode=0, br=0.033304803, product=DeviceProductInfo{name=Common Panel, manufacturerPnpId=GGL, productId=0, modelYear=null, manufactureDate=ManufactureDate{week=1, year=1990}, connectionToSinkType=1}
11-25 21:58:44.613   502   581 I hwc-display: path=drm, id=0, level=795, nits=48.353554, brightness=0.025920, DimmingOn=0, Hbm=0, LhbmOn=0, OpRate=0
11-25 21:58:44.620   502   581 I hwc-display: path=drm, id=0, level=796, nits=48.494068, brightness=0.025998, DimmingOn=0, Hbm=0, LhbmOn=0, OpRate=0
11-25 21:58:44.637   502 25581 I hwc-display: path=drm, id=0, level=798, nits=48.772255, brightness=0.026154, DimmingOn=0, Hbm=0, LhbmOn=0, OpRate=0
11-25 21:58:44.645   502 25581 I hwc-display: path=drm, id=0, level=799, nits=48.912117, brightness=0.026232, DimmingOn=0, Hbm=0, LhbmOn=0, OpRate=0
11-25 21:58:44.662   502 25581 I hwc-display: path=drm, id=0, level=801, nits=49.191837, brightness=0.026388, DimmingOn=0, Hbm=0, LhbmOn=0, OpRate=0
11-25 21:58:44.671   502 25581 I hwc-display: path=drm, id=0, level=802, nits=49.332077, brightness=0.026467, DimmingOn=0, Hbm=0, LhbmOn=0, OpRate=0
11-25 21:58:44.687   502   581 I hwc-display: path=drm, id=0, level=804, nits=49.612564, brightness=0.026624, DimmingOn=0, Hbm=0, LhbmOn=0, OpRate=0
11-25 21:58:44.696   502 25581 I hwc-display: path=drm, id=0, level=805, nits=49.753090, brightness=0.026702, DimmingOn=0, Hbm=0, LhbmOn=0, OpRate=0
11-25 21:58:44.712   502 25581 I hwc-display: path=drm, id=0, level=807, nits=50.034389, brightness=0.026860, DimmingOn=0, Hbm=0, LhbmOn=0, OpRate=0
11-25 21:58:44.715   499   592 D DisplayModeController: setDesiredMode 4619827677550801152 {mode={fps=60.00 Hz, modePtr={id=0, vsyncRate=60.00 Hz, peakRefreshRate=60.00 Hz}}, emitEvent=false, force=false}
11-25 21:58:44.721   502 25581 I hwc-display: path=drm, id=0, level=808, nits=50.175716, brightness=0.026939, DimmingOn=0, Hbm=0, LhbmOn=0, OpRate=0
11-25 21:58:44.730   502 25581 I hwc-display: path=drm, id=0, level=809, nits=50.315899, brightness=0.027017, DimmingOn=0, Hbm=0, LhbmOn=0, OpRate=0
11-25 21:58:44.738   502 25581 I hwc-display: path=drm, id=0, level=810, nits=50.457401, brightness=0.027096, DimmingOn=0, Hbm=0, LhbmOn=0, OpRate=0
11-25 21:58:44.746   502 25581 I hwc-display: path=drm, id=0, level=811, nits=50.599106, brightness=0.027175, DimmingOn=0, Hbm=0, LhbmOn=0, OpRate=0
11-25 21:58:44.762   502 25581 I hwc-display: path=drm, id=0, level=812, nits=50.741032, brightness=0.027255, DimmingOn=0, Hbm=0, LhbmOn=0, OpRate=0
11-25 21:58:44.763   502 25581 D hwc-display: setActiveConfigWithConstraints:: PrimaryDisplay config(36) test(0)
11-25 21:58:44.763   502 25581 I hwc-display: [PrimaryDisplay] setActiveConfigWithConstraints: config(36)
11-25 21:58:44.773  1476  1476 D AOC     : A3:MSG: tmd3733_device.cc, 3256: USF: TMD3733: dbv:811 luma:21 leak:0.05 rr:60 te2:0 status:1 op_hz:0 [1]
11-25 21:58:44.774  1476  1476 D AOC     : A3:MSG: tmd3733_device.cc, 3186: USF: TMD3733: vsync_delay_usec: 12120
11-25 21:58:44.779   502 25581 I hwc-display: path=drm, id=0, level=814, nits=51.025494, brightness=0.027414, DimmingOn=0, Hbm=0, LhbmOn=0, OpRate=0
11-25 21:58:44.796   502 25581 I hwc-display: path=drm, id=0, level=816, nits=51.310787, brightness=0.027573, DimmingOn=0, Hbm=0, LhbmOn=0, OpRate=0
11-25 21:58:44.813   502 25581 I hwc-display: path=drm, id=0, level=818, nits=51.596897, brightness=0.027733, DimmingOn=0, Hbm=0, LhbmOn=0, OpRate=0
11-25 21:58:44.829   502   581 I hwc-display: path=drm, id=0, level=820, nits=51.884113, brightness=0.027894, DimmingOn=0, Hbm=0, LhbmOn=0, OpRate=0
11-25 21:58:44.846   502 25581 I hwc-display: path=drm, id=0, level=822, nits=52.171894, brightness=0.028055, DimmingOn=0, Hbm=0, LhbmOn=0, OpRate=0
11-25 21:58:44.863   502 25581 I hwc-display: path=drm, id=0, level=824, nits=52.460484, brightness=0.028216, DimmingOn=0, Hbm=0, LhbmOn=0, OpRate=0
11-25 21:58:44.880   502 25581 I hwc-display: path=drm, id=0, level=826, nits=52.749908, brightness=0.028378, DimmingOn=0, Hbm=0, LhbmOn=0, OpRate=0
11-25 21:58:44.896   502   581 I hwc-display: path=drm, id=0, level=828, nits=53.041008, brightness=0.028541, DimmingOn=0, Hbm=0, LhbmOn=0, OpRate=0
11-25 21:58:44.912   502 25581 I hwc-display: path=drm, id=0, level=830, nits=53.333344, brightness=0.028705, DimmingOn=0, Hbm=0, LhbmOn=0, OpRate=0
11-25 21:58:44.929   502 25581 I hwc-display: path=drm, id=0, level=832, nits=53.625679, brightness=0.028868, DimmingOn=0, Hbm=0, LhbmOn=0, OpRate=0
11-25 21:58:44.946   502 25581 I hwc-display: path=drm, id=0, level=834, nits=53.918797, brightness=0.029032, DimmingOn=0, Hbm=0, LhbmOn=0, OpRate=0
11-25 21:58:44.963   502   581 I hwc-display: path=drm, id=0, level=837, nits=54.212585, brightness=0.029196, DimmingOn=0, Hbm=0, LhbmOn=0, OpRate=0
11-25 21:58:44.979   502 25581 I hwc-display: path=drm, id=0, level=839, nits=54.507191, brightness=0.029361, DimmingOn=0, Hbm=0, LhbmOn=0, OpRate=0
11-25 21:58:44.996   502 25581 I hwc-display: path=drm, id=0, level=841, nits=54.802616, brightness=0.029526, DimmingOn=0, Hbm=0, LhbmOn=0, OpRate=0
11-25 21:58:45.013   502 25581 I hwc-display: path=drm, id=0, level=843, nits=55.098839, brightness=0.029692, DimmingOn=0, Hbm=0, LhbmOn=0, OpRate=0
11-25 21:58:45.029   502   581 I hwc-display: path=drm, id=0, level=845, nits=55.395905, brightness=0.029858, DimmingOn=0, Hbm=0, LhbmOn=0, OpRate=0
11-25 21:58:45.046   502 25581 I hwc-display: path=drm, id=0, level=847, nits=55.693794, brightness=0.030025, DimmingOn=0, Hbm=0, LhbmOn=0, OpRate=0
11-25 21:58:45.063   502 25581 I hwc-display: path=drm, id=0, level=849, nits=55.992523, brightness=0.030192, DimmingOn=0, Hbm=0, LhbmOn=0, OpRate=0
11-25 21:58:45.079   502 25581 I hwc-display: path=drm, id=0, level=851, nits=56.292061, brightness=0.030359, DimmingOn=0, Hbm=0, LhbmOn=0, OpRate=0
11-25 21:58:45.096   502   581 I hwc-display: path=drm, id=0, level=853, nits=56.592411, brightness=0.030527, DimmingOn=0, Hbm=0, LhbmOn=0, OpRate=0
11-25 21:58:45.113   502 25581 I hwc-display: path=drm, id=0, level=855, nits=56.893620, brightness=0.030696, DimmingOn=0, Hbm=0, LhbmOn=0, OpRate=0
11-25 21:58:45.129   502 25581 I hwc-display: path=drm, id=0, level=858, nits=57.195576, brightness=0.030865, DimmingOn=0, Hbm=0, LhbmOn=0, OpRate=0
11-25 21:58:45.146   502 25581 I hwc-display: path=drm, id=0, level=860, nits=57.498360, brightness=0.031034, DimmingOn=0, Hbm=0, LhbmOn=0, OpRate=0
11-25 21:58:45.163   502   581 I hwc-display: path=drm, id=0, level=862, nits=57.802055, brightness=0.031204, DimmingOn=0, Hbm=0, LhbmOn=0, OpRate=0
11-25 21:58:45.180   502 25581 I hwc-display: path=drm, id=0, level=864, nits=58.106472, brightness=0.031374, DimmingOn=0, Hbm=0, LhbmOn=0, OpRate=0
11-25 21:58:45.196   502 25581 I hwc-display: path=drm, id=0, level=866, nits=58.411743, brightness=0.031545, DimmingOn=0, Hbm=0, LhbmOn=0, OpRate=0
11-25 21:58:45.213   502 25581 I hwc-display: path=drm, id=0, level=868, nits=58.717896, brightness=0.031716, DimmingOn=0, Hbm=0, LhbmOn=0, OpRate=0
11-25 21:58:45.229   502   581 I hwc-display: path=drm, id=0, level=870, nits=59.024700, brightness=0.031888, DimmingOn=0, Hbm=0, LhbmOn=0, OpRate=0
11-25 21:58:45.246   502 25581 I hwc-display: path=drm, id=0, level=873, nits=59.332554, brightness=0.032060, DimmingOn=0, Hbm=0, LhbmOn=0, OpRate=0
11-25 21:58:45.263   502 25581 I hwc-display: path=drm, id=0, level=875, nits=59.641159, brightness=0.032232, DimmingOn=0, Hbm=0, LhbmOn=0, OpRate=0
11-25 21:58:45.280   502 25581 I hwc-display: path=drm, id=0, level=877, nits=59.950703, brightness=0.032405, DimmingOn=0, Hbm=0, LhbmOn=0, OpRate=0
11-25 21:58:45.296   502   581 I hwc-display: path=drm, id=0, level=879, nits=60.260952, brightness=0.032579, DimmingOn=0, Hbm=0, LhbmOn=0, OpRate=0
11-25 21:58:45.313   502 25581 I hwc-display: path=drm, id=0, level=881, nits=60.572147, brightness=0.032753, DimmingOn=0, Hbm=0, LhbmOn=0, OpRate=0
11-25 21:58:45.329   502 25581 I hwc-display: path=drm, id=0, level=883, nits=60.884212, brightness=0.032928, DimmingOn=0, Hbm=0, LhbmOn=0, OpRate=0
11-25 21:58:45.346   502 25581 I hwc-display: path=drm, id=0, level=885, nits=61.197021, brightness=0.033102, DimmingOn=0, Hbm=0, LhbmOn=0, OpRate=0
11-25 21:58:45.363   502   581 I hwc-display: path=drm, id=0, level=887, nits=61.510727, brightness=0.033278, DimmingOn=0, Hbm=0, LhbmOn=0, OpRate=0
11-25 21:58:45.470  1267  1323 I CHRE    : @ 88616.281: [WallabyPD] 	Device (0x1)  >>> not-stationary  - not-in-pocket <<< Config: Default FCN 
11-25 21:58:45.470  1267  1323 I CHRE    : @ 88616.282: [Wallaby] PocketEvent Pos: 0x1 -> 0x1, IsHostAwake: 1
11-25 21:58:45.581  2880  2880 I NotificationListener: received notification removed event - com.internet.speed.meter#UserHandle{0},category=-1
11-25 21:58:45.583  4338  5643 I AiAiEcho: SmartspaceNotificationPredictor no parser can handle this notification or notification is invalid
11-25 21:58:45.606  2534  2534 I SsBaseTemplateCard: setFormattedContentDescription: text=Clear day, iconDescription=Clear day, contentDescription=Clear day Clear day
11-25 21:58:45.606  2534  2534 D SsBaseTemplateCard: Passed-in item info is null
11-25 21:58:45.606  2534  2534 D SsBaseTemplateCard: Passed-in item info is null
11-25 21:58:45.651  1267  1323 I CHRE    : @ 88616.461: [AR] inconsistent: 41.176472
11-25 21:58:45.652  1267  1323 D CHRE.HAL: Received a nanoapp message from 0x476f6f676c00103b endpoint 0x2: Type 0x7ffffff5 size 25 
11-25 21:58:45.652  1267  1323 I CHRE    : @ 88616.464: [WallabyPD] 	Device (0x21)  >>> stationary faceup - not-in-pocket <<< Config: Default FCN 
11-25 21:58:45.652  1267  1323 I CHRE    : @ 88616.464: [Wallaby] PocketEvent Pos: 0x1 -> 0x21, IsHostAwake: 1
11-25 21:58:45.652  1267  1323 I CHRE    : @ 88616.464: [WallabyCL] ShouldSendResult: on any change, prior=0x1, now=0x21
11-25 21:58:45.655  1476  1476 D AOC     : A3:MSG: usf_sensor.cc, 1784: USF: Received start sampling request for ICM45631 Motion Detect (active:1).
11-25 21:58:45.655  1476  1476 D AOC     : A3:MSG: icm456xy_device.cc, 414: USF: Icm456xyDevice: Sensor 3, period 640000000 ns, latency 0 ns.
