11-25 21:58:58.463  1267  1323 I CHRE    : @ 88629.274: [vice_capo] Updated position from 2 to 1
11-25 21:58:58.463  1267  1323 I CHRE    : @ 88629.274: [vice] Updating Capo State from STILL_FACE_UP to IN_MOTION
11-25 21:58:58.463  1267  1323 I CHRE    : @ 88629.275: [vice_ambient_light] Cancelling existing timer to start new timer from state 2
11-25 21:58:58.468  2706  2706 V AdaptiveHaptics: Vice: received message MESSAGE_TYPE_CONTEXT_UPDATE
11-25 21:58:58.469  2706  2706 I AdaptiveHaptics: Set scale to manager: 1.0 for types: 4
11-25 21:58:58.469  2706  2706 I AdaptiveHaptics: Set scale to manager: 1.0 for types: 1
11-25 21:58:58.470  2706  2706 I AdaptiveHaptics: Set scale to manager: 1.0 for types: 2
11-25 21:58:58.470  2706  2706 I AdaptiveHaptics: State updated : Intensity : INTENSITY_MEDIUM
11-25 21:58:58.470  2706  2706 I AdaptiveHaptics:     Vice: 
11-25 21:58:58.470  2706  2706 I AdaptiveHaptics:       Capo: IN_MOTION
11-25 21:58:58.470  2706  2706 I AdaptiveHaptics:       AmbientVolume: QUIET
11-25 21:58:58.470  2706  2706 I AdaptiveHaptics:       AmbientLight: DARK
11-25 21:58:58.470  2706  2706 I AdaptiveHaptics:       Pocket: NOT_IN_POCKET
11-25 21:58:58.633  1308  1308 I WifiHAL : Creating message to get link statistics; iface = 47
11-25 21:58:58.684  1267  1323 D CHRE.HAL: Received a nanoapp message from 0x476f6f676c00103b endpoint 0x2: Type 0x7ffffff5 size 25 
11-25 21:58:58.685  1267  1323 I CHRE    : @ 88629.497: [WallabyPD] 	Device (0x1)  >>> not-stationary  - not-in-pocket <<< Config: Default FCN 
11-25 21:58:58.685  1267  1323 I CHRE    : @ 88629.497: [Wallaby] PocketEvent Pos: 0x21 -> 0x1, IsHostAwake: 1
11-25 21:58:58.685  1267  1323 I CHRE    : @ 88629.497: [WallabyCL] ShouldSendResult: on any change, prior=0x21, now=0x1
11-25 21:58:58.687  2706  2706 V Endpoint: RpcCall[wallaby.WallabyService/Subscribe|channel=65538|active] received server stream with 7 B payload
11-25 21:58:58.687  2706  2706 I ContextualAwarenessService: earlyScreenTimeoutDetected: No.
11-25 21:58:58.774  1308  1308 I WifiHAL : index: 0 per_rate_size 32, data_rem_len 1152
11-25 21:58:58.774  1308  1308 I WifiHAL : index: 1 per_rate_size 32, data_rem_len 1120
11-25 21:58:58.774  1308  1308 I WifiHAL : index: 2 per_rate_size 32, data_rem_len 1088
11-25 21:58:58.774  1308  1308 I WifiHAL : index: 3 per_rate_size 32, data_rem_len 1056
11-25 21:58:58.774  1308  1308 I WifiHAL : index: 4 per_rate_size 32, data_rem_len 1024
11-25 21:58:58.774  1308  1308 I WifiHAL : index: 5 per_rate_size 32, data_rem_len 992
11-25 21:58:58.774  1308  1308 I WifiHAL : index: 6 per_rate_size 32, data_rem_len 960
11-25 21:58:58.774  1308  1308 I WifiHAL : index: 7 per_rate_size 32, data_rem_len 928
11-25 21:58:58.774  1308  1308 I WifiHAL : index: 8 per_rate_size 32, data_rem_len 896
11-25 21:58:58.774  1308  1308 I WifiHAL : index: 9 per_rate_size 32, data_rem_len 864
11-25 21:58:58.774  1308  1308 I WifiHAL : index: 10 per_rate_size 32, data_rem_len 832
11-25 21:58:58.774  1308  1308 I WifiHAL : index: 11 per_rate_size 32, data_rem_len 800
11-25 21:58:58.774  1308  1308 I WifiHAL : index: 12 per_rate_size 32, data_rem_len 768
11-25 21:58:58.774  1308  1308 I WifiHAL : index: 13 per_rate_size 32, data_rem_len 736
11-25 21:58:58.774  1308  1308 I WifiHAL : index: 14 per_rate_size 32, data_rem_len 704
11-25 21:58:58.774  1308  1308 I WifiHAL : index: 15 per_rate_size 32, data_rem_len 672
11-25 21:58:58.774  1308  1308 I WifiHAL : index: 16 per_rate_size 32, data_rem_len 640
11-25 21:58:58.774  1308  1308 I WifiHAL : index: 17 per_rate_size 32, data_rem_len 608
11-25 21:58:58.777  1308  1308 I WifiHAL : index: 18 per_rate_size 32, data_rem_len 576
11-25 21:58:58.777  1308  1308 I WifiHAL : index: 19 per_rate_size 32, data_rem_len 544
11-25 21:58:58.777  1308  1308 I WifiHAL : index: 20 per_rate_size 32, data_rem_len 512
11-25 21:58:58.777  1308  1308 I WifiHAL : index: 21 per_rate_size 32, data_rem_len 480
11-25 21:58:58.777  1308  1308 I WifiHAL : index: 22 per_rate_size 32, data_rem_len 448
11-25 21:58:58.777  1308  1308 I WifiHAL : index: 23 per_rate_size 32, data_rem_len 416
11-25 21:58:58.777  1308  1308 I WifiHAL : index: 24 per_rate_size 32, data_rem_len 384
11-25 21:58:58.777  1308  1308 I WifiHAL : index: 25 per_rate_size 32, data_rem_len 352
11-25 21:58:58.777  1308  1308 I WifiHAL : index: 26 per_rate_size 32, data_rem_len 320
11-25 21:58:58.777  1308  1308 I WifiHAL : index: 27 per_rate_size 32, data_rem_len 288
11-25 21:58:58.777  1308  1308 I WifiHAL : index: 28 per_rate_size 32, data_rem_len 256
11-25 21:58:58.777  1308  1308 I WifiHAL : index: 29 per_rate_size 32, data_rem_len 224
11-25 21:58:58.777  1308  1308 I WifiHAL : index: 30 per_rate_size 32, data_rem_len 192
11-25 21:58:58.778  1308  1308 I WifiHAL : index: 31 per_rate_size 32, data_rem_len 160
11-25 21:58:58.778  1308  1308 I WifiHAL : index: 32 per_rate_size 32, data_rem_len 128
11-25 21:58:58.778  1308  1308 I WifiHAL : index: 33 per_rate_size 32, data_rem_len 96
11-25 21:58:58.778  1308  1308 I WifiHAL : index: 34 per_rate_size 32, data_rem_len 64
11-25 21:58:58.778  1308  1308 I WifiHAL : index: 35 per_rate_size 32, data_rem_len 32
11-25 21:58:58.778  1308  1308 E libbinder.IPCThreadState: binder thread pool (1 threads) starved for 145 ms
11-25 21:58:58.780  1308  1308 I WifiHAL : Getting cached scan results, iface handle = 0xb400007434aca650
11-25 21:58:58.780  1308  1308 E WifiHAL : Creating message to get cached scan results
11-25 21:58:58.793  1308  1308 I WifiHAL : In GetCachedScanResultsCommand::handleResponse
11-25 21:58:58.869  1734  2436 D ConnectivityService: NetReassign [no changes] [c 3] [a 7] [i 7]
11-25 21:58:59.705  1267  1323 I CHRE    : @ 88630.517: [WallabyPD] 	Device (0x1)  >>> not-stationary  - not-in-pocket <<< Config: Default FCN 
11-25 21:58:59.705  1267  1323 I CHRE    : @ 88630.517: [Wallaby] PocketEvent Pos: 0x1 -> 0x1, IsHostAwake: 1
11-25 21:58:59.865  1476  1476 D AOC     : A3:MSG: usf_vsc_log.cc, 54: USF: [WO] Change detected: previous_rotation: 3, proposed_rotation: 2
11-25 21:58:59.865  1476  1476 D AOC     : A3:MSG: usf_vsc_log.cc, 54: USF: [WO] Last acceleration 1193 ms ago > threshold.
11-25 21:58:59.866  1476  1476 D AOC     : A3:MSG: usf_vsc_log.cc, 54: USF: [WO] z-axis rotation: 0
11-25 21:58:59.867  1476  1476 D AOC     : A3:MSG: usf_vsc_log.cc, 54: USF: [WO] Last flat 3228 ms ago > threshold.
11-25 21:58:59.867  1476  1476 D AOC     : A3:MSG: usf_vsc_log.cc, 54: USF: [WO] Last swinging 919 ms ago > threshold.
11-25 21:58:59.867  1476  1476 D AOC     : A3:MSG: usf_vsc_log.cc, 54: USF: [WO] Tilt angle 2 Orientation angle 0
11-25 21:58:59.867  1476  1476 D AOC     : A3:MSG: usf_vsc_log.cc, 54: USF: [WO] Changed rotation to 2 at ts 88630612 ms, IMU 0
11-25 21:59:00.719  1267  1323 I CHRE    : @ 88631.530: [WallabyPD] 	Device (0x1)  >>> not-stationary  - not-in-pocket <<< Config: Default FCN 
11-25 21:59:00.719  1267  1323 I CHRE    : @ 88631.530: [Wallaby] PocketEvent Pos: 0x1 -> 0x1, IsHostAwake: 1
11-25 21:59:00.721  2880  2880 I NotificationListener: received notification removed event - com.internet.speed.meter#UserHandle{0},category=-1
11-25 21:59:00.724  4338  5643 I AiAiEcho: SmartspaceNotificationPredictor no parser can handle this notification or notification is invalid
11-25 21:59:00.741  2534  2534 I SsBaseTemplateCard: setFormattedContentDescription: text=Clear day, iconDescription=Clear day, contentDescription=Clear day Clear day
11-25 21:59:00.742  2534  2534 D SsBaseTemplateCard: Passed-in item info is null
11-25 21:59:00.742  2534  2534 D SsBaseTemplateCard: Passed-in item info is null
11-25 21:59:01.003  4338  5081 I AiAiEcho: (REDACTED) Predicting[%d]: %s
11-25 21:59:01.006  4338  5081 I AiAiEcho: (REDACTED) EchoTargets: %s
11-25 21:59:01.006  4338  5081 I AiAiEcho: Filtered by AiAi flag check: %s
11-25 21:59:01.008  4338  5081 I AiAiEcho: (REDACTED) #tapActionTwiddler: keeps UiSurface.ALL TapAction for: %s in the surface: %s for the cardId: %s
11-25 21:59:01.009  4338  5081 I AiAiEcho: (REDACTED) #weatherSubItemsTwiddler: Weather removes SubtitleSupplementalItem in surface: %s
11-25 21:59:01.009  4338  5081 I AiAiEcho: #remoteViewsTwiddler: feature disabled.
11-25 21:59:01.009  4338  5081 I AiAiEcho: (REDACTED) Predicting[%d]: %s
11-25 21:59:01.013  4338  5081 I AiAiEcho: (REDACTED) EchoTargets: %s
11-25 21:59:01.013  4338  5081 I AiAiEcho: Filtered by AiAi flag check: %s
11-25 21:59:01.014  4338  5081 I AiAiEcho: (REDACTED) #tapActionTwiddler: keeps UiSurface.ALL TapAction for: %s in the surface: %s for the cardId: %s
11-25 21:59:01.014  4338  5081 I AiAiEcho: (REDACTED) #weatherSubItemsTwiddler: Weather removes SubtitleSupplementalItem in surface: %s
11-25 21:59:01.014  4338  5081 I AiAiEcho: #remoteViewsTwiddler: feature disabled.
11-25 21:59:01.030  4338  5081 I AiAiEcho: (REDACTED) #postPredictionTargets: Sending updates to UISurface %s with targets# %s (types=[%s])
11-25 21:59:01.030   499   592 D DisplayModeController: setDesiredMode 4619827677550801152 {mode={fps=60.00 Hz, modePtr={id=0, vsyncRate=60.00 Hz, peakRefreshRate=60.00 Hz}}, emitEvent=false, force=false}
11-25 21:59:01.034  2534  2534 I WeatherSmartspaceView: setFormattedContentDescription: text=18C, iconDescription=Clear day, contentDescription=Clear day 18C
11-25 21:59:01.034  2534  2534 I WeatherSmartspaceView: setFormattedContentDescription: text=18C, iconDescription=Clear day, contentDescription=Clear day 18C
11-25 21:59:01.035  2534  2534 I WeatherData: Weather data parsed SUNNY ("Clear day") 18C from Bundle[{description=Clear day, feedback_intent=null, explanation_intent=Supplier{VAL_PARCELABLE@144+1920}, is_gaia_linked_data=true, use_celsius=true, state=1, temperature=18}]
11-25 21:59:01.038   502 25581 D hwc-display: setActiveConfigWithConstraints:: PrimaryDisplay config(36) test(0)
11-25 21:59:01.038   502 25581 I hwc-display: [PrimaryDisplay] setActiveConfigWithConstraints: config(36)
11-25 21:59:01.044  4338  5081 I AiAiEcho: (REDACTED) #postPredictionTargets: Sending updates to UISurface %s with targets# %s (types=[%s])
11-25 21:59:01.045  2534  2534 I SsBaseTemplateCard: setFormattedContentDescription: text=Clear day, iconDescription=Clear day, contentDescription=Clear day Clear day
11-25 21:59:01.046  2534  2534 D SsBaseTemplateCard: Passed-in item info is null
11-25 21:59:01.046  2534  2534 D SsBaseTemplateCard: Passed-in item info is null
11-25 21:59:01.063  1476  1476 D AOC     : A3:MSG: tmd3733_device.cc, 3186: USF: TMD3733: vsync_delay_usec: 12120
11-25 21:59:01.680  1267  1323 I CHRE    : @ 88632.490: [WallabyPD] 	Device (0x1)  >>> not-stationary  - not-in-pocket <<< Config: Default FCN 
11-25 21:59:01.680  1267  1323 I CHRE    : @ 88632.490: [Wallaby] PocketEvent Pos: 0x1 -> 0x1, IsHostAwake: 1
11-25 21:59:01.686  1267  1323 I CHRE    : @ 88632.499: [Wallaby] <<<<<<<<<<<<<<<< Stopping prox <<<<<<<<<<<<<<<<
11-25 21:59:01.686  1267  1323 I CHRE    : @ 88632.499: Failed to cancel timer ID 7302: not found
11-25 21:59:01.686  1267  1323 I CHRE    : @ 88632.499: [WallabySM] ProxManager:Update: Running --> CoolingOff, event=EvalTimer, event_val=1
11-25 21:59:01.733  2880  2880 I NotificationListener: received notification removed event - com.internet.speed.meter#UserHandle{0},category=-1
11-25 21:59:01.735  4338  5643 I AiAiEcho: SmartspaceNotificationPredictor no parser can handle this notification or notification is invalid
11-25 21:59:01.738  1267  1323 D CHRE.HAL: Received a nanoapp message from 0x476f6f676c001041 endpoint 0x1: Type 0x110 size 6 
11-25 21:59:01.739  1267  1323 I CHRE    : @ 88632.549: [vice] Updating Ambient Light state from DARK_FAR to BRIGHT_FAR
11-25 21:59:01.739  1267  1323 I CHRE    : @ 88632.549: [Wallaby] OnInferredProx: prox_state=kUnknown
11-25 21:59:01.739  1267  1323 I CHRE    : @ 88632.549: [Wallaby] OnInferredProx: prox_state=kFar
11-25 21:59:01.739  1267  1323 I CHRE    : @ 88632.551: [WallabyPD] 	Device (0x1)  >>> not-stationary  - not-in-pocket <<< Config: Default FCN 
11-25 21:59:01.739  1267  1323 I CHRE    : @ 88632.551: [Wallaby] PocketEvent Pos: 0x1 -> 0x1, IsHostAwake: 1
11-25 21:59:01.750  2706  2706 V AdaptiveHaptics: Vice: received message MESSAGE_TYPE_CONTEXT_UPDATE
11-25 21:59:01.750  2534  2534 I SsBaseTemplateCard: setFormattedContentDescription: text=Clear day, iconDescription=Clear day, contentDescription=Clear day Clear day
11-25 21:59:01.751  2534  2534 D SsBaseTemplateCard: Passed-in item info is null
11-25 21:59:01.751  2534  2534 D SsBaseTemplateCard: Passed-in item info is null
11-25 21:59:01.752  2706  2706 I AdaptiveHaptics: Skip for same intensity INTENSITY_MEDIUM
11-25 21:59:01.752  2706  2706 I AdaptiveHaptics: State updated : Intensity : INTENSITY_MEDIUM
11-25 21:59:01.752  2706  2706 I AdaptiveHaptics:     Vice: 
11-25 21:59:01.752  2706  2706 I AdaptiveHaptics:       Capo: IN_MOTION
11-25 21:59:01.752  2706  2706 I AdaptiveHaptics:       AmbientVolume: QUIET
11-25 21:59:01.752  2706  2706 I AdaptiveHaptics:       AmbientLight: BRIGHT
11-25 21:59:01.752  2706  2706 I AdaptiveHaptics:       Pocket: NOT_IN_POCKET
11-25 21:59:01.857  1308  1308 I WifiHAL : Creating message to get link statistics; iface = 47
11-25 21:59:01.997  1308  1308 I WifiHAL : index: 0 per_rate_size 32, data_rem_len 1152
11-25 21:59:01.997  1308  1308 I WifiHAL : index: 1 per_rate_size 32, data_rem_len 1120
11-25 21:59:01.997  1308  1308 I WifiHAL : index: 2 per_rate_size 32, data_rem_len 1088
11-25 21:59:01.997  1308  1308 I WifiHAL : index: 3 per_rate_size 32, data_rem_len 1056
11-25 21:59:01.997  1308  1308 I WifiHAL : index: 4 per_rate_size 32, data_rem_len 1024
11-25 21:59:01.997  1308  1308 I WifiHAL : index: 5 per_rate_size 32, data_rem_len 992
11-25 21:59:01.997  1308  1308 I WifiHAL : index: 6 per_rate_size 32, data_rem_len 960
11-25 21:59:01.997  1308  1308 I WifiHAL : index: 7 per_rate_size 32, data_rem_len 928
11-25 21:59:01.997  1308  1308 I WifiHAL : index: 8 per_rate_size 32, data_rem_len 896
11-25 21:59:01.997  1308  1308 I WifiHAL : index: 9 per_rate_size 32, data_rem_len 864
11-25 21:59:01.997  1308  1308 I WifiHAL : index: 10 per_rate_size 32, data_rem_len 832
11-25 21:59:01.997  1308  1308 I WifiHAL : index: 11 per_rate_size 32, data_rem_len 800
11-25 21:59:01.997  1308  1308 I WifiHAL : index: 12 per_rate_size 32, data_rem_len 768
11-25 21:59:01.997  1308  1308 I WifiHAL : index: 13 per_rate_size 32, data_rem_len 736
11-25 21:59:01.997  1308  1308 I WifiHAL : index: 14 per_rate_size 32, data_rem_len 704
11-25 21:59:01.997  1308  1308 I WifiHAL : index: 15 per_rate_size 32, data_rem_len 672
11-25 21:59:01.997  1308  1308 I WifiHAL : index: 16 per_rate_size 32, data_rem_len 640
11-25 21:59:01.997  1308  1308 I WifiHAL : index: 17 per_rate_size 32, data_rem_len 608
11-25 21:59:01.997  1308  1308 I WifiHAL : index: 18 per_rate_size 32, data_rem_len 576
11-25 21:59:01.997  1308  1308 I WifiHAL : index: 19 per_rate_size 32, data_rem_len 544
11-25 21:59:01.997  1308  1308 I WifiHAL : index: 20 per_rate_size 32, data_rem_len 512
11-25 21:59:01.997  1308  1308 I WifiHAL : index: 21 per_rate_size 32, data_rem_len 480
11-25 21:59:01.997  1308  1308 I WifiHAL : index: 22 per_rate_size 32, data_rem_len 448
11-25 21:59:01.997  1308  1308 I WifiHAL : index: 23 per_rate_size 32, data_rem_len 416
11-25 21:59:01.997  1308  1308 I WifiHAL : index: 24 per_rate_size 32, data_rem_len 384
11-25 21:59:01.997  1308  1308 I WifiHAL : index: 25 per_rate_size 32, data_rem_len 352
11-25 21:59:01.997  1308  1308 I WifiHAL : index: 26 per_rate_size 32, data_rem_len 320
11-25 21:59:01.997  1308  1308 I WifiHAL : index: 27 per_rate_size 32, data_rem_len 288
11-25 21:59:01.997  1308  1308 I WifiHAL : index: 28 per_rate_size 32, data_rem_len 256
11-25 21:59:01.997  1308  1308 I WifiHAL : index: 29 per_rate_size 32, data_rem_len 224
11-25 21:59:01.997  1308  1308 I WifiHAL : index: 30 per_rate_size 32, data_rem_len 192
11-25 21:59:01.997  1308  1308 I WifiHAL : index: 31 per_rate_size 32, data_rem_len 160
11-25 21:59:01.997  1308  1308 I WifiHAL : index: 32 per_rate_size 32, data_rem_len 128
11-25 21:59:01.997  1308  1308 I WifiHAL : index: 33 per_rate_size 32, data_rem_len 96
11-25 21:59:01.997  1308  1308 I WifiHAL : index: 34 per_rate_size 32, data_rem_len 64
11-25 21:59:01.997  1308  1308 I WifiHAL : index: 35 per_rate_size 32, data_rem_len 32
11-25 21:59:02.000  1308  3388 I WifiHAL : Getting cached scan results, iface handle = 0xb400007434aca650
11-25 21:59:02.000  1308  3388 E WifiHAL : Creating message to get cached scan results
11-25 21:59:02.013  1308  3388 I WifiHAL : In GetCachedScanResultsCommand::handleResponse
11-25 21:59:02.013  1308  3388 E libbinder.IPCThreadState: binder thread pool (1 threads) starved for 155 ms
11-25 21:59:02.084  1734  2436 D ConnectivityService: NetReassign [no changes] [c 4] [a 2] [i 6]
11-25 21:59:02.187  1267  1323 I CHRE    : @ 88632.999: [WallabySM] ProxManager:Update: CoolingOff --> Ready, event=MinRefreshDelayTimer, event_val=1
11-25 21:59:02.440  3136  2994 I NearbyMediums: No BLE Fast/GATT advertisements found in the latest cycle.
11-25 21:59:02.441  3136  2994 I NearbyMediums: Current Tracked Scanning Clients are : {NearbyConnections.EnvironmentMonitor, NearbySharing}
11-25 21:59:02.749  1267  1323 I CHRE    : @ 88633.561: [WallabyPD] 	Device (0x1)  >>> not-stationary  - not-in-pocket <<< Config: Default FCN 
11-25 21:59:02.749  1267  1323 I CHRE    : @ 88633.561: [Wallaby] PocketEvent Pos: 0x1 -> 0x1, IsHostAwake: 1
11-25 21:59:02.750  2880  2880 I NotificationListener: received notification removed event - com.internet.speed.meter#UserHandle{0},category=-1
11-25 21:59:02.757  4338  5643 I AiAiEcho: SmartspaceNotificationPredictor no parser can handle this notification or notification is invalid
11-25 21:59:02.762  2534  2534 I SsBaseTemplateCard: setFormattedContentDescription: text=Clear day, iconDescription=Clear day, contentDescription=Clear day Clear day
11-25 21:59:02.762  2534  2534 D SsBaseTemplateCard: Passed-in item info is null
11-25 21:59:02.762  2534  2534 D SsBaseTemplateCard: Passed-in item info is null
11-25 21:59:02.766  1267  1323 I CHRE    : @ 88633.571: [Wallaby] OnInferredProx: prox_state=kFar
11-25 21:59:02.767  1267  1323 I CHRE    : @ 88633.576: [WallabyPD] 	Device (0x1)  >>> not-stationary  - not-in-pocket <<< Config: Default FCN 
11-25 21:59:02.767  1267  1323 I CHRE    : @ 88633.576: [Wallaby] PocketEvent Pos: 0x1 -> 0x1, IsHostAwake: 1
11-25 21:59:02.767  1267  1323 I CHRE    : @ 88633.576: [Wallaby] OnInferredProx: prox_state=kFar
11-25 21:59:02.767  1267  1323 I CHRE    : @ 88633.578: [WallabyPD] 	Device (0x1)  >>> not-stationary  - not-in-pocket <<< Config: Default FCN 
11-25 21:59:02.767  1267  1323 I CHRE    : @ 88633.578: [Wallaby] PocketEvent Pos: 0x1 -> 0x1, IsHostAwake: 1
11-25 21:59:02.871  1335  1375 D shamp   : [TEA] [Domain: LTE DM] [Token: 9c07e879] [Timestamp: 1764088121117]: | 1_S |CC0 Mx0 Sc0| PCell SFN [ 988,7851 ], DL EARFCN [ 3, 1509], PCell ID [338], DL Bandwidth [ 3]
11-25 21:59:02.871  1335  1375 D shamp   : [TEA] [Domain: LTE_DM] [Token: b4155ea3] [Timestamp: 1764088121117]: |CC0 Mx0 Sc0| PCell SINR Avg: 8.06 RX Count: 2]
11-25 21:59:02.871  1335  1375 D shamp   : [TEA] [Domain: LTE_RRM] [Token: 48fb20ca] [Timestamp: 1764088121137]: Srxlev(19.38dB) S_NonIntraSearchP_Ind(1) S_NonIntraSearchP(14dB) LTERRM_S_NONINTRASEARCH_OFFSET(0dB)
11-25 21:59:02.871  1335  1375 D shamp   : [TEA] [Domain: LTE DM] [Token: 9c07e879] [Timestamp: 1764088122396]: | 1_S |CC0 Mx0 Sc0| PCell SFN [ 988,9130 ], DL EARFCN [ 3, 1509], PCell ID [338], DL Bandwidth [ 3]
11-25 21:59:02.871  1335  1375 D shamp   : [TEA] [Domain: LTE_DM] [Token: b4155ea3] [Timestamp: 1764088122396]: |CC0 Mx0 Sc0| PCell SINR Avg: 8.78 RX Count: 2]
11-25 21:59:02.871  1335  1375 D shamp   : [TEA] [Domain: LTE_RRM] [Token: 48fb20ca] [Timestamp: 1764088122398]: Srxlev(20.94dB) S_NonIntraSearchP_Ind(1) S_NonIntraSearchP(14dB) LTERRM_S_NONINTRASEARCH_OFFSET(0dB)
11-25 21:59:02.872  1335  1375 D shamp   : [TEA] [Domain: LTE DM] [Token: 9c07e879] [Timestamp: 1764088122477]: | 1_S |CC0 Mx0 Sc0| PCell SFN [ 988,9212 ], DL EARFCN [ 1,  265], PCell ID [ 39], DL Bandwidth [ 4]
11-25 21:59:02.872  1335  1375 D shamp   : [TEA] [Domain: LTE_DM] [Token: b4155ea3] [Timestamp: 1764088122478]: |CC0 Mx0 Sc0| PCell SINR Avg: -2.93 RX Count: 2]
11-25 21:59:02.872  1335  1375 D shamp   : [TEA] [Domain: LTE_RRM] [Token: e8e85339] [Timestamp: 1764088122480]: Primary Cell Priority: 6, Total Neighbors: 10, Num High Priority Neighbors: 2
11-25 21:59:02.872  1335  1375 D shamp   : [TEA] [Domain: LTE DM] [Token: 9c07e879] [Timestamp: 1764088122483]: | 1_S |CC0 Mx0 Sc0| PCell SFN [ 988,9218 ], DL EARFCN [ 1,  265], PCell ID [ 39], DL Bandwidth [ 4]
11-25 21:59:02.872  1335  1375 D shamp   : [TEA] [Domain: LTE_DM] [Token: b4155ea3] [Timestamp: 1764088122484]: |CC0 Mx0 Sc0| PCell SINR Avg: -0.94 RX Count: 2]
11-25 21:59:02.872  1335  1375 D shamp   : [TEA] [Domain: LTE DM] [Token: 9c07e879] [Timestamp: 1764088123676]: | 1_S |CC0 Mx0 Sc0| PCell SFN [ 988,171 ], DL EARFCN [ 1,  265], PCell ID [ 39], DL Bandwidth [ 4]
11-25 21:59:02.872  1335  1375 D shamp   : [TEA] [Domain: LTE_DM] [Token: b4155ea3] [Timestamp: 1764088123677]: |CC0 Mx0 Sc0| PCell SINR Avg: -4.43 RX Count: 2]
11-25 21:59:02.872  1335  1375 D shamp   : [TEA] [Domain: LTE_RRM] [Token: 48fb20ca] [Timestamp: 1764088123704]: Srxlev(1.51dB) S_NonIntraSearchP_Ind(1) S_NonIntraSearchP(14dB) LTERRM_S_NONINTRASEARCH_OFFSET(0dB)
11-25 21:59:02.872  1335  1375 D shamp   : [TEA] [Domain: LTE DM] [Token: 9c07e879] [Timestamp: 1764088124956]: | 1_S |CC0 Mx0 Sc0| PCell SFN [ 988,1450 ], DL EARFCN [ 1,  265], PCell ID [ 39], DL Bandwidth [ 4]
11-25 21:59:02.872  1335  1375 D shamp   : [TEA] [Domain: LTE_DM] [Token: b4155ea3] [Timestamp: 1764088124956]: |CC0 Mx0 Sc0| PCell SINR Avg: -3.48 RX Count: 2]
11-25 21:59:02.872  1335  1375 D shamp   : [TEA] [Domain: LTE_RRM] [Token: 48fb20ca] [Timestamp: 1764088125003]: Srxlev(2.35dB) S_NonIntraSearchP_Ind(1) S_NonIntraSearchP(14dB) LTERRM_S_NONINTRASEARCH_OFFSET(0dB)
11-25 21:59:02.872  1335  1375 D shamp   : [TEA] [Domain: LTE DM] [Token: 9c07e879] [Timestamp: 1764088126236]: | 1_S |CC0 Mx0 Sc0| PCell SFN [ 988,2730 ], DL EARFCN [ 1,  265], PCell ID [ 39], DL Bandwidth [ 4]
11-25 21:59:02.872  1335  1375 D shamp   : [TEA] [Domain: LTE_DM] [Token: b4155ea3] [Timestamp: 1764088126236]: |CC0 Mx0 Sc0| PCell SINR Avg: -1.77 RX Count: 2]
11-25 21:59:02.872  1335  1375 D shamp   : [TEA] [Domain: LTE_RRM] [Token: 48fb20ca] [Timestamp: 1764088126283]: Srxlev(3.09dB) S_NonIntraSearchP_Ind(1) S_NonIntraSearchP(14dB) LTERRM_S_NONINTRASEARCH_OFFSET(0dB)
11-25 21:59:02.872  1335  1375 D shamp   : [TEA] [Domain: LTE DM] [Token: 9c07e879] [Timestamp: 1764088127516]: | 1_S |CC0 Mx0 Sc0| PCell SFN [ 988,4010 ], DL EARFCN [ 1,  265], PCell ID [ 39], DL Bandwidth [ 4]
11-25 21:59:02.872  1335  1375 D shamp   : [TEA] [Domain: LTE_DM] [Token: b4155ea3] [Timestamp: 1764088127516]: |CC0 Mx0 Sc0| PCell SINR Avg: -2.35 RX Count: 2]
11-25 21:59:02.872  1335  1375 D shamp   : [TEA] [Domain: LTE_RRM] [Token: 48fb20ca] [Timestamp: 1764088127567]: Srxlev(3.21dB) S_NonIntraSearchP_Ind(1) S_NonIntraSearchP(14dB) LTERRM_S_NONINTRASEARCH_OFFSET(0dB)
11-25 21:59:02.872  1335  1375 D shamp   : [TEA] [Domain: LTE DM] [Token: 9c07e879] [Timestamp: 1764088127638]: | 1_S |CC0 Mx0 Sc0| PCell SFN [ 988,4132 ], DL EARFCN [40, 39348], PCell ID [338], DL Bandwidth [ 5]
11-25 21:59:02.872  1335  1375 D shamp   : [TEA] [Domain: LTE_DM] [Token: b4155ea3] [Timestamp: 1764088127638]: |CC0 Mx0 Sc0| PCell SINR Avg: 11.53 RX Count: 2]
11-25 21:59:02.872  1335  1375 D shamp   : [TEA] [Domain: LTE_RRM] [Token: e8e85339] [Timestamp: 1764088127640]: Primary Cell Priority: 7, Total Neighbors: 12, Num High Priority Neighbors: 0
11-25 21:59:02.872  1335  1375 D shamp   : [TEA] [Domain: LTE DM] [Token: 9c07e879] [Timestamp: 1764088127644]: | 1_S |CC0 Mx0 Sc0| PCell SFN [ 988,4138 ], DL EARFCN [40, 39348], PCell ID [338], DL Bandwidth [ 5]
11-25 21:59:02.872  1335  1375 D shamp   : [TEA] [Domain: LTE_DM] [Token: b4155ea3] [Timestamp: 1764088127644]: |CC0 Mx0 Sc0| PCell SINR Avg: 11.48 RX Count: 2]
11-25 21:59:02.872  1335  1375 D shamp   : [TEA] [Domain: LTE DM] [Token: 9c07e879] [Timestamp: 1764088128787]: | 1_S |CC0 Mx0 Sc0| PCell SFN [ 988,5282 ], DL EARFCN [40, 39348], PCell ID [338], DL Bandwidth [ 5]
11-25 21:59:02.872  1335  1375 D shamp   : [TEA] [Domain: LTE_DM] [Token: b4155ea3] [Timestamp: 1764088128788]: |CC0 Mx0 Sc0| PCell SINR Avg: 9.72 RX Count: 2]
11-25 21:59:02.873  1335  1375 D shamp   : [TEA] [Domain: LTE_RRM] [Token: 48fb20ca] [Timestamp: 1764088128816]: Srxlev(8.81dB) S_NonIntraSearchP_Ind(1) S_NonIntraSearchP(8dB) LTERRM_S_NONINTRASEARCH_OFFSET(0dB)
11-25 21:59:02.873  1335  1375 D shamp   : [TEA] [Domain: LTE DM] [Token: 9c07e879] [Timestamp: 1764088130067]: | 1_S |CC0 Mx0 Sc0| PCell SFN [ 988,6561 ], DL EARFCN [40, 39348], PCell ID [338], DL Bandwidth [ 5]
11-25 21:59:02.873  1335  1375 D shamp   : [TEA] [Domain: LTE_DM] [Token: b4155ea3] [Timestamp: 1764088130067]: |CC0 Mx0 Sc0| PCell SINR Avg: 12.01 RX Count: 2]
11-25 21:59:02.873  1335  1375 D shamp   : [TEA] [Domain: LTE_RRM] [Token: 48fb20ca] [Timestamp: 1764088130070]: Srxlev(9.08dB) S_NonIntraSearchP_Ind(1) S_NonIntraSearchP(8dB) LTERRM_S_NONINTRASEARCH_OFFSET(0dB)
11-25 21:59:02.873  1335  1375 D shamp   : [TEA] [Domain: LTE DM] [Token: 9c07e879] [Timestamp: 1764088131348]: | 1_S |CC0 Mx0 Sc0| PCell SFN [ 988,7842 ], DL EARFCN [40, 39348], PCell ID [338], DL Bandwidth [ 5]
11-25 21:59:02.873  1335  1375 D shamp   : [TEA] [Domain: LTE_DM] [Token: b4155ea3] [Timestamp: 1764088131348]: |CC0 Mx0 Sc0| PCell SINR Avg: 9.15 RX Count: 2]
11-25 21:59:02.873  1335  1375 D shamp   : [TEA] [Domain: LTE_RRM] [Token: 48fb20ca] [Timestamp: 1764088131350]: Srxlev(8.86dB) S_NonIntraSearchP_Ind(1) S_NonIntraSearchP(8dB) LTERRM_S_NONINTRASEARCH_OFFSET(0dB)
11-25 21:59:02.873  1335  1375 D shamp   : [TEA] [Domain: LTE DM] [Token: 9c07e879] [Timestamp: 1764088132627]: | 1_S |CC0 Mx0 Sc0| PCell SFN [ 988,9121 ], DL EARFCN [40, 39348], PCell ID [338], DL Bandwidth [ 5]
11-25 21:59:02.873  1335  1375 D shamp   : [TEA] [Domain: LTE_DM] [Token: b4155ea3] [Timestamp: 1764088132627]: |CC0 Mx0 Sc0| PCell SINR Avg: 14.87 RX Count: 2]
11-25 21:59:02.873  1335  1375 D shamp   : [TEA] [Domain: LTE_RRM] [Token: 48fb20ca] [Timestamp: 1764088132630]: Srxlev(8.86dB) S_NonIntraSearchP_Ind(1) S_NonIntraSearchP(8dB) LTERRM_S_NONINTRASEARCH_OFFSET(0dB)
11-25 21:59:02.873  1335  1375 D shamp   : [TEA] [Domain: LTE DM] [Token: 9c07e879] [Timestamp: 1764088133907]: | 1_S |CC0 Mx0 Sc0| PCell SFN [ 988,162 ], DL EARFCN [40, 39348], PCell ID [338], DL Bandwidth [ 5]
11-25 21:59:02.873  1335  1375 D shamp   : [TEA] [Domain: LTE_DM] [Token: b4155ea3] [Timestamp: 1764088133907]: |CC0 Mx0 Sc0| PCell SINR Avg: 14.37 RX Count: 2]
11-25 21:59:02.873  1335  1375 D shamp   : [TEA] [Domain: LTE_RRM] [Token: 48fb20ca] [Timestamp: 1764088133932]: Srxlev(9.28dB) S_NonIntraSearchP_Ind(1) S_NonIntraSearchP(8dB) LTERRM_S_NONINTRASEARCH_OFFSET(0dB)
11-25 21:59:02.873  1335  1375 D shamp   : [TEA] [Domain: LTE DM] [Token: 9c07e879] [Timestamp: 1764088135187]: | 1_S |CC0 Mx0 Sc0| PCell SFN [ 988,1442 ], DL EARFCN [40, 39348], PCell ID [338], DL Bandwidth [ 5]
11-25 21:59:02.873  1335  1375 D shamp   : [TEA] [Domain: LTE_DM] [Token: b4155ea3] [Timestamp: 1764088135188]: |CC0 Mx0 Sc0| PCell SINR Avg: 9.85 RX Count: 2]
11-25 21:59:02.873  1335  1375 D shamp   : [TEA] [Domain: LTE_RRM] [Token: 48fb20ca] [Timestamp: 1764088135191]: Srxlev(9.35dB) S_NonIntraSearchP_Ind(1) S_NonIntraSearchP(8dB) LTERRM_S_NONINTRASEARCH_OFFSET(0dB)
11-25 21:59:02.873  1335  1375 D shamp   : [TEA] [Domain: LTE DM] [Token: 9c07e879] [Timestamp: 1764088136467]: | 1_S |CC0 Mx0 Sc0| PCell SFN [ 988,2722 ], DL EARFCN [40, 39348], PCell ID [338], DL Bandwidth [ 5]
11-25 21:59:02.873  1335  1375 D shamp   : [TEA] [Domain: LTE_DM] [Token: b4155ea3] [Timestamp: 1764088136468]: |CC0 Mx0 Sc0| PCell SINR Avg: 9.38 RX Count: 2]
11-25 21:59:02.873  1335  1375 D shamp   : [TEA] [Domain: LTE_RRM] [Token: 48fb20ca] [Timestamp: 1764088136471]: Srxlev(10.29dB) S_NonIntraSearchP_Ind(1) S_NonIntraSearchP(8dB) LTERRM_S_NONINTRASEARCH_OFFSET(0dB)
11-25 21:59:02.873  1335  1375 D shamp   : [TEA] [Domain: LTE DM] [Token: 9c07e879] [Timestamp: 1764088137747]: | 1_S |CC0 Mx0 Sc0| PCell SFN [ 988,4002 ], DL EARFCN [40, 39348], PCell ID [338], DL Bandwidth [ 5]
11-25 21:59:02.873  1335  1375 D shamp   : [TEA] [Domain: LTE_DM] [Token: b4155ea3] [Timestamp: 1764088137748]: |CC0 Mx0 Sc0| PCell SINR Avg: 9.57 RX Count: 2]
11-25 21:59:02.873  1335  1375 D shamp   : [TEA] [Domain: LTE_RRM] [Token: 48fb20ca] [Timestamp: 1764088137751]: Srxlev(10.94dB) S_NonIntraSearchP_Ind(1) S_NonIntraSearchP(8dB) LTERRM_S_NONINTRASEARCH_OFFSET(0dB)
11-25 21:59:02.873  1335  1375 D shamp   : [TEA] [Domain: LTE DM] [Token: 9c07e879] [Timestamp: 1764088139028]: | 1_S |CC0 Mx0 Sc0| PCell SFN [ 988,5282 ], DL EARFCN [40, 39348], PCell ID [338], DL Bandwidth [ 5]
11-25 21:59:02.874  1335  1375 D shamp   : [TEA] [Domain: LTE_DM] [Token: b4155ea3] [Timestamp: 1764088139028]: |CC0 Mx0 Sc0| PCell SINR Avg: 8.53 RX Count: 2]
11-25 21:59:02.874  1335  1375 D shamp   : [TEA] [Domain: LTE_RRM] [Token: 48fb20ca] [Timestamp: 1764088139052]: Srxlev(10.23dB) S_NonIntraSearchP_Ind(1) S_NonIntraSearchP(8dB) LTERRM_S_NONINTRASEARCH_OFFSET(0dB)
11-25 21:59:02.874  1335  1375 D shamp   : [TEA] [Domain: LTE DM] [Token: 9c07e879] [Timestamp: 1764088140308]: | 1_S |CC0 Mx0 Sc0| PCell SFN [ 988,6562 ], DL EARFCN [40, 39348], PCell ID [338], DL Bandwidth [ 5]
11-25 21:59:02.874  1335  1375 D shamp   : [TEA] [Domain: LTE_DM] [Token: b4155ea3] [Timestamp: 1764088140308]: |CC0 Mx0 Sc0| PCell SINR Avg: 11.53 RX Count: 2]
11-25 21:59:02.874  1335  1375 D shamp   : [TEA] [Domain: LTE_RRM] [Token: 48fb20ca] [Timestamp: 1764088140310]: Srxlev(12.37dB) S_NonIntraSearchP_Ind(1) S_NonIntraSearchP(8dB) LTERRM_S_NONINTRASEARCH_OFFSET(0dB)
11-25 21:59:02.874  1335  1375 D shamp   : [TEA] [Domain: LTE DM] [Token: 9c07e879] [Timestamp: 1764088141587]: | 1_S |CC0 Mx0 Sc0| PCell SFN [ 988,7842 ], DL EARFCN [40, 39348], PCell ID [338], DL Bandwidth [ 5]
11-25 21:59:02.874  1335  1375 D shamp   : [TEA] [Domain: LTE_DM] [Token: b4155ea3] [Timestamp: 1764088141588]: |CC0 Mx0 Sc0| PCell SINR Avg: 14.04 RX Count: 2]
11-25 21:59:02.874  1335  1375 D shamp   : [TEA] [Domain: LTE_RRM] [Token: 48fb20ca] [Timestamp: 1764088141590]: Srxlev(14.77dB) S_NonIntraSearchP_Ind(1) S_NonIntraSearchP(8dB) LTERRM_S_NONINTRASEARCH_OFFSET(0dB)
11-25 21:59:02.874  1335  1375 D shamp   : [TEA] [Domain: LTE DM] [Token: 9c07e879] [Timestamp: 1764088142867]: | 1_S |CC0 Mx0 Sc0| PCell SFN [ 988,9122 ], DL EARFCN [40, 39348], PCell ID [338], DL Bandwidth [ 5]
11-25 21:59:02.874  1335  1375 D shamp   : [TEA] [Domain: LTE_DM] [Token: b4155ea3] [Timestamp: 1764088142868]: |CC0 Mx0 Sc0| PCell SINR Avg: 9.91 RX Count: 2]
11-25 21:59:02.876  1335  1375 D shamp   : [TEA] [Domain: LTE_RRM] [Token: 48fb20ca] [Timestamp: 1764088142875]: Srxlev(13.57dB) S_NonIntraSearchP_Ind(1) S_NonIntraSearchP(8dB) LTERRM_S_NONINTRASEARCH_OFFSET(0dB)
11-25 21:59:03.463  1476  1476 D AOC     : A3:MSG: usf_sensor.cc, 1784: USF: Received start sampling request for TMD3733 Proximity (active:2).
11-25 21:59:03.463  1476  1476 D AOC     : A3:MSG: tmd3733_sensor.cc, 286: USF: TMD3733: Report new active state:0
11-25 21:59:03.463  1476  1476 D AOC     : A3:MSG: tmd3733_device.cc, 350: USF: TMD3733: StopSampling(type:0 err:0): client_count P/A+fakeA/F:0/1+1/0
11-25 21:59:03.465  1282  1328 I usf_sensor_hal: Received REPORT_SENSOR_ACTIVE_STATE_CHANGES event from 'TMD3733 Proximity' with state:kInactive and desired fps:0!
11-25 21:59:03.466   502 25581 D hwc-display: setMinIdleRefreshRate requester 0, fps 0
11-25 21:59:03.466  1267  1323 I CHRE    : @ 88634.275: [vice_ambient_light] OnAmbientLightTimerExpired: Sample timer expired
11-25 21:59:03.466   502 25581 I hwc-display: ExynosPrimaryDisplay::setMinIdleRefreshRate() writes min_vrefresh(0) to the sysfs node
11-25 21:59:03.467   502   561 I hwc-display: setRefreshRateThrottleNanos() requester(0) set delay to 0ns
11-25 21:59:03.468   502   561 I hwc-display: setDisplayIdleDelayNanos() writes idle_delay_ms(0) to the sysfs node (0x0)
11-25 21:59:03.764  2880  2880 I NotificationListener: received notification removed event - com.internet.speed.meter#UserHandle{0},category=-1
11-25 21:59:03.766  4338  5643 I AiAiEcho: SmartspaceNotificationPredictor no parser can handle this notification or notification is invalid
11-25 21:59:03.769  1267  1323 I CHRE    : @ 88634.575: [WallabyPD] 	Device (0x1)  >>> not-stationary  - not-in-pocket <<< Config: Default FCN 
11-25 21:59:03.769  1267  1323 I CHRE    : @ 88634.575: [Wallaby] PocketEvent Pos: 0x1 -> 0x1, IsHostAwake: 1
11-25 21:59:03.769  1267  1323 I CHRE    : @ 88634.575: [Wallaby] OnInferredProx: prox_state=kFar
11-25 21:59:03.769  1267  1323 I CHRE    : @ 88634.576: [WallabyPD] 	Device (0x1)  >>> not-stationary  - not-in-pocket <<< Config: Default FCN 
11-25 21:59:03.771  1267  1323 I CHRE    : @ 88634.576: [Wallaby] PocketEvent Pos: 0x1 -> 0x1, IsHostAwake: 1
11-25 21:59:03.771  1267  1323 I CHRE    : @ 88634.577: [Wallaby] OnInferredProx: prox_state=kFar
11-25 21:59:03.771  1267  1323 I CHRE    : @ 88634.578: [WallabyPD] 	Device (0x1)  >>> not-stationary  - not-in-pocket <<< Config: Default FCN 
11-25 21:59:03.771  1267  1323 I CHRE    : @ 88634.578: [Wallaby] PocketEvent Pos: 0x1 -> 0x1, IsHostAwake: 1
11-25 21:59:03.785  2534  2534 I SsBaseTemplateCard: setFormattedContentDescription: text=Clear day, iconDescription=Clear day, contentDescription=Clear day Clear day
11-25 21:59:03.785  2534  2534 D SsBaseTemplateCard: Passed-in item info is null
11-25 21:59:03.785  2534  2534 D SsBaseTemplateCard: Passed-in item info is null
11-25 21:59:04.762  1267  1323 D CHRE.HAL: Received a nanoapp message from 0x476f6f676c001041 endpoint 0x1: Type 0x110 size 6 
11-25 21:59:04.765  1267  1323 I CHRE    : @ 88635.574: [vice] Updating Ambient Light state from BRIGHT_FAR to DARK_FAR
11-25 21:59:04.765  1267  1323 I CHRE    : @ 88635.576: [WallabyPD] 	Device (0x1)  >>> not-stationary  - not-in-pocket <<< Config: Default FCN 
11-25 21:59:04.765  1267  1323 I CHRE    : @ 88635.576: [Wallaby] PocketEvent Pos: 0x1 -> 0x1, IsHostAwake: 1
11-25 21:59:04.765  1267  1323 I CHRE    : @ 88635.576: [Wallaby] OnInferredProx: prox_state=kFar
11-25 21:59:04.765  1267  1323 I CHRE    : @ 88635.577: [WallabyPD] 	Device (0x1)  >>> not-stationary  - not-in-pocket <<< Config: Default FCN 
11-25 21:59:04.765  1267  1323 I CHRE    : @ 88635.577: [Wallaby] PocketEvent Pos: 0x1 -> 0x1, IsHostAwake: 1
11-25 21:59:04.768  2706  2706 V AdaptiveHaptics: Vice: received message MESSAGE_TYPE_CONTEXT_UPDATE
11-25 21:59:04.774  2706  2706 I AdaptiveHaptics: Skip for same intensity INTENSITY_MEDIUM
11-25 21:59:04.774  2706  2706 I AdaptiveHaptics: State updated : Intensity : INTENSITY_MEDIUM
11-25 21:59:04.774  2706  2706 I AdaptiveHaptics:     Vice: 
11-25 21:59:04.774  2706  2706 I AdaptiveHaptics:       Capo: IN_MOTION
11-25 21:59:04.774  2706  2706 I AdaptiveHaptics:       AmbientVolume: QUIET
11-25 21:59:04.774  2706  2706 I AdaptiveHaptics:       AmbientLight: DARK
11-25 21:59:04.774  2706  2706 I AdaptiveHaptics:       Pocket: NOT_IN_POCKET
11-25 21:59:04.787  2880  2880 I NotificationListener: received notification removed event - com.internet.speed.meter#UserHandle{0},category=-1
11-25 21:59:04.788  4338  5643 I AiAiEcho: SmartspaceNotificationPredictor no parser can handle this notification or notification is invalid
11-25 21:59:04.793  2534  2534 I SsBaseTemplateCard: setFormattedContentDescription: text=Clear day, iconDescription=Clear day, contentDescription=Clear day Clear day
11-25 21:59:04.793  2534  2534 D SsBaseTemplateCard: Passed-in item info is null
11-25 21:59:04.793  2534  2534 D SsBaseTemplateCard: Passed-in item info is null
11-25 21:59:04.871  1267  1323 I CHRE    : @ 88635.683: [WallabyPD] 	Device (0x1)  >>> not-stationary  - not-in-pocket <<< Config: Default FCN 
11-25 21:59:04.871  1267  1323 I CHRE    : @ 88635.683: [Wallaby] PocketEvent Pos: 0x1 -> 0x1, IsHostAwake: 1
11-25 21:59:05.076  1308  3388 I WifiHAL : Creating message to get link statistics; iface = 47
11-25 21:59:05.176  1308  3388 I WifiHAL : index: 0 per_rate_size 32, data_rem_len 1152
11-25 21:59:05.176  1308  3388 I WifiHAL : index: 1 per_rate_size 32, data_rem_len 1120
11-25 21:59:05.176  1308  3388 I WifiHAL : index: 2 per_rate_size 32, data_rem_len 1088
11-25 21:59:05.176  1308  3388 I WifiHAL : index: 3 per_rate_size 32, data_rem_len 1056
11-25 21:59:05.176  1308  3388 I WifiHAL : index: 4 per_rate_size 32, data_rem_len 1024
11-25 21:59:05.176  1308  3388 I WifiHAL : index: 5 per_rate_size 32, data_rem_len 992
11-25 21:59:05.176  1308  3388 I WifiHAL : index: 6 per_rate_size 32, data_rem_len 960
11-25 21:59:05.176  1308  3388 I WifiHAL : index: 7 per_rate_size 32, data_rem_len 928
11-25 21:59:05.176  1308  3388 I WifiHAL : index: 8 per_rate_size 32, data_rem_len 896
11-25 21:59:05.176  1308  3388 I WifiHAL : index: 9 per_rate_size 32, data_rem_len 864
11-25 21:59:05.176  1308  3388 I WifiHAL : index: 10 per_rate_size 32, data_rem_len 832
11-25 21:59:05.176  1308  3388 I WifiHAL : index: 11 per_rate_size 32, data_rem_len 800
11-25 21:59:05.176  1308  3388 I WifiHAL : index: 12 per_rate_size 32, data_rem_len 768
11-25 21:59:05.176  1308  3388 I WifiHAL : index: 13 per_rate_size 32, data_rem_len 736
11-25 21:59:05.176  1308  3388 I WifiHAL : index: 14 per_rate_size 32, data_rem_len 704
11-25 21:59:05.176  1308  3388 I WifiHAL : index: 15 per_rate_size 32, data_rem_len 672
11-25 21:59:05.176  1308  3388 I WifiHAL : index: 16 per_rate_size 32, data_rem_len 640
11-25 21:59:05.176  1308  3388 I WifiHAL : index: 17 per_rate_size 32, data_rem_len 608
11-25 21:59:05.176  1308  3388 I WifiHAL : index: 18 per_rate_size 32, data_rem_len 576
11-25 21:59:05.176  1308  3388 I WifiHAL : index: 19 per_rate_size 32, data_rem_len 544
11-25 21:59:05.176  1308  3388 I WifiHAL : index: 20 per_rate_size 32, data_rem_len 512
11-25 21:59:05.176  1308  3388 I WifiHAL : index: 21 per_rate_size 32, data_rem_len 480
11-25 21:59:05.176  1308  3388 I WifiHAL : index: 22 per_rate_size 32, data_rem_len 448
11-25 21:59:05.176  1308  3388 I WifiHAL : index: 23 per_rate_size 32, data_rem_len 416
11-25 21:59:05.176  1308  3388 I WifiHAL : index: 24 per_rate_size 32, data_rem_len 384
11-25 21:59:05.176  1308  3388 I WifiHAL : index: 25 per_rate_size 32, data_rem_len 352
11-25 21:59:05.176  1308  3388 I WifiHAL : index: 26 per_rate_size 32, data_rem_len 320
11-25 21:59:05.176  1308  3388 I WifiHAL : index: 27 per_rate_size 32, data_rem_len 288
11-25 21:59:05.176  1308  3388 I WifiHAL : index: 28 per_rate_size 32, data_rem_len 256
11-25 21:59:05.176  1308  3388 I WifiHAL : index: 29 per_rate_size 32, data_rem_len 224
11-25 21:59:05.176  1308  3388 I WifiHAL : index: 30 per_rate_size 32, data_rem_len 192
11-25 21:59:05.176  1308  3388 I WifiHAL : index: 31 per_rate_size 32, data_rem_len 160
11-25 21:59:05.176  1308  3388 I WifiHAL : index: 32 per_rate_size 32, data_rem_len 128
11-25 21:59:05.176  1308  3388 I WifiHAL : index: 33 per_rate_size 32, data_rem_len 96
11-25 21:59:05.176  1308  3388 I WifiHAL : index: 34 per_rate_size 32, data_rem_len 64
11-25 21:59:05.176  1308  3388 I WifiHAL : index: 35 per_rate_size 32, data_rem_len 32
11-25 21:59:05.177  1308  3388 E libbinder.IPCThreadState: binder thread pool (1 threads) starved for 101 ms
11-25 21:59:05.180  1308  3388 I WifiHAL : Getting cached scan results, iface handle = 0xb400007434aca650
11-25 21:59:05.180  1308  3388 E WifiHAL : Creating message to get cached scan results
11-25 21:59:05.192  1308  3388 I WifiHAL : In GetCachedScanResultsCommand::handleResponse
11-25 21:59:05.263  1734  2436 D ConnectivityService: NetReassign [no changes] [c 4] [a 3] [i 6]
11-25 21:59:05.777  1476  1476 D AOC     : A3:MSG: usf_sensor.cc, 1784: USF: Received start sampling request for TMD3733 Proximity (active:1).
11-25 21:59:05.778  1476  1476 D AOC     : A3:MSG: tmd3733_hw.cc, 106: USF: TMD3733: vcsel_ma: 10.000000
11-25 21:59:05.780  1476  1476 D AOC     : A3:MSG: tmd3733_device.cc, 3186: USF: TMD3733: vsync_delay_usec: 12120
11-25 21:59:05.780  1476  1476 D AOC     : A3:MSG: tmd3733_device.cc, 783: USF: TMD3733: Skip baseline calibration (since-last:220939626658ns)
11-25 21:59:05.780  1476  1476 D AOC     : A3:MSG: tmd3733_sensor.cc, 286: USF: TMD3733: Report new active state:1
11-25 21:59:05.782  1282  1328 I usf_sensor_hal: Received REPORT_SENSOR_ACTIVE_STATE_CHANGES event from 'TMD3733 Proximity' with state:kActive and desired fps:0!
11-25 21:59:05.782   502   561 D hwc-display: setMinIdleRefreshRate requester 0, fps 30
11-25 21:59:05.783   502   561 I hwc-display: ExynosPrimaryDisplay::setMinIdleRefreshRate() writes min_vrefresh(30) to the sysfs node
11-25 21:59:05.783   502   561 I hwc-display: setRefreshRateThrottleNanos() requester(0) set delay to 1000000000ns
11-25 21:59:05.783   502   561 I hwc-display: setDisplayIdleDelayNanos() writes idle_delay_ms(1000) to the sysfs node (0x0)
11-25 21:59:05.783  1476  1476 D AOC     : A3:MSG: tmd3733_device.cc, 243: USF: TMD3733: StartSampling(type:0 err:0): client_count P/A+fakeA/F:1/1+1/0
11-25 21:59:05.784  1267  1323 I CHRE    : @ 88636.590: [WallabyPD] 	Device (0x1)  >>> not-stationary  - not-in-pocket <<< Config: Default FCN 
11-25 21:59:05.784  1267  1323 I CHRE    : @ 88636.590: [Wallaby] PocketEvent Pos: 0x1 -> 0x1, IsHostAwake: 1
11-25 21:59:05.784  1267  1323 I CHRE    : @ 88636.590: [Wallaby] >>>>>>>>>>>>>>>> Starting prox >>>>>>>>>>>>>>>>
11-25 21:59:05.785  1267  1323 I CHRE    : @ 88636.597: [WallabySM] ProxManager:Update: Ready --> Running, event=LightData, event_val=1
11-25 21:59:05.785  1267  1323 I CHRE    : @ 88636.598: [WallabyPD] 	Device (0x1)  >>> not-stationary  - not-in-pocket <<< Config: Default FCN 
11-25 21:59:05.785  1267  1323 I CHRE    : @ 88636.598: [Wallaby] PocketEvent Pos: 0x1 -> 0x1, IsHostAwake: 1
11-25 21:59:05.795  2880  2880 I NotificationListener: received notification removed event - com.internet.speed.meter#UserHandle{0},category=-1
11-25 21:59:05.798  1476  1476 D AOC     : A3:MSG: tmd3733_device.cc, 3367: USF: TMD3733: Prox State: FAR
11-25 21:59:05.803  1267  1323 I CHRE    : @ 88636.615: [WallabyPD] 	Device (0x1)  >>> not-stationary  - not-in-pocket <<< Config: Default FCN 
11-25 21:59:05.803  1267  1323 I CHRE    : @ 88636.615: [Wallaby] PocketEvent Pos: 0x1 -> 0x1, IsHostAwake: 1
11-25 21:59:05.806  4338  5643 I AiAiEcho: SmartspaceNotificationPredictor no parser can handle this notification or notification is invalid
11-25 21:59:05.815  2534  2534 I SsBaseTemplateCard: setFormattedContentDescription: text=Clear day, iconDescription=Clear day, contentDescription=Clear day Clear day
11-25 21:59:05.815  2534  2534 D SsBaseTemplateCard: Passed-in item info is null
11-25 21:59:05.815  2534  2534 D SsBaseTemplateCard: Passed-in item info is null
11-25 21:59:06.040  3306  3613 I twoshay.grippalm: Grip 0 ENTER  th-0.60 s 1.22 [ 1.03 0.85 2.50 7.00 0.39 4.05 ] c0,e1,E1 (15,9,94683,43430120952398)
11-25 21:59:06.044  1267  1323 D CHRE    : @ 88636.857: Parsed nanoapp message from host: app ID 0x476f6f676c00103b endpoint 0x8005 msgType 1 payload size 7
11-25 21:59:06.122  1291  2370 D AidlBufferPool: bufferpool2 0xb40000746657ca18 : 5(9319880 size) total buffers - 4(7455904 size) used buffers - 9496/9517 (recycle/alloc) - 160/9513 (fetch/transfer)
11-25 21:59:06.122  1291  2370 D AidlBufferPoolAcc: evictor expired: 1, evicted: 1
11-25 21:59:06.259  3306  3613 I twoshay.grippalm: Grip 0 LEAVE  th-3.20 s 1.71 [ 0.35 1.00 3.00 3.00 0.14 3.65 ] c0,e1,E51 (0,0,94734,43430343153204) 0.220s
11-25 21:59:06.263  1267  1323 D CHRE    : @ 88637.076: Parsed nanoapp message from host: app ID 0x476f6f676c00103b endpoint 0x8005 msgType 1 payload size 5
11-25 21:59:06.382  3136  3136 I SndPersonalSafety: (REDACTED) Peak of %f at %d, running m%d
11-25 21:59:06.473  2706  2923 D TemperatureStateSource: sequence=4325 actualDelay=10001
11-25 21:59:06.473  2706  2923 D TemperatureStateSource: Reading temperature: sequence=4326
11-25 21:59:06.481 18934 18934 I pixel-thermal: VIRTUAL-SKIN-MODEL: model_input: [29168.00 31906.00 29457.00 30815.00 30503.00 31015.00 32306.00 29168.00 ]
11-25 21:59:06.481 18934 18934 I native  : I0000 00:00:1764088146.481347   18934 thermal_tflite_wrapper.cc:261] ThermalTfliteInvoke
11-25 21:59:06.481 18934 18934 I pixel-thermal: VIRTUAL-SKIN-MODEL: model_output: [30229.6 ]
11-25 21:59:06.483 18934 18934 I pixel-thermal: VIRTUAL-SKIN-MODEL: predicted_value: [30229.6 ]
11-25 21:59:06.484 18934 18934 I pixel-thermal: Power data LPM_ACTIVE_RAILS_TRANS is under collecting
11-25 21:59:06.484 18934 18934 I pixel-thermal: ShutdownModePowerTrans data is under collecting
11-25 21:59:06.484 18934 18934 I pixel-thermal: Thermal sensor ShutdownModePowerTrans is under collecting
11-25 21:59:06.484 18934 18934 I pixel-thermal: Power data LPM_ACTIVE_RAILS_STEADY is under collecting
11-25 21:59:06.484 18934 18934 I pixel-thermal: ShutdownModePowerSteady data is under collecting
11-25 21:59:06.484 18934 18934 I pixel-thermal: Thermal sensor ShutdownModePowerSteady is under collecting
11-25 21:59:06.486 18934 18934 I pixel-thermal: VIRTUAL-SKIN:30.2279 raw data: VIRTUAL-SKIN:30227.9 VIRTUAL-SKIN-LEGACY:29753.6 VIRTUAL-SKIN-LEGACY-MODEL-DIFF:-475.949 VIRTUAL-SKIN-LEGACY-SHUTDOWN:0 VIRTUAL-SKIN-MODEL:30229.6 VIRTUAL-SKIN-MODEL-CLAMPED:30229.6 VIRTUAL-SKIN-MODEL-LEGACY-DIFF:475.949 VIRTUAL-SKIN-MODEL-UPDATED:30227.9 VIRTUAL-SKIN-MODEL-UPPER-CLAMPED:30229.6 VIRTUAL-SKIN-SUB-0:29753.6 VIRTUAL-SKIN-SUB-1:29131.7 VIRTUAL-SKIN-SUB-2:28111 VIRTUAL-SKIN-SUB-3:29740.4 VIRTUAL-SKIN-SUB-4:29676.4 VIRTUAL-SKIN-SUB-5:28711.3 VIRTUAL-SKIN-SUB-6:29729.3 VT_LEGACY_WEIGHT:0 VT_MODEL_WEIGHT:1 btmspkr_therm:29168 charging_therm:31906 disp_therm:29457 north_therm:30815 quiet_therm:30503 rfpa_therm:31015 soc_therm:32306 usb_pwr_therm:29168 
11-25 21:59:06.487  2706  2923 D TemperatureStateSource: getDeviceTemperatures: sequence=4326 deviceTemperatureType=3 temperatureSource=0 temperatures=[30.227892]
11-25 21:59:06.487  2706  2923 D BusinessScope: Enqueuing the block
11-25 21:59:06.488  2706  2917 D BusinessScope: Start running the #9120 block
11-25 21:59:06.488  2706  2923 D TemperatureStateSource: sequence=4326 waitTime=10000
11-25 21:59:06.489  2706  2917 D BusinessScope: Enqueuing the block
11-25 21:59:06.489  2706  2917 D ImpulseStateSource: Notify clients: 4559
11-25 21:59:06.489  2706  2917 D BusinessScope: Finish running the #9120 block
11-25 21:59:06.489  2706  2917 D BusinessScope: Start running the #9121 block
11-25 21:59:06.489  2706  2917 D BusinessScope: Finish running the #9121 block
11-25 21:59:06.747  1734  1895 I DisplayPowerController[0]: BrightnessEvent: brt=0.026033038(48.0%), nits=48.53399, lux=11.822519, reason=automatic, strat=AutomaticBrightnessStrategy, state=ON, stateReason=DEFAULT_POLICY, policy=BRIGHT, flags=, initBrt=0.033304803, rcmdBrt=0.026033038, preBrt=0.033304803, preLux=46.952236, lastReadLux=12.383332, wasShortTermModelActive=false, autoBrightness=true (default), unclampedBrt=0.026033038, hbmMax=0.33444074, hbmMode=off, thrmMax=1.0, rbcStrength=50, powerFactor=1.0, physDisp=Built-in Screen(local:4619827677550801152), logicalId=0, slowChange=true, rampSpeed=0.05
11-25 21:59:06.757  1734  1810 I BrightnessSynchronizer: [548] New Update 0.026033038(f) set brightness values:  8(i)
11-25 21:59:06.758  1734  1810 I BrightnessSynchronizer: Swallowing update of 8(i) by update: {[548] 0.026033038(f), mUpdatedTypes=1, mConfirmedTypes=1, mTimeUpdated=43430841}
11-25 21:59:06.758  1734  1810 I BrightnessSynchronizer: Completed Update: {[548] 0.026033038(f), mUpdatedTypes=1, mConfirmedTypes=1, mTimeUpdated=43430841}
11-25 21:59:06.759  2792  3310 I PixelDisplayManager: onDisplayChanged(Built-in Screen, 0, local:4619827677550801152): screenOn=true, hbmMode=0, br=0.026033038, product=DeviceProductInfo{name=Common Panel, manufacturerPnpId=GGL, productId=0, modelYear=null, manufactureDate=ManufactureDate{week=1, year=1990}, connectionToSinkType=1}
11-25 21:59:06.774   502   561 I hwc-display: path=drm, id=0, level=886, nits=61.333057, brightness=0.033179, DimmingOn=0, Hbm=0, LhbmOn=0, OpRate=0
11-25 21:59:06.790   502   561 I hwc-display: path=drm, id=0, level=884, nits=61.012890, brightness=0.032999, DimmingOn=0, Hbm=0, LhbmOn=0, OpRate=0
11-25 21:59:06.794  1267  1323 I CHRE    : @ 88637.606: [WallabyPD] 	Device (0x1)  >>> not-stationary  - not-in-pocket <<< Config: Default FCN 
11-25 21:59:06.794  1267  1323 I CHRE    : @ 88637.607: [Wallaby] PocketEvent Pos: 0x1 -> 0x1, IsHostAwake: 1
11-25 21:59:06.806  2880  2880 I NotificationListener: received notification removed event - com.internet.speed.meter#UserHandle{0},category=-1
11-25 21:59:06.807   502   561 I hwc-display: path=drm, id=0, level=882, nits=60.700748, brightness=0.032825, DimmingOn=0, Hbm=0, LhbmOn=0, OpRate=0
11-25 21:59:06.809  4338  5643 I AiAiEcho: SmartspaceNotificationPredictor no parser can handle this notification or notification is invalid
11-25 21:59:06.824   502   561 I hwc-display: path=drm, id=0, level=880, nits=60.389446, brightness=0.032651, DimmingOn=0, Hbm=0, LhbmOn=0, OpRate=0
11-25 21:59:06.825  2534  2534 I SsBaseTemplateCard: setFormattedContentDescription: text=Clear day, iconDescription=Clear day, contentDescription=Clear day Clear day
11-25 21:59:06.825  2534  2534 D SsBaseTemplateCard: Passed-in item info is null
11-25 21:59:06.826  2534  2534 D SsBaseTemplateCard: Passed-in item info is null
