11-25 21:58:38.328  1476  1476 D AOC     : A3:MSG: usf_sensor.cc, 1784: USF: Received start sampling request for ICM45631 Stationary Detect (active:1).
11-25 21:58:38.329  1476  1476 D AOC     : A3:MSG: icm456xy_device.cc, 414: USF: Icm456xyDevice: Sensor 4, period 640000000 ns, latency 0 ns.
11-25 21:58:38.329  1476  1476 D AOC     : A3:MSG: icm456xy_device.cc, 1369: USF: Icm456xyDevice: FIFO enabled: 1, ODR: 100, WM: 6, Intr: 17.
11-25 21:58:38.331  1476  1476 D AOC     : A3:MSG: motion_state_sensor.cc, 328: USF: MoSt: StationaryDetect sampling started with sampling ID 9930.
11-25 21:58:38.332  1476  1476 D AOC     : A3:MSG: usf_sensor.cc, 1784: USF: Received start sampling request for ICM45631 Accelerometer (active:6).
11-25 21:58:38.332  1476  1476 D AOC     : A3:MSG: icm456xy_device.cc, 414: USF: Icm456xyDevice: Sensor 0, period 10000000 ns, latency 86666666 ns.
11-25 21:58:38.332  1476  1476 D AOC     : A3:MSG: icm456xy_device.cc, 1369: USF: Icm456xyDevice: FIFO enabled: 1, ODR: 100, WM: 6, Intr: 17.
11-25 21:58:38.333  1476  1476 D AOC     : A3:MSG: vsc_controller.cc, 602: VSC: [Step Counter] stopSensorEvents: sensor 0x20002
11-25 21:58:38.334  1476  1476 D AOC     : A3:MSG: vsc_controller.cc, 584: VSC: [Step Counter] requestSensorEvents: sensor 0x10001, period=20 latency=1000ms.
11-25 21:58:38.337  1476  1476 D AOC     : A3:MSG: usf_sensor.cc, 1784: USF: Received start sampling request for ICM45631 Accelerometer (active:6).
11-25 21:58:38.338  1476  1476 D AOC     : A3:MSG: usf_sensor.cc, 1784: USF: Received start sampling request for ICM45631 FreeFall Detect (active:1).
11-25 21:58:38.339  1476  1476 D AOC     : A3:MSG: icm456xy_device.cc, 414: USF: Icm456xyDevice: Sensor 5, period 640000000 ns, latency 0 ns.
11-25 21:58:38.340  1476  1476 D AOC     : A3:MSG: icm456xy_device.cc, 1369: USF: Icm456xyDevice: FIFO enabled: 1, ODR: 100, WM: 6, Intr: 17.
11-25 21:58:38.343  1267  1323 I CHRE    : @ 88609.147: [AR] IDLE => ON
11-25 21:58:38.343  1267  1323 I CHRE    : @ 88609.150: [Capo] MD nanoapp declared in-motion at = 88609150431611
11-25 21:58:38.344  1476  1476 D AOC     : A3:MSG: usf_sensor.cc, 1784: USF: Received start sampling request for ICM45631 Stationary Detect (active:2).
11-25 21:58:38.344  1267  1323 I CHRE    : @ 88609.151: [CapoPD] PositionDetector mode change from 1 --> 2
11-25 21:58:38.347  1267  1323 I CHRE    : @ 88609.158: Received a sampling status update for one shot sensor ICM45631 FreeFall Detect
11-25 21:58:38.347  1267  1323 D CHRE.HAL: Received a nanoapp message from 0x476f6f676c001016 endpoint 0x6: Type 0x8003 size 1 
11-25 21:58:38.349  1267  1323 I CHRE    : @ 88609.160: Received a sampling status update for one shot sensor ICM45631 Stationary Detect
11-25 21:58:38.356  1267  1323 I CHRE    : @ 88609.168: [WallabyPD] 	Device (0x27)  >>> stationary faceup - in-pocket <<< Config: Default FCN 
11-25 21:58:38.356  1267  1323 I CHRE    : @ 88609.168: [Wallaby] PocketEvent Pos: 0x27 -> 0x27, IsHostAwake: 1
--------- beginning of system
11-25 21:58:38.367  1308  1308 I vendor.google.wifi_ext-service-vendor: Wifi: Setting SAR Scenario to 3
11-25 21:58:38.367  1308  1308 E WifiHAL : wifi_select_tx_power_scenario
11-25 21:58:38.388  2714  2714 D GRIL-S  : [4524]> UPDATE_DEVICE_STATE DeviceState: Usb:1, Wifi: 1, Wifi AP: 0, Earpiece: 0, Bluetooth: 1, Wireless charging: 0, Screen: 1, Camera: 0, 0, -, -, Motion: 1, Bluetooth tethering: 0, Voice: 0, Wifi 2.4G: 0, Radio: 1, Bluetooth connected: 0, Bluetooth media: 0, Wifi Band: 2, Wifi AP Band: 0, Wifi call: 0, mmWave: 0, mCellBackhaul: 0, mHallSensor: 0, mDozeStatus: 1, mAppClassInfo: 0, mWifiCapSensorStatus: 0, mCellCapSensorStatus: 0, mBesideHeadHandStatus: 0, mSpeakerStatus: 0, mProtectiveCaseStatus: 0, mWifiSettingStatus: 0, mGpsStatus: 0
11-25 21:58:38.418  1476  1476 D AOC     : A3:MSG: usf_sensor.cc, 1784: USF: Received start sampling request for TMD3733 Proximity (active:1).
11-25 21:58:38.419  1476  1476 D AOC     : A3:MSG: tmd3733_hw.cc, 106: USF: TMD3733: vcsel_ma: 10.000000
11-25 21:58:38.420  1476  1476 D AOC     : A3:MSG: tmd3733_device.cc, 3186: USF: TMD3733: vsync_delay_usec: 12120
11-25 21:58:38.422  1267  1323 I CHRE    : @ 88609.232: [Wallaby] >>>>>>>>>>>>>>>> Starting prox >>>>>>>>>>>>>>>>
11-25 21:58:38.422  1282  1328 I usf_sensor_hal: Received REPORT_SENSOR_ACTIVE_STATE_CHANGES event from 'TMD3733 Proximity' with state:kActive and desired fps:0!
11-25 21:58:38.423   502   581 D hwc-display: setMinIdleRefreshRate requester 0, fps 30
11-25 21:58:38.423  1476  1476 D AOC     : A3:MSG: tmd3733_device.cc, 783: USF: TMD3733: Skip baseline calibration (since-last:193580841499ns)
11-25 21:58:38.423  1476  1476 D AOC     : A3:MSG: tmd3733_sensor.cc, 286: USF: TMD3733: Report new active state:1
11-25 21:58:38.423  1476  1476 D AOC     : A3:MSG: tmd3733_device.cc, 243: USF: TMD3733: StartSampling(type:0 err:0): client_count P/A+fakeA/F:1/1+1/0
11-25 21:58:38.423   502   581 I hwc-display: ExynosPrimaryDisplay::setMinIdleRefreshRate() writes min_vrefresh(30) to the sysfs node
11-25 21:58:38.423   502   581 I hwc-display: setRefreshRateThrottleNanos() requester(0) set delay to 1000000000ns
11-25 21:58:38.423   502   581 I hwc-display: setDisplayIdleDelayNanos() writes idle_delay_ms(1000) to the sysfs node (0x0)
11-25 21:58:38.426  1267  1323 I CHRE    : @ 88609.238: [WallabySM] ProxManager:Update: Ready --> Running, event=LightData, event_val=1
11-25 21:58:38.426  1267  1323 I CHRE    : @ 88609.239: [WallabyPD] 	Device (0x27)  >>> stationary faceup - in-pocket <<< Config: Default FCN 
11-25 21:58:38.426  1267  1323 I CHRE    : @ 88609.239: [Wallaby] PocketEvent Pos: 0x27 -> 0x27, IsHostAwake: 1
11-25 21:58:38.442  1476  1476 D AOC     : A3:MSG: tmd3733_device.cc, 2356: USF: TMD3733: New STATUS interrupts fired (was:8 now:10)
11-25 21:58:38.443  1476  1476 D AOC     : A3:MSG: tmd3733_device.cc, 3367: USF: TMD3733: Prox State: FAR
11-25 21:58:38.445  1267  1323 D CHRE.HAL: Received a nanoapp message from 0x476f6f676c001041 endpoint 0x1: Type 0x110 size 6 
11-25 21:58:38.445  1267  1323 D CHRE.HAL: Received a nanoapp message from 0x476f6f676c00103b endpoint 0x2: Type 0x7ffffff5 size 25 
11-25 21:58:38.448  2714  3452 D GRIL-S  : [4524]< UPDATE_DEVICE_STATE 
11-25 21:58:38.448  1267  1323 I CHRE    : @ 88609.258: [vice] Updating Ambient Light state from DARK_NEAR to DARK_FAR
11-25 21:58:38.448  1267  1323 I CHRE    : @ 88609.259: [WallabyPD] 	Device (0x21)  >>> stationary faceup - not-in-pocket <<< Config: Default FCN 
11-25 21:58:38.448  1267  1323 I CHRE    : @ 88609.259: [Wallaby] PocketEvent Pos: 0x27 -> 0x21, IsHostAwake: 1
11-25 21:58:38.448  1267  1323 I CHRE    : @ 88609.259: [WallabyCL] ShouldSendResult: on any change, prior=0x27, now=0x21
11-25 21:58:38.452  2714  2714 D GRIL-BluetoothSar: setBluetoothModeBasedTxPowerCap invoked with parameters: chain0Cap:[60, 60, 60, 60] chain1Cap:[60, 60, 60, 60] beamformingCap:[58, 58, 58, 58, 58, 58, 58, 58]
11-25 21:58:38.452  1264  1302 I bthal.aidl.sar: setBluetoothModeBasedTxPowerCapPlusHR: 0 Chain 0 Power Cap:<br=60, edr=60, ble=60, hr=60>, Chain 1 Power Cap:<br=60, edr=60, ble=60, hr=60>, Beamforming Power Cap Chain 0: <br=58, edr=58, ble=58, hr=58>, Chain 1:<br=58, edr=58, ble=58, hr=58>
11-25 21:58:38.457  2706  2706 V AdaptiveHaptics: Vice: received message MESSAGE_TYPE_CONTEXT_UPDATE
11-25 21:58:38.457  1264  2219 I bthal.aidl.sar: OnEventReceive: (1) Recv Success VSE <[8]{14, 6, 1, 105, 254, 0, 15, 1}>
11-25 21:58:38.457  1264  2219 I bthal.flowcontrol: HciEventPreProcess: HCI Event 0xe Opcode 0xfe69 Length 8 handled by bthal.aidl.sar
11-25 21:58:38.460  2706  2706 V Endpoint: RpcCall[wallaby.WallabyService/Subscribe|channel=65538|active] received server stream with 7 B payload
11-25 21:58:38.461  2706  2706 I ContextualAwarenessService: earlyScreenTimeoutDetected: No.
11-25 21:58:38.463  2706  2706 I AdaptiveHaptics: Matched: STILLNESS       QUIET           
11-25 21:58:38.463  2706  2706 I AdaptiveHaptics: Skip for same intensity INTENSITY_LOW
11-25 21:58:38.463  2706  2706 I AdaptiveHaptics: State updated : Intensity : INTENSITY_LOW
11-25 21:58:38.463  2706  2706 I AdaptiveHaptics:     Vice: 
11-25 21:58:38.463  2706  2706 I AdaptiveHaptics:       Capo: STILLNESS
11-25 21:58:38.463  2706  2706 I AdaptiveHaptics:       AmbientVolume: QUIET
11-25 21:58:38.463  2706  2706 I AdaptiveHaptics:       AmbientLight: DARK
11-25 21:58:38.463  2706  2706 I AdaptiveHaptics:       Pocket: NOT_IN_POCKET
11-25 21:58:38.494  2880  2880 I NotificationListener: received notification removed event - com.internet.speed.meter#UserHandle{0},category=-1
11-25 21:58:38.500  4338  5643 I AiAiEcho: SmartspaceNotificationPredictor no parser can handle this notification or notification is invalid
11-25 21:58:38.509  2534  2534 I SsBaseTemplateCard: setFormattedContentDescription: text=Clear day, iconDescription=Clear day, contentDescription=Clear day Clear day
11-25 21:58:38.509  2534  2534 D SsBaseTemplateCard: Passed-in item info is null
11-25 21:58:38.509  2534  2534 D SsBaseTemplateCard: Passed-in item info is null
11-25 21:58:38.707  1476  1476 D AOC     : A3:MSG: usf_sensor.cc, 1784: USF: Received start sampling request for ICM45631 Gyroscope (active:2).
11-25 21:58:38.707  1476  1476 D AOC     : A3:MSG: icm456xy_device.cc, 414: USF: Icm456xyDevice: Sensor 1, period 5000000 ns, latency 66666666 ns.
11-25 21:58:38.708  1476  1476 D AOC     : A3:MSG: icm456xy_device.cc, 1369: USF: Icm456xyDevice: FIFO enabled: 1, ODR: 100, WM: 6, Intr: 17.
11-25 21:58:38.712  1476  1476 D AOC     : A3:MSG: usf_sensor.cc, 1784: USF: Received start sampling request for MMC5616 Magnetometer (active:2).
11-25 21:58:38.712  1476  1476 D AOC     : A3:MSG: mmc5616_device.cc, 448: USF: MMC56160: mmc5616_enable_measure odr = 100.
11-25 21:58:39.122  1476  1476 D AOC     : F1:MSG: controller.cc, 275: AudioInCtrl: cmd ID: 0x00f4, tag: 0xda [cntr = 7102]
11-25 21:58:39.122  1476  1476 D AOC     : F1:MSG: controller_audio_input.cc, 4364: Got Chre audio start cmd (input path = 0)
11-25 21:58:39.122  1476  1476 D AOC     : F1:MSG: audio_capture_pdm.cc, 448: Reconfig seamless
11-25 21:58:39.122  1476  1476 D AOC     : F1:MSG: audio_capture_pdm.cc, 563: Stream 4 restarted (ramp ON)
11-25 21:58:39.123  1476  1476 D AOC     : F1:MSG: chre_src.cc, 427: Set input source to 0
11-25 21:58:39.123  1476  1476 D AOC     : F1:TRC: hotword_input_processor.cc, 1008: Receive cmd: 0x84 (132)
11-25 21:58:39.123  1476  1476 D AOC     : F1:TRC: hotword_input_processor.cc, 1504: Finished cmd: 0x84 (132)
11-25 21:58:39.123  1476  1476 D AOC     : F1:MSG: controller.cc, 919: AudioInCtrl: ipc: C-Ch-AI, cmd ID: 0x00f4, tag: 0xda, rc: 0
11-25 21:58:39.126  1267  1323 I CHRE    : @ 88609.935: [vice_ambient_volume] SendMessageToAmbientVolume, message_type: 33281 to instance_id: 0x3
11-25 21:58:39.126  1267  1323 I CHRE    : @ 88609.935: [vice_ambient_volume] Ambient Volume enabled
11-25 21:58:39.126  1267  1323 I CHRE    : @ 88609.935: [AV] Client info registered: client endpoint 0x18, include_volume_history_seconds: transition=0 exposure=0
11-25 21:58:39.126  1267  1323 D CHRE    : @ 88609.937: request audio send: 0
11-25 21:58:39.126  1267  1323 I CHRE    : @ 88609.937: [AV] Requested audio from handle 0, status: 1
11-25 21:58:39.126  1267  1323 I CHRE    : @ 88609.938: [vice_ambient_volume] Received ACK from Ambient Volume for enable request
11-25 21:58:39.128  1476  1476 D AOC     : F1:MSG: chre_src.cc, 152: CHRE SRC Reset Requested
11-25 21:58:39.237  1267  1323 I CHRE    : @ 88610.048: [WallabyPD] 	Device (0x21)  >>> stationary faceup - not-in-pocket <<< Config: Default FCN 
11-25 21:58:39.237  1267  1323 I CHRE    : @ 88610.048: [Wallaby] PocketEvent Pos: 0x21 -> 0x21, IsHostAwake: 1
11-25 21:58:39.245  1267  1323 I CHRE    : @ 88610.057: [CapoPD] Enumerated Device Orientation found: 3, g=[-0.54 0.33 9.75]
11-25 21:58:39.245  1267  1323 I CHRE    : @ 88610.057: [CapoPD] Update stationary context: type=2, stationary=2, #orientation=1, orientation(top2)=[3, 0, ...]
11-25 21:58:39.321  1308  1308 I WifiHAL : Creating message to get link statistics; iface = 47
11-25 21:58:39.378  1267  1323 I CHRE    : @ 88610.189: [WallabyPD] 	Device (0x21)  >>> stationary faceup - not-in-pocket <<< Config: Default FCN 
11-25 21:58:39.378  1267  1323 I CHRE    : @ 88610.189: [Wallaby] PocketEvent Pos: 0x21 -> 0x21, IsHostAwake: 1
11-25 21:58:39.407  1476  1476 D AOC     : A3:MSG: tmd3733_device.cc, 3392: USF: TMD3733: Skip the first near sample.
11-25 21:58:39.441  1476  1476 D AOC     : A3:MSG: tmd3733_device.cc, 3397: USF: TMD3733: Prox State: NEAR
11-25 21:58:39.444  1267  1323 D CHRE.HAL: Received a nanoapp message from 0x476f6f676c001041 endpoint 0x1: Type 0x110 size 6 
11-25 21:58:39.445  1267  1323 I CHRE    : @ 88610.257: [vice] Updating Ambient Light state from DARK_FAR to DARK_NEAR
11-25 21:58:39.445  1267  1323 I CHRE    : @ 88610.258: [WallabyPD] 	Device (0x21)  >>> stationary faceup - not-in-pocket <<< Config: Default FCN 
11-25 21:58:39.445  1267  1323 I CHRE    : @ 88610.258: [Wallaby] PocketEvent Pos: 0x21 -> 0x21, IsHostAwake: 1
11-25 21:58:39.448  2706  2706 V AdaptiveHaptics: Vice: received message MESSAGE_TYPE_CONTEXT_UPDATE
11-25 21:58:39.450  2706  2706 I AdaptiveHaptics: Matched: STILLNESS       QUIET           
11-25 21:58:39.450  2706  2706 I AdaptiveHaptics: Skip for same intensity INTENSITY_LOW
11-25 21:58:39.450  2706  2706 I AdaptiveHaptics: State updated : Intensity : INTENSITY_LOW
11-25 21:58:39.450  2706  2706 I AdaptiveHaptics:     Vice: 
11-25 21:58:39.450  2706  2706 I AdaptiveHaptics:       Capo: STILLNESS
11-25 21:58:39.450  2706  2706 I AdaptiveHaptics:       AmbientVolume: QUIET
11-25 21:58:39.450  2706  2706 I AdaptiveHaptics:       AmbientLight: DARK_NEAR
11-25 21:58:39.450  2706  2706 I AdaptiveHaptics:       Pocket: IN_POCKET
11-25 21:58:39.459  1308  1308 I WifiHAL : index: 0 per_rate_size 32, data_rem_len 1152
11-25 21:58:39.459  1308  1308 I WifiHAL : index: 1 per_rate_size 32, data_rem_len 1120
11-25 21:58:39.459  1308  1308 I WifiHAL : index: 2 per_rate_size 32, data_rem_len 1088
11-25 21:58:39.459  1308  1308 I WifiHAL : index: 3 per_rate_size 32, data_rem_len 1056
11-25 21:58:39.459  1308  1308 I WifiHAL : index: 4 per_rate_size 32, data_rem_len 1024
11-25 21:58:39.459  1308  1308 I WifiHAL : index: 5 per_rate_size 32, data_rem_len 992
11-25 21:58:39.459  1308  1308 I WifiHAL : index: 6 per_rate_size 32, data_rem_len 960
11-25 21:58:39.459  1308  1308 I WifiHAL : index: 7 per_rate_size 32, data_rem_len 928
11-25 21:58:39.459  1308  1308 I WifiHAL : index: 8 per_rate_size 32, data_rem_len 896
11-25 21:58:39.459  1308  1308 I WifiHAL : index: 9 per_rate_size 32, data_rem_len 864
11-25 21:58:39.459  1308  1308 I WifiHAL : index: 10 per_rate_size 32, data_rem_len 832
11-25 21:58:39.459  1308  1308 I WifiHAL : index: 11 per_rate_size 32, data_rem_len 800
11-25 21:58:39.459  1308  1308 I WifiHAL : index: 12 per_rate_size 32, data_rem_len 768
11-25 21:58:39.459  1308  1308 I WifiHAL : index: 13 per_rate_size 32, data_rem_len 736
11-25 21:58:39.459  1308  1308 I WifiHAL : index: 14 per_rate_size 32, data_rem_len 704
11-25 21:58:39.459  1308  1308 I WifiHAL : index: 15 per_rate_size 32, data_rem_len 672
11-25 21:58:39.459  1308  1308 I WifiHAL : index: 16 per_rate_size 32, data_rem_len 640
11-25 21:58:39.459  1308  1308 I WifiHAL : index: 17 per_rate_size 32, data_rem_len 608
11-25 21:58:39.459  1308  1308 I WifiHAL : index: 18 per_rate_size 32, data_rem_len 576
11-25 21:58:39.459  1308  1308 I WifiHAL : index: 19 per_rate_size 32, data_rem_len 544
11-25 21:58:39.459  1308  1308 I WifiHAL : index: 20 per_rate_size 32, data_rem_len 512
11-25 21:58:39.459  1308  1308 I WifiHAL : index: 21 per_rate_size 32, data_rem_len 480
11-25 21:58:39.459  1308  1308 I WifiHAL : index: 22 per_rate_size 32, data_rem_len 448
11-25 21:58:39.459  1308  1308 I WifiHAL : index: 23 per_rate_size 32, data_rem_len 416
11-25 21:58:39.459  1308  1308 I WifiHAL : index: 24 per_rate_size 32, data_rem_len 384
11-25 21:58:39.459  1308  1308 I WifiHAL : index: 25 per_rate_size 32, data_rem_len 352
11-25 21:58:39.459  1308  1308 I WifiHAL : index: 26 per_rate_size 32, data_rem_len 320
11-25 21:58:39.459  1308  1308 I WifiHAL : index: 27 per_rate_size 32, data_rem_len 288
11-25 21:58:39.459  1308  1308 I WifiHAL : index: 28 per_rate_size 32, data_rem_len 256
11-25 21:58:39.459  1308  1308 I WifiHAL : index: 29 per_rate_size 32, data_rem_len 224
11-25 21:58:39.459  1308  1308 I WifiHAL : index: 30 per_rate_size 32, data_rem_len 192
11-25 21:58:39.459  1308  1308 I WifiHAL : index: 31 per_rate_size 32, data_rem_len 160
11-25 21:58:39.459  1308  1308 I WifiHAL : index: 32 per_rate_size 32, data_rem_len 128
11-25 21:58:39.459  1308  1308 I WifiHAL : index: 33 per_rate_size 32, data_rem_len 96
11-25 21:58:39.460  1308  1308 I WifiHAL : index: 34 per_rate_size 32, data_rem_len 64
11-25 21:58:39.460  1308  1308 I WifiHAL : index: 35 per_rate_size 32, data_rem_len 32
11-25 21:58:39.460  1308  1308 E libbinder.IPCThreadState: binder thread pool (1 threads) starved for 139 ms
11-25 21:58:39.461  1308  1308 I WifiHAL : Getting cached scan results, iface handle = 0xb400007434aca650
11-25 21:58:39.461  1308  1308 E WifiHAL : Creating message to get cached scan results
11-25 21:58:39.468  1308  1308 I WifiHAL : In GetCachedScanResultsCommand::handleResponse
11-25 21:58:39.504  2880  2880 I NotificationListener: received notification removed event - com.internet.speed.meter#UserHandle{0},category=-1
11-25 21:58:39.508  4338  5643 I AiAiEcho: SmartspaceNotificationPredictor no parser can handle this notification or notification is invalid
11-25 21:58:39.515  1734  2436 D ConnectivityService: NetReassign [no changes] [c 4] [a 3] [i 10]
11-25 21:58:39.525  2534  2534 I SsBaseTemplateCard: setFormattedContentDescription: text=Clear day, iconDescription=Clear day, contentDescription=Clear day Clear day
11-25 21:58:39.525  2534  2534 D SsBaseTemplateCard: Passed-in item info is null
11-25 21:58:39.525  2534  2534 D SsBaseTemplateCard: Passed-in item info is null
11-25 21:58:39.535  3107  4107 D IKE     : new IkeAlarmWithListener for IkeAlarmReceiver.ACTION_DPD
11-25 21:58:39.841  1335  1375 D shamp   : [TEA] [Domain: LTE DM] [Token: 9c07e879] [Timestamp: 1764088099479]: | 1_S |CC0 Mx0 Sc0| PCell SFN [ 988,6692 ], DL EARFCN [ 3, 1509], PCell ID [338], DL Bandwidth [ 3]
11-25 21:58:39.841  1335  1375 D shamp   : [TEA] [Domain: LTE_DM] [Token: b4155ea3] [Timestamp: 1764088099479]: |CC0 Mx0 Sc0| PCell SINR Avg: 6.81 RX Count: 2]
11-25 21:58:39.842  1335  1375 D shamp   : [TEA] [Domain: LTE_RRM] [Token: e8e85339] [Timestamp: 1764088099481]: Primary Cell Priority: 4, Total Neighbors: 12, Num High Priority Neighbors: 4
11-25 21:58:39.842  1335  1375 D shamp   : [TEA] [Domain: LTE DM] [Token: 9c07e879] [Timestamp: 1764088099485]: | 1_S |CC0 Mx0 Sc0| PCell SFN [ 988,6698 ], DL EARFCN [ 3, 1509], PCell ID [338], DL Bandwidth [ 3]
11-25 21:58:39.842  1335  1375 D shamp   : [TEA] [Domain: LTE_DM] [Token: b4155ea3] [Timestamp: 1764088099485]: |CC0 Mx0 Sc0| PCell SINR Avg: 9.13 RX Count: 2]
11-25 21:58:39.842  1335  1375 D shamp   : [TEA] [Domain: LTE DM] [Token: 9c07e879] [Timestamp: 1764088100638]: | 1_S |CC0 Mx0 Sc0| PCell SFN [ 988,7851 ], DL EARFCN [ 3, 1509], PCell ID [338], DL Bandwidth [ 3]
11-25 21:58:39.842  1335  1375 D shamp   : [TEA] [Domain: LTE_DM] [Token: b4155ea3] [Timestamp: 1764088100638]: |CC0 Mx0 Sc0| PCell SINR Avg: 5.18 RX Count: 2]
11-25 21:58:39.842  1335  1375 D shamp   : [TEA] [Domain: LTE_RRM] [Token: 48fb20ca] [Timestamp: 1764088100663]: Srxlev(15.50dB) S_NonIntraSearchP_Ind(1) S_NonIntraSearchP(14dB) LTERRM_S_NONINTRASEARCH_OFFSET(0dB)
11-25 21:58:39.842  1335  1375 D shamp   : [TEA] [Domain: LTE DM] [Token: 9c07e879] [Timestamp: 1764088101917]: | 1_S |CC0 Mx0 Sc0| PCell SFN [ 988,9130 ], DL EARFCN [ 3, 1509], PCell ID [338], DL Bandwidth [ 3]
11-25 21:58:39.842  1335  1375 D shamp   : [TEA] [Domain: LTE_DM] [Token: b4155ea3] [Timestamp: 1764088101917]: |CC0 Mx0 Sc0| PCell SINR Avg: 5.83 RX Count: 2]
11-25 21:58:39.842  1335  1375 D shamp   : [TEA] [Domain: LTE_RRM] [Token: 48fb20ca] [Timestamp: 1764088101919]: Srxlev(15.44dB) S_NonIntraSearchP_Ind(1) S_NonIntraSearchP(14dB) LTERRM_S_NONINTRASEARCH_OFFSET(0dB)
11-25 21:58:39.842  1335  1375 D shamp   : [TEA] [Domain: LTE DM] [Token: 9c07e879] [Timestamp: 1764088103197]: | 1_S |CC0 Mx0 Sc0| PCell SFN [ 988,170 ], DL EARFCN [ 3, 1509], PCell ID [338], DL Bandwidth [ 3]
11-25 21:58:39.842  1335  1375 D shamp   : [TEA] [Domain: LTE_DM] [Token: b4155ea3] [Timestamp: 1764088103197]: |CC0 Mx0 Sc0| PCell SINR Avg: 6.39 RX Count: 2]
11-25 21:58:39.842  1335  1375 D shamp   : [TEA] [Domain: LTE_RRM] [Token: 48fb20ca] [Timestamp: 1764088103199]: Srxlev(15.25dB) S_NonIntraSearchP_Ind(1) S_NonIntraSearchP(14dB) LTERRM_S_NONINTRASEARCH_OFFSET(0dB)
11-25 21:58:39.842  1335  1375 D shamp   : [TEA] [Domain: LTE DM] [Token: 9c07e879] [Timestamp: 1764088104477]: | 1_S |CC0 Mx0 Sc0| PCell SFN [ 988,1450 ], DL EARFCN [ 3, 1509], PCell ID [338], DL Bandwidth [ 3]
11-25 21:58:39.842  1335  1375 D shamp   : [TEA] [Domain: LTE_DM] [Token: b4155ea3] [Timestamp: 1764088104477]: |CC0 Mx0 Sc0| PCell SINR Avg: 5.80 RX Count: 2]
11-25 21:58:39.842  1335  1375 D shamp   : [TEA] [Domain: LTE_RRM] [Token: 48fb20ca] [Timestamp: 1764088104479]: Srxlev(15.28dB) S_NonIntraSearchP_Ind(1) S_NonIntraSearchP(14dB) LTERRM_S_NONINTRASEARCH_OFFSET(0dB)
11-25 21:58:39.842  1335  1375 D shamp   : [TEA] [Domain: LTE DM] [Token: 9c07e879] [Timestamp: 1764088105758]: | 1_S |CC0 Mx0 Sc0| PCell SFN [ 988,2731 ], DL EARFCN [ 3, 1509], PCell ID [338], DL Bandwidth [ 3]
11-25 21:58:39.842  1335  1375 D shamp   : [TEA] [Domain: LTE_DM] [Token: b4155ea3] [Timestamp: 1764088105758]: |CC0 Mx0 Sc0| PCell SINR Avg: 3.57 RX Count: 2]
11-25 21:58:39.842  1335  1375 D shamp   : [TEA] [Domain: LTE_RRM] [Token: 48fb20ca] [Timestamp: 1764088105779]: Srxlev(15.61dB) S_NonIntraSearchP_Ind(1) S_NonIntraSearchP(14dB) LTERRM_S_NONINTRASEARCH_OFFSET(0dB)
11-25 21:58:39.842  1335  1375 D shamp   : [TEA] [Domain: LTE DM] [Token: 9c07e879] [Timestamp: 1764088107037]: | 1_S |CC0 Mx0 Sc0| PCell SFN [ 988,4010 ], DL EARFCN [ 3, 1509], PCell ID [338], DL Bandwidth [ 3]
11-25 21:58:39.842  1335  1375 D shamp   : [TEA] [Domain: LTE_DM] [Token: b4155ea3] [Timestamp: 1764088107037]: |CC0 Mx0 Sc0| PCell SINR Avg: 6.71 RX Count: 2]
11-25 21:58:39.842  1335  1375 D shamp   : [TEA] [Domain: LTE_RRM] [Token: 48fb20ca] [Timestamp: 1764088107039]: Srxlev(15.94dB) S_NonIntraSearchP_Ind(1) S_NonIntraSearchP(14dB) LTERRM_S_NONINTRASEARCH_OFFSET(0dB)
11-25 21:58:39.842  1335  1375 D shamp   : [TEA] [Domain: LTE DM] [Token: 9c07e879] [Timestamp: 1764088107139]: | 1_S |CC0 Mx0 Sc0| PCell SFN [ 988,4112 ], DL EARFCN [ 3, 1509], PCell ID [338], DL Bandwidth [ 3]
11-25 21:58:39.842  1335  1375 D shamp   : [TEA] [Domain: LTE_DM] [Token: b4155ea3] [Timestamp: 1764088107139]: |CC0 Mx0 Sc0| PCell SINR Avg: 5.75 RX Count: 2]
11-25 21:58:39.842  1335  1375 D shamp   : [TEA] [Domain: LTE_RRM] [Token: e8e85339] [Timestamp: 1764088107141]: Primary Cell Priority: 4, Total Neighbors: 12, Num High Priority Neighbors: 4
11-25 21:58:39.843  1335  1375 D shamp   : [TEA] [Domain: LTE DM] [Token: 9c07e879] [Timestamp: 1764088107145]: | 1_S |CC0 Mx0 Sc0| PCell SFN [ 988,4118 ], DL EARFCN [ 3, 1509], PCell ID [338], DL Bandwidth [ 3]
11-25 21:58:39.843  1335  1375 D shamp   : [TEA] [Domain: LTE_DM] [Token: b4155ea3] [Timestamp: 1764088107145]: |CC0 Mx0 Sc0| PCell SINR Avg: 7.91 RX Count: 2]
11-25 21:58:39.843  1335  1375 D shamp   : [TEA] [Domain: LTE DM] [Token: 9c07e879] [Timestamp: 1764088108317]: | 1_S |CC0 Mx0 Sc0| PCell SFN [ 988,5290 ], DL EARFCN [ 3, 1509], PCell ID [338], DL Bandwidth [ 3]
11-25 21:58:39.843  1335  1375 D shamp   : [TEA] [Domain: LTE_DM] [Token: b4155ea3] [Timestamp: 1764088108317]: |CC0 Mx0 Sc0| PCell SINR Avg: 5.17 RX Count: 2]
11-25 21:58:39.843  1335  1375 D shamp   : [TEA] [Domain: LTE_RRM] [Token: 48fb20ca] [Timestamp: 1764088108343]: Srxlev(16.05dB) S_NonIntraSearchP_Ind(1) S_NonIntraSearchP(14dB) LTERRM_S_NONINTRASEARCH_OFFSET(0dB)
11-25 21:58:39.843  1335  1375 D shamp   : [TEA] [Domain: LTE DM] [Token: 9c07e879] [Timestamp: 1764088109597]: | 1_S |CC0 Mx0 Sc0| PCell SFN [ 988,6570 ], DL EARFCN [ 3, 1509], PCell ID [338], DL Bandwidth [ 3]
11-25 21:58:39.843  1335  1375 D shamp   : [TEA] [Domain: LTE_DM] [Token: b4155ea3] [Timestamp: 1764088109597]: |CC0 Mx0 Sc0| PCell SINR Avg: 4.45 RX Count: 2]
11-25 21:58:39.843  1335  1375 D shamp   : [TEA] [Domain: LTE_RRM] [Token: 48fb20ca] [Timestamp: 1764088109599]: Srxlev(15.79dB) S_NonIntraSearchP_Ind(1) S_NonIntraSearchP(14dB) LTERRM_S_NONINTRASEARCH_OFFSET(0dB)
11-25 21:58:39.843  1335  1375 D shamp   : [TEA] [Domain: LTE DM] [Token: 9c07e879] [Timestamp: 1764088110877]: | 1_S |CC0 Mx0 Sc0| PCell SFN [ 988,7850 ], DL EARFCN [ 3, 1509], PCell ID [338], DL Bandwidth [ 3]
11-25 21:58:39.843  1335  1375 D shamp   : [TEA] [Domain: LTE_DM] [Token: b4155ea3] [Timestamp: 1764088110877]: |CC0 Mx0 Sc0| PCell SINR Avg: 7.02 RX Count: 2]
11-25 21:58:39.843  1335  1375 D shamp   : [TEA] [Domain: LTE_RRM] [Token: 48fb20ca] [Timestamp: 1764088110879]: Srxlev(15.50dB) S_NonIntraSearchP_Ind(1) S_NonIntraSearchP(14dB) LTERRM_S_NONINTRASEARCH_OFFSET(0dB)
11-25 21:58:39.843  1335  1375 D shamp   : [TEA] [Domain: LTE DM] [Token: 9c07e879] [Timestamp: 1764088112158]: | 1_S |CC0 Mx0 Sc0| PCell SFN [ 988,9131 ], DL EARFCN [ 3, 1509], PCell ID [338], DL Bandwidth [ 3]
11-25 21:58:39.843  1335  1375 D shamp   : [TEA] [Domain: LTE_DM] [Token: b4155ea3] [Timestamp: 1764088112158]: |CC0 Mx0 Sc0| PCell SINR Avg: 6.45 RX Count: 2]
11-25 21:58:39.843  1335  1375 D shamp   : [TEA] [Domain: LTE_RRM] [Token: 48fb20ca] [Timestamp: 1764088112159]: Srxlev(15.54dB) S_NonIntraSearchP_Ind(1) S_NonIntraSearchP(14dB) LTERRM_S_NONINTRASEARCH_OFFSET(0dB)
11-25 21:58:39.843  1335  1375 D shamp   : [TEA] [Domain: LTE DM] [Token: 9c07e879] [Timestamp: 1764088113438]: | 1_S |CC0 Mx0 Sc0| PCell SFN [ 988,171 ], DL EARFCN [ 3, 1509], PCell ID [338], DL Bandwidth [ 3]
11-25 21:58:39.843  1335  1375 D shamp   : [TEA] [Domain: LTE_DM] [Token: b4155ea3] [Timestamp: 1764088113438]: |CC0 Mx0 Sc0| PCell SINR Avg: 5.80 RX Count: 2]
11-25 21:58:39.843  1335  1375 D shamp   : [TEA] [Domain: LTE_RRM] [Token: 48fb20ca] [Timestamp: 1764088113458]: Srxlev(15.48dB) S_NonIntraSearchP_Ind(1) S_NonIntraSearchP(14dB) LTERRM_S_NONINTRASEARCH_OFFSET(0dB)
11-25 21:58:39.843  1335  1375 D shamp   : [TEA] [Domain: LTE DM] [Token: 9c07e879] [Timestamp: 1764088114717]: | 1_S |CC0 Mx0 Sc0| PCell SFN [ 988,1451 ], DL EARFCN [ 3, 1509], PCell ID [338], DL Bandwidth [ 3]
11-25 21:58:39.843  1335  1375 D shamp   : [TEA] [Domain: LTE_DM] [Token: b4155ea3] [Timestamp: 1764088114717]: |CC0 Mx0 Sc0| PCell SINR Avg: 5.77 RX Count: 2]
11-25 21:58:39.843  1335  1375 D shamp   : [TEA] [Domain: LTE_RRM] [Token: 48fb20ca] [Timestamp: 1764088114719]: Srxlev(15.48dB) S_NonIntraSearchP_Ind(1) S_NonIntraSearchP(14dB) LTERRM_S_NONINTRASEARCH_OFFSET(0dB)
11-25 21:58:39.843  1335  1375 D shamp   : [TEA] [Domain: LTE DM] [Token: 9c07e879] [Timestamp: 1764088114838]: | 1_S |CC0 Mx0 Sc0| PCell SFN [ 988,1572 ], DL EARFCN [ 3, 1509], PCell ID [338], DL Bandwidth [ 3]
11-25 21:58:39.843  1335  1375 D shamp   : [TEA] [Domain: LTE_DM] [Token: b4155ea3] [Timestamp: 1764088114839]: |CC0 Mx0 Sc0| PCell SINR Avg: 5.27 RX Count: 2]
11-25 21:58:39.843  1335  1375 D shamp   : [TEA] [Domain: LTE_RRM] [Token: e8e85339] [Timestamp: 1764088114841]: Primary Cell Priority: 4, Total Neighbors: 12, Num High Priority Neighbors: 4
11-25 21:58:39.843  1335  1375 D shamp   : [TEA] [Domain: LTE DM] [Token: 9c07e879] [Timestamp: 1764088114845]: | 1_S |CC0 Mx0 Sc0| PCell SFN [ 988,1578 ], DL EARFCN [ 3, 1509], PCell ID [338], DL Bandwidth [ 3]
11-25 21:58:39.844  1335  1375 D shamp   : [TEA] [Domain: LTE_DM] [Token: b4155ea3] [Timestamp: 1764088114845]: |CC0 Mx0 Sc0| PCell SINR Avg: 7.87 RX Count: 2]
11-25 21:58:39.844  1335  1375 D shamp   : [TEA] [Domain: LTE DM] [Token: 9c07e879] [Timestamp: 1764088115997]: | 1_S |CC0 Mx0 Sc0| PCell SFN [ 988,2730 ], DL EARFCN [ 3, 1509], PCell ID [338], DL Bandwidth [ 3]
11-25 21:58:39.844  1335  1375 D shamp   : [TEA] [Domain: LTE_DM] [Token: b4155ea3] [Timestamp: 1764088115997]: |CC0 Mx0 Sc0| PCell SINR Avg: 6.57 RX Count: 2]
11-25 21:58:39.844  1335  1375 D shamp   : [TEA] [Domain: LTE_RRM] [Token: 48fb20ca] [Timestamp: 1764088116023]: Srxlev(15.54dB) S_NonIntraSearchP_Ind(1) S_NonIntraSearchP(14dB) LTERRM_S_NONINTRASEARCH_OFFSET(0dB)
11-25 21:58:39.844  1335  1375 D shamp   : [TEA] [Domain: LTE DM] [Token: 9c07e879] [Timestamp: 1764088117278]: | 1_S |CC0 Mx0 Sc0| PCell SFN [ 988,4011 ], DL EARFCN [ 3, 1509], PCell ID [338], DL Bandwidth [ 3]
11-25 21:58:39.844  1335  1375 D shamp   : [TEA] [Domain: LTE_DM] [Token: b4155ea3] [Timestamp: 1764088117278]: |CC0 Mx0 Sc0| PCell SINR Avg: 5.49 RX Count: 2]
11-25 21:58:39.844  1335  1375 D shamp   : [TEA] [Domain: LTE_RRM] [Token: 48fb20ca] [Timestamp: 1764088117279]: Srxlev(15.72dB) S_NonIntraSearchP_Ind(1) S_NonIntraSearchP(14dB) LTERRM_S_NONINTRASEARCH_OFFSET(0dB)
11-25 21:58:39.844  1335  1375 D shamp   : [TEA] [Domain: LTE DM] [Token: 9c07e879] [Timestamp: 1764088118557]: | 1_S |CC0 Mx0 Sc0| PCell SFN [ 988,5290 ], DL EARFCN [ 3, 1509], PCell ID [338], DL Bandwidth [ 3]
11-25 21:58:39.844  1335  1375 D shamp   : [TEA] [Domain: LTE_DM] [Token: b4155ea3] [Timestamp: 1764088118557]: |CC0 Mx0 Sc0| PCell SINR Avg: 2.85 RX Count: 2]
11-25 21:58:39.844  1335  1375 D shamp   : [TEA] [Domain: LTE_RRM] [Token: 48fb20ca] [Timestamp: 1764088118558]: Srxlev(15.62dB) S_NonIntraSearchP_Ind(1) S_NonIntraSearchP(14dB) LTERRM_S_NONINTRASEARCH_OFFSET(0dB)
11-25 21:58:39.844  1335  1375 D shamp   : [TEA] [Domain: LTE DM] [Token: 9c07e879] [Timestamp: 1764088119837]: | 1_S |CC0 Mx0 Sc0| PCell SFN [ 988,6570 ], DL EARFCN [ 3, 1509], PCell ID [338], DL Bandwidth [ 3]
11-25 21:58:39.844  1335  1375 D shamp   : [TEA] [Domain: LTE_DM] [Token: b4155ea3] [Timestamp: 1764088119837]: |CC0 Mx0 Sc0| PCell SINR Avg: 8.74 RX Count: 2]
11-25 21:58:39.844  1335  1375 D shamp   : [TEA] [Domain: LTE_RRM] [Token: 48fb20ca] [Timestamp: 1764088119839]: Srxlev(16.79dB) S_NonIntraSearchP_Ind(1) S_NonIntraSearchP(14dB) LTERRM_S_NONINTRASEARCH_OFFSET(0dB)
11-25 21:58:39.908  1476  1476 D AOC     : A3:MSG: tmd3733_device.cc, 3385: USF: TMD3733: Prox State: FAR
11-25 21:58:39.911  1267  1323 D CHRE.HAL: Received a nanoapp message from 0x476f6f676c001041 endpoint 0x1: Type 0x110 size 6 
11-25 21:58:39.912  1267  1323 I CHRE    : @ 88610.723: [vice] Updating Ambient Light state from DARK_NEAR to DARK_FAR
11-25 21:58:39.912  1267  1323 I CHRE    : @ 88610.725: [WallabyPD] 	Device (0x21)  >>> stationary faceup - not-in-pocket <<< Config: Default FCN 
11-25 21:58:39.912  1267  1323 I CHRE    : @ 88610.725: [Wallaby] PocketEvent Pos: 0x21 -> 0x21, IsHostAwake: 1
11-25 21:58:39.922  2706  2706 V AdaptiveHaptics: Vice: received message MESSAGE_TYPE_CONTEXT_UPDATE
11-25 21:58:39.925  2706  2706 I AdaptiveHaptics: Matched: STILLNESS       QUIET           
11-25 21:58:39.925  2706  2706 I AdaptiveHaptics: Skip for same intensity INTENSITY_LOW
11-25 21:58:39.925  2706  2706 I AdaptiveHaptics: State updated : Intensity : INTENSITY_LOW
11-25 21:58:39.925  2706  2706 I AdaptiveHaptics:     Vice: 
11-25 21:58:39.925  2706  2706 I AdaptiveHaptics:       Capo: STILLNESS
11-25 21:58:39.925  2706  2706 I AdaptiveHaptics:       AmbientVolume: QUIET
11-25 21:58:39.925  2706  2706 I AdaptiveHaptics:       AmbientLight: DARK
11-25 21:58:39.925  2706  2706 I AdaptiveHaptics:       Pocket: NOT_IN_POCKET
11-25 21:58:40.395  1267  1323 I CHRE    : @ 88611.207: [WallabyPD] 	Device (0x21)  >>> stationary faceup - not-in-pocket <<< Config: Default FCN 
11-25 21:58:40.395  1267  1323 I CHRE    : @ 88611.207: [Wallaby] PocketEvent Pos: 0x21 -> 0x21, IsHostAwake: 1
11-25 21:58:40.468  1267  1323 I CHRE    : @ 88611.279: [vice_ambient_light] Cancelling existing timer to start new timer from state 2
11-25 21:58:40.492  1476  1476 D AOC     : A3:MSG: tmd3733_device.cc, 3392: USF: TMD3733: Skip the first near sample.
11-25 21:58:40.518  2880  2880 I NotificationListener: received notification removed event - com.internet.speed.meter#UserHandle{0},category=-1
11-25 21:58:40.522  4338  5643 I AiAiEcho: SmartspaceNotificationPredictor no parser can handle this notification or notification is invalid
11-25 21:58:40.525  1476  1476 D AOC     : A3:MSG: tmd3733_device.cc, 3397: USF: TMD3733: Prox State: NEAR
11-25 21:58:40.527  1267  1323 D CHRE.HAL: Received a nanoapp message from 0x476f6f676c001041 endpoint 0x1: Type 0x110 size 6 
11-25 21:58:40.529  1267  1323 D CHRE.HAL: Received a nanoapp message from 0x476f6f676c00103b endpoint 0x2: Type 0x7ffffff5 size 25 
11-25 21:58:40.530  1267  1323 I CHRE    : @ 88611.340: [vice] Updating Ambient Light state from DARK_FAR to DARK_NEAR
11-25 21:58:40.530  1267  1323 I CHRE    : @ 88611.342: [WallabyPD] 	Device (0x27)  >>> stationary faceup - in-pocket <<< Config: Default FCN 
11-25 21:58:40.530  1267  1323 I CHRE    : @ 88611.342: [Wallaby] PocketEvent Pos: 0x21 -> 0x27, IsHostAwake: 1
11-25 21:58:40.530  1267  1323 I CHRE    : @ 88611.342: [WallabyCL] ShouldSendResult: on any change, prior=0x21, now=0x27
11-25 21:58:40.531  2706  2706 V AdaptiveHaptics: Vice: received message MESSAGE_TYPE_CONTEXT_UPDATE
11-25 21:58:40.533  2706  2706 I AdaptiveHaptics: Matched: STILLNESS       QUIET           
11-25 21:58:40.533  2706  2706 I AdaptiveHaptics: Skip for same intensity INTENSITY_LOW
11-25 21:58:40.533  2706  2706 I AdaptiveHaptics: State updated : Intensity : INTENSITY_LOW
11-25 21:58:40.533  2706  2706 I AdaptiveHaptics:     Vice: 
11-25 21:58:40.533  2706  2706 I AdaptiveHaptics:       Capo: STILLNESS
11-25 21:58:40.533  2706  2706 I AdaptiveHaptics:       AmbientVolume: QUIET
11-25 21:58:40.533  2706  2706 I AdaptiveHaptics:       AmbientLight: DARK_NEAR
11-25 21:58:40.533  2706  2706 I AdaptiveHaptics:       Pocket: IN_POCKET
11-25 21:58:40.534  2706  2706 V Endpoint: RpcCall[wallaby.WallabyService/Subscribe|channel=65538|active] received server stream with 7 B payload
11-25 21:58:40.535  2706  2706 I ContextualAwarenessService: earlyScreenTimeoutDetected: Yes.
11-25 21:58:40.541  2534  2534 I SsBaseTemplateCard: setFormattedContentDescription: text=Clear day, iconDescription=Clear day, contentDescription=Clear day Clear day
11-25 21:58:40.541  2534  2534 D SsBaseTemplateCard: Passed-in item info is null
11-25 21:58:40.541  2534  2534 D SsBaseTemplateCard: Passed-in item info is null
11-25 21:58:40.541  1734  1895 V DisplayPowerController[0]: Brightness [0.0] reason changing to: 'automatic [ dim ]', previous reason: 'automatic'.
11-25 21:58:40.541  1734  1895 I DisplayPowerController[0]: BrightnessEvent: brt=0.0(0.0%), nits=2.0, lux=11.544259, reason=automatic [ dim ], strat=AutomaticBrightnessStrategy, state=ON, stateReason=DEFAULT_POLICY, policy=DIM, flags=, initBrt=0.025853664, rcmdBrt=0.025853664, preBrt=0.0, preLux=0.0028315817, lastReadLux=1.8734173, wasShortTermModelActive=false, autoBrightness=true (default), unclampedBrt=0.025853664, hbmMax=0.33444074, hbmMode=off, thrmMax=1.0, rbcStrength=50, powerFactor=1.0, physDisp=Built-in Screen(local:4619827677550801152), logicalId=0, slowChange=false, rampSpeed=0.7047244
11-25 21:58:40.541  1734  1895 I DisplayPowerController[107]: BrightnessEvent: brt=0.0(0.0%), nits=-1.0, lux=-1.0, reason=manual, strat=FallbackBrightnessStrategy, state=ON, stateReason=DEFAULT_POLICY, policy=DIM, flags=, initBrt=0.0, rcmdBrt=NaN, preBrt=NaN, preLux=0.0, wasShortTermModelActive=false, autoBrightness=true (default), unclampedBrt=0.0, hbmMax=1.0, hbmMode=off, thrmMax=1.0, rbcStrength=-1, powerFactor=1.0, physDisp=studio.screen.sharing:0(virtual:com.android.shell,2000,studio.screen.sharing:0,105), logicalId=107, slowChange=false, rampSpeed=0.0
11-25 21:58:40.548  2792  3310 I PixelDisplayManager: onDisplayChanged(Built-in Screen, 0, local:4619827677550801152): screenOn=true, hbmMode=0, br=0.0, product=DeviceProductInfo{name=Common Panel, manufacturerPnpId=GGL, productId=0, modelYear=null, manufactureDate=ManufactureDate{week=1, year=1990}, connectionToSinkType=1}
11-25 21:58:40.549   499   499 I RefreshRateSelector: Display 4619827677550801152 policy changed
11-25 21:58:40.549   499   499 I RefreshRateSelector: Previous: {defaultModeId=1, allowGroupSwitching=false, primaryRanges={physical=[0.00 Hz, 120.00 Hz], render=[0.00 Hz, 120.00 Hz]}, appRequestRanges={physical=[0.00 Hz, 120.00 Hz], render=[0.00 Hz, 120.00 Hz]} idleScreenConfig=nullptr}
11-25 21:58:40.549   499   499 I RefreshRateSelector: Current:  DisplayManagerPolicy{defaultModeId=1, allowGroupSwitching=false, primaryRanges={physical=[120.00 Hz, 120.00 Hz], render=[0.00 Hz, 120.00 Hz]}, appRequestRanges={physical=[0.00 Hz, 120.00 Hz], render=[0.00 Hz, 120.00 Hz]} idleScreenConfig=nullptr}
11-25 21:58:40.549   499   499 I RefreshRateSelector: 15 mode changes were performed under the previous policy
11-25 21:58:40.549   499   499 D DisplayModeController: setDesiredMode 4619827677550801152 {mode={fps=120.00 Hz, modePtr={id=1, vsyncRate=120.00 Hz, peakRefreshRate=120.00 Hz}}, emitEvent=true, force=false}
11-25 21:58:40.552   502   581 D hwc-display: setActiveConfigWithConstraints:: PrimaryDisplay config(37) test(0)
11-25 21:58:40.552   502   581 I hwc-display: [PrimaryDisplay] setActiveConfigWithConstraints: config(37)
11-25 21:58:40.553  1734  1810 I DisplayDeviceRepository: Display device changed render timings: "Built-in Screen", renderFrameRate=60.0, presentationDeadlineNanos=11500000, appVsyncOffsetNanos=6233334, frameRateOverrides=[]
11-25 21:58:40.557  1310 30331 D DeviceHalAidl: [default] setParameters: parameters: "screen_state=on"
11-25 21:58:40.557  1734  1808 D WindowManager: DeferredDisplayUpdater: partially applying DisplayInfo(1080 x 2424) immediately
11-25 21:58:40.557  1257  1333 D ASvc::Module: updateScreenState: 1
11-25 21:58:40.557  1310 30331 D DeviceHalAidl: [r_submix] setParameters: parameters: "screen_state=on"
11-25 21:58:40.558  1257  1333 D AHAL_Module: updateScreenState: r_submix: 1
11-25 21:58:40.558  1310 30331 D DeviceHalAidl: [bluetooth] setParameters: parameters: "screen_state=on"
11-25 21:58:40.558  1257  1333 D AHAL_Module: updateScreenState: bluetooth: 1
11-25 21:58:40.568   502 25581 I hwc-display: path=drm, id=0, level=772, nits=45.373791, brightness=0.024253, DimmingOn=0, Hbm=0, LhbmOn=0, OpRate=0
11-25 21:58:40.568  1734  1810 I DisplayDeviceRepository: Display device changed render timings: "Built-in Screen", renderFrameRate=120.00001, presentationDeadlineNanos=11500000, appVsyncOffsetNanos=6233332, frameRateOverrides=[]
11-25 21:58:40.569  1310 30331 D DeviceHalAidl: [default] setParameters: parameters: "screen_state=on"
11-25 21:58:40.570  1257  1333 D ASvc::Module: updateScreenState: 1
11-25 21:58:40.570  1310 30331 D DeviceHalAidl: [r_submix] setParameters: parameters: "screen_state=on"
11-25 21:58:40.570  1257 17387 D AHAL_Module: updateScreenState: r_submix: 1
11-25 21:58:40.571  1310 30331 D DeviceHalAidl: [bluetooth] setParameters: parameters: "screen_state=on"
11-25 21:58:40.571  1734  1808 D WindowManager: DeferredDisplayUpdater: partially applying DisplayInfo(1080 x 2424) immediately
11-25 21:58:40.571  1257  1333 D AHAL_Module: updateScreenState: bluetooth: 1
11-25 21:58:40.577  1476  1476 D AOC     : A3:MSG: tmd3733_device.cc, 3186: USF: TMD3733: vsync_delay_usec: 4000
11-25 21:58:40.585   502   581 I hwc-display: path=drm, id=0, level=743, nits=41.679428, brightness=0.022187, DimmingOn=0, Hbm=0, LhbmOn=0, OpRate=0
11-25 21:58:40.601   502   581 I hwc-display: path=drm, id=0, level=713, nits=38.149513, brightness=0.020213, DimmingOn=0, Hbm=0, LhbmOn=0, OpRate=0
11-25 21:58:40.609   502   581 I hwc-display: path=drm, id=0, level=684, nits=34.781876, brightness=0.018329, DimmingOn=0, Hbm=0, LhbmOn=0, OpRate=0
11-25 21:58:40.626   502   581 I hwc-display: path=drm, id=0, level=655, nits=31.580961, brightness=0.016539, DimmingOn=0, Hbm=0, LhbmOn=0, OpRate=0
11-25 21:58:40.635   502 25581 I hwc-display: path=drm, id=0, level=640, nits=30.042171, brightness=0.015679, DimmingOn=0, Hbm=0, LhbmOn=0, OpRate=0
11-25 21:58:40.635  1476  1476 D AOC     : A3:MSG: tmd3733_device.cc, 3256: USF: TMD3733: dbv:684 luma:20 leak:0.04 rr:120 te2:0 status:1 op_hz:0 [0]
11-25 21:58:40.651   502 25581 I hwc-display: path=drm, id=0, level=610, nits=27.056797, brightness=0.014009, DimmingOn=0, Hbm=0, LhbmOn=0, OpRate=0
11-25 21:58:40.660   502 25581 I hwc-display: path=drm, id=0, level=595, nits=25.644751, brightness=0.013219, DimmingOn=0, Hbm=0, LhbmOn=0, OpRate=0
11-25 21:58:40.676   502 25581 I hwc-display: path=drm, id=0, level=565, nits=22.934423, brightness=0.011703, DimmingOn=0, Hbm=0, LhbmOn=0, OpRate=0
11-25 21:58:40.685   502 25581 I hwc-display: path=drm, id=0, level=551, nits=21.646982, brightness=0.010983, DimmingOn=0, Hbm=0, LhbmOn=0, OpRate=0
11-25 21:58:40.688  1476  1476 D AOC     : A3:MSG: tmd3733_device.cc, 3256: USF: TMD3733: dbv:565 luma:20 leak:0.03 rr:120 te2:0 status:1 op_hz:0 [1]
11-25 21:58:40.689  1476  1476 D AOC     : A3:MSG: tmd3733_device.cc, 3186: USF: TMD3733: vsync_delay_usec: 3300
11-25 21:58:40.701   502 25581 I hwc-display: path=drm, id=0, level=522, nits=19.189981, brightness=0.009609, DimmingOn=0, Hbm=0, LhbmOn=0, OpRate=0
11-25 21:58:40.709   502 25581 I hwc-display: path=drm, id=0, level=507, nits=18.020857, brightness=0.008955, DimmingOn=0, Hbm=0, LhbmOn=0, OpRate=0
11-25 21:58:40.726   502 25581 I hwc-display: path=drm, id=0, level=477, nits=15.806013, brightness=0.007717, DimmingOn=0, Hbm=0, LhbmOn=0, OpRate=0
11-25 21:58:40.734   502 25581 I hwc-display: path=drm, id=0, level=463, nits=14.758192, brightness=0.007131, DimmingOn=0, Hbm=0, LhbmOn=0, OpRate=0
11-25 21:58:40.751   502 25581 I hwc-display: path=drm, id=0, level=433, nits=12.791189, brightness=0.006031, DimmingOn=0, Hbm=0, LhbmOn=0, OpRate=0
11-25 21:58:40.760   502 25581 I hwc-display: path=drm, id=0, level=418, nits=11.870729, brightness=0.005516, DimmingOn=0, Hbm=0, LhbmOn=0, OpRate=0
11-25 21:58:40.776   502 25581 I hwc-display: path=drm, id=0, level=390, nits=10.151293, brightness=0.004554, DimmingOn=0, Hbm=0, LhbmOn=0, OpRate=0
11-25 21:58:40.785   502 25581 I hwc-display: path=drm, id=0, level=376, nits=9.353007, brightness=0.004108, DimmingOn=0, Hbm=0, LhbmOn=0, OpRate=0
11-25 21:58:40.795  1476  1476 D AOC     : A3:MSG: tmd3733_device.cc, 3256: USF: TMD3733: dbv:390 luma:20 leak:0.02 rr:120 te2:0 status:1 op_hz:0 [0]
11-25 21:58:40.801   502 25581 I hwc-display: path=drm, id=0, level=346, nits=7.880002, brightness=0.003284, DimmingOn=0, Hbm=0, LhbmOn=0, OpRate=0
11-25 21:58:40.808  1476  1476 D AOC     : A3:MSG: tmd3733_device.cc, 3385: USF: TMD3733: Prox State: FAR
11-25 21:58:40.810   502 25581 I hwc-display: path=drm, id=0, level=333, nits=7.205378, brightness=0.002907, DimmingOn=0, Hbm=0, LhbmOn=0, OpRate=0
11-25 21:58:40.811  1267  1323 D CHRE.HAL: Received a nanoapp message from 0x476f6f676c001041 endpoint 0x1: Type 0x110 size 6 
11-25 21:58:40.813  1267  1323 I CHRE    : @ 88611.623: [vice] Updating Ambient Light state from DARK_NEAR to DARK_FAR
11-25 21:58:40.813  1267  1323 I CHRE    : @ 88611.625: [WallabyPD] 	Device (0x21)  >>> stationary faceup - not-in-pocket <<< Config: Default FCN 
11-25 21:58:40.813  1267  1323 I CHRE    : @ 88611.625: [Wallaby] PocketEvent Pos: 0x27 -> 0x21, IsHostAwake: 1
11-25 21:58:40.813  1267  1323 I CHRE    : @ 88611.625: [WallabyCL] ShouldSendResult: on any change, prior=0x27, now=0x21
11-25 21:58:40.814  1267  1323 D CHRE.HAL: Received a nanoapp message from 0x476f6f676c00103b endpoint 0x2: Type 0x7ffffff5 size 25 
11-25 21:58:40.823  2706  2706 V AdaptiveHaptics: Vice: received message MESSAGE_TYPE_CONTEXT_UPDATE
11-25 21:58:40.825  2706  2706 I AdaptiveHaptics: Matched: STILLNESS       QUIET           
11-25 21:58:40.825  2706  2706 I AdaptiveHaptics: Skip for same intensity INTENSITY_LOW
11-25 21:58:40.825  2706  2706 I AdaptiveHaptics: State updated : Intensity : INTENSITY_LOW
11-25 21:58:40.825  2706  2706 I AdaptiveHaptics:     Vice: 
11-25 21:58:40.825  2706  2706 I AdaptiveHaptics:       Capo: STILLNESS
11-25 21:58:40.825  2706  2706 I AdaptiveHaptics:       AmbientVolume: QUIET
11-25 21:58:40.825  2706  2706 I AdaptiveHaptics:       AmbientLight: DARK
11-25 21:58:40.825  2706  2706 I AdaptiveHaptics:       Pocket: NOT_IN_POCKET
11-25 21:58:40.826  2706  2706 V Endpoint: RpcCall[wallaby.WallabyService/Subscribe|channel=65538|active] received server stream with 7 B payload
11-25 21:58:40.826  2706  2706 I ContextualAwarenessService: earlyScreenTimeoutDetected: No.
11-25 21:58:40.828   502 25581 I hwc-display: path=drm, id=0, level=306, nits=5.980084, brightness=0.002221, DimmingOn=0, Hbm=0, LhbmOn=0, OpRate=0
11-25 21:58:40.833  1734  1895 V DisplayPowerController[0]: Brightness [0.025853664] reason changing to: 'automatic', previous reason: 'automatic [ dim ]'.
11-25 21:58:40.833  1734  1895 I DisplayPowerController[0]: BrightnessEvent: brt=0.025853664(48.0%), nits=48.213444, lux=11.544259, reason=automatic, strat=AutomaticBrightnessStrategy, state=ON, stateReason=DEFAULT_POLICY, policy=BRIGHT, flags=, initBrt=0.0, rcmdBrt=0.025853664, preBrt=0.0, preLux=0.0028315817, lastReadLux=0.30103734, wasShortTermModelActive=false, autoBrightness=true (default), unclampedBrt=0.025853664, hbmMax=0.33444074, hbmMode=off, thrmMax=1.0, rbcStrength=50, powerFactor=1.0, physDisp=Built-in Screen(local:4619827677550801152), logicalId=0, slowChange=false, rampSpeed=0.7047244
11-25 21:58:40.835   502 25581 I hwc-display: path=drm, id=0, level=292, nits=5.429385, brightness=0.001913, DimmingOn=0, Hbm=0, LhbmOn=0, OpRate=0
11-25 21:58:40.836  1734  1895 I DisplayPowerController[107]: BrightnessEvent: brt=0.0(0.0%), nits=-1.0, lux=-1.0, reason=manual, strat=FallbackBrightnessStrategy, state=ON, stateReason=DEFAULT_POLICY, policy=BRIGHT, flags=, initBrt=0.0, rcmdBrt=NaN, preBrt=NaN, preLux=0.0, wasShortTermModelActive=false, autoBrightness=true (default), unclampedBrt=0.0, hbmMax=1.0, hbmMode=off, thrmMax=1.0, rbcStrength=-1, powerFactor=1.0, physDisp=studio.screen.sharing:0(virtual:com.android.shell,2000,studio.screen.sharing:0,105), logicalId=107, slowChange=false, rampSpeed=0.0
11-25 21:58:40.844   499   499 I RefreshRateSelector: Display 4619827677550801152 policy changed
11-25 21:58:40.844   499   499 I RefreshRateSelector: Previous: {defaultModeId=1, allowGroupSwitching=false, primaryRanges={physical=[120.00 Hz, 120.00 Hz], render=[0.00 Hz, 120.00 Hz]}, appRequestRanges={physical=[0.00 Hz, 120.00 Hz], render=[0.00 Hz, 120.00 Hz]} idleScreenConfig=nullptr}
11-25 21:58:40.844   499   499 I RefreshRateSelector: Current:  DisplayManagerPolicy{defaultModeId=1, allowGroupSwitching=false, primaryRanges={physical=[0.00 Hz, 120.00 Hz], render=[0.00 Hz, 120.00 Hz]}, appRequestRanges={physical=[0.00 Hz, 120.00 Hz], render=[0.00 Hz, 120.00 Hz]} idleScreenConfig=nullptr}
11-25 21:58:40.844   499   499 I RefreshRateSelector: 1 mode changes were performed under the previous policy
11-25 21:58:40.844   499   499 D DisplayModeController: setDesiredMode 4619827677550801152 {mode={fps=120.00 Hz, modePtr={id=1, vsyncRate=120.00 Hz, peakRefreshRate=120.00 Hz}}, emitEvent=true, force=false}
11-25 21:58:40.846  2792  3310 I PixelDisplayManager: onDisplayChanged(Built-in Screen, 0, local:4619827677550801152): screenOn=true, hbmMode=0, br=0.025853664, product=DeviceProductInfo{name=Common Panel, manufacturerPnpId=GGL, productId=0, modelYear=null, manufactureDate=ManufactureDate{week=1, year=1990}, connectionToSinkType=1}
11-25 21:58:40.852   502 25581 I hwc-display: path=drm, id=0, level=319, nits=6.572192, brightness=0.002552, DimmingOn=0, Hbm=0, LhbmOn=0, OpRate=0
11-25 21:58:40.861   502 25581 I hwc-display: path=drm, id=0, level=333, nits=7.205446, brightness=0.002907, DimmingOn=0, Hbm=0, LhbmOn=0, OpRate=0
11-25 21:58:40.877   502 25581 I hwc-display: path=drm, id=0, level=361, nits=8.595952, brightness=0.003684, DimmingOn=0, Hbm=0, LhbmOn=0, OpRate=0
11-25 21:58:40.885   502 25581 I hwc-display: path=drm, id=0, level=376, nits=9.352521, brightness=0.004107, DimmingOn=0, Hbm=0, LhbmOn=0, OpRate=0
11-25 21:58:40.890  1476  1476 D AOC     : A3:MSG: tmd3733_device.cc, 3051: USF: TMD3733: [ALS]sync_delay_adjustment: 1300000
11-25 21:58:40.902   502   581 I hwc-display: path=drm, id=0, level=404, nits=10.989302, brightness=0.005023, DimmingOn=0, Hbm=0, LhbmOn=0, OpRate=0
11-25 21:58:40.910   502 25581 I hwc-display: path=drm, id=0, level=418, nits=11.869400, brightness=0.005515, DimmingOn=0, Hbm=0, LhbmOn=0, OpRate=0
11-25 21:58:40.927   502 25581 I hwc-display: path=drm, id=0, level=448, nits=13.753828, brightness=0.006569, DimmingOn=0, Hbm=0, LhbmOn=0, OpRate=0
11-25 21:58:40.935   502 25581 I hwc-display: path=drm, id=0, level=463, nits=14.758072, brightness=0.007131, DimmingOn=0, Hbm=0, LhbmOn=0, OpRate=0
11-25 21:58:40.952   502 25581 I hwc-display: path=drm, id=0, level=491, nits=16.889137, brightness=0.008322, DimmingOn=0, Hbm=0, LhbmOn=0, OpRate=0
11-25 21:58:40.960   502 25581 I hwc-display: path=drm, id=0, level=506, nits=18.016560, brightness=0.008953, DimmingOn=0, Hbm=0, LhbmOn=0, OpRate=0
11-25 21:58:40.977   502 25581 I hwc-display: path=drm, id=0, level=536, nits=20.395493, brightness=0.010283, DimmingOn=0, Hbm=0, LhbmOn=0, OpRate=0
11-25 21:58:40.985   502 25581 I hwc-display: path=drm, id=0, level=551, nits=21.648130, brightness=0.010984, DimmingOn=0, Hbm=0, LhbmOn=0, OpRate=0
11-25 21:58:41.002   502 25581 I hwc-display: path=drm, id=0, level=580, nits=24.275314, brightness=0.012453, DimmingOn=0, Hbm=0, LhbmOn=0, OpRate=0
